{'top_impressions': [{'name': 'Moudjahid Moussa', 'date': '2023-11-27', 'followers': 369, 'impressions': 968, 'engagement_rate': 0.0811, 'num_videos': 1, 'num_images': 2, 'num_carousels': 1, 'impressions_embedding': [0.01523442193865776, 0.025981493294239044, 0.007286591921001673, 0.031101670116186142, -0.0012898215791210532, 0.0023912691976875067, -0.03249795362353325, 0.02790447697043419, -0.016720470041036606, 0.009659437462687492, 0.02316635474562645, -0.023853866383433342, 0.03001280687749386, -0.02351495809853077, 0.009237228892743587, 0.06135706603527069, -0.025299131870269775, 0.03173777461051941, 0.04708812013268471, 0.014025001786649227, -0.027689190581440926, 0.017292536795139313, -0.012023216113448143, -0.0033590449020266533, -0.04164697229862213, 0.035626523196697235, 0.019034434109926224, -0.003205274697393179, 0.010445674881339073, -0.003034378867596388, -0.015281018801033497, -0.01558548305183649, 0.019205497577786446, 0.05808145925402641, 1.841646621869586e-06, -0.040113043040037155, 0.01540630403906107, 0.01068807952105999, -0.05631143972277641, -0.007597669493407011, 0.01046855840831995, 0.07560130953788757, -0.010980363003909588, 0.01153480727225542, 0.031772226095199585, -0.05530654639005661, 0.021858645603060722, -0.04482182860374451, 0.055593375116586685, 0.007015117444097996, -0.0020201231818646193, -0.03911157324910164, -0.0007805619388818741, -0.02842906303703785, 0.01944391243159771, 0.01139297429472208, 0.011900555342435837, 0.003574944566935301, -0.07596196234226227, -0.041115518659353256, 0.0026463607791811228, -0.0016374854603782296, -0.021756554022431374, -0.04762900248169899, -0.05496687814593315, 0.005122891627252102, -0.07876282930374146, -0.061751868575811386, 0.05319557338953018, 0.02567332610487938, 0.03423086553812027, 0.03916935250163078, 0.007704649120569229, 0.05759836360812187, -0.0024538165889680386, 0.004793847445398569, 0.024276457726955414, -0.007052458822727203, 0.0015566782094538212, -0.04156213998794556, -0.055777888745069504, -0.006805408280342817, 0.025280704721808434, -0.05526721104979515, 0.002323730615898967, -0.04865269362926483, 0.013265091925859451, 0.003693372942507267, 0.04631464555859566, -0.0037338812835514545, 0.02140507474541664, -0.05514278635382652, -0.03917912393808365, 0.061017923057079315, -0.01866992935538292, 0.010926554910838604, 0.020096754655241966, -0.025450827553868294, 0.029501596465706825, -0.11976442486047745, 0.01872234418988228, 0.06163962930440903, 0.026213418692350388, 0.008519950322806835, -0.010125232860445976, 0.02116311714053154, 0.00961413886398077, 0.029698120430111885, -0.024705693125724792, 0.0498359240591526, -0.027604715898633003, -0.006307524628937244, -0.028108078986406326, 0.007006723899394274, 0.07963815331459045, 0.04441651701927185, 0.030240541324019432, 0.020878877490758896, -0.017120685428380966, 0.06740298867225647, 0.005165172275155783, -0.031053131446242332, 0.02551162801682949, -3.9274327718885615e-05, -0.02528899535536766, -0.03299180418252945, -0.055948492139577866, -0.030102305114269257, -0.023703327402472496, -0.006429610773921013, -0.03182360157370567, -0.03132103383541107, -0.01182128582149744, -0.03629296272993088, 0.0026284526102244854, -0.028942976146936417, -0.028954491019248962, 0.03232733532786369, 0.07446134090423584, -0.07060212641954422, 0.007412291131913662, -0.0352473221719265, 0.023609422147274017, 0.0011113586369901896, 0.00042835355270653963, 0.020038263872265816, -0.008026723749935627, 0.025746246799826622, 0.02383282408118248, 0.002959465142339468, -0.00859321653842926, -0.04380548745393753, -0.0420805998146534, -0.0025934933219105005, 0.020057719200849533, -0.02190447971224785, 0.08467987924814224, 0.0010613539488986135, -0.018117737025022507, -0.0389227569103241, -0.034131962805986404, -0.06291747093200684, -0.019812418147921562, 0.020373070612549782, 0.052016038447618484, 0.02863476239144802, -0.07435204833745956, 0.03018702007830143, -0.00890424195677042, 0.03337521106004715, -0.08016831427812576, -0.017782602459192276, -0.02957964316010475, -0.02585514821112156, 0.018682755529880524, 0.043426357209682465, 0.029982876032590866, -0.00949370302259922, -0.022670337930321693, -0.026821285486221313, 0.058966949582099915, -0.17289258539676666, -0.05459986627101898, -0.04951782524585724, 0.028992556035518646, 0.014568000100553036, 0.06039750948548317, -0.012520484626293182, -0.0075426907278597355, 0.032968081533908844, 0.07351365685462952, -0.022381993010640144, -0.012061258777976036, 0.01777886040508747, 0.01100262999534607, -0.038309767842292786, 0.0026609785854816437, -0.01425716932862997, -0.016135012730956078, -0.006619821302592754, 0.007177102845162153, -0.03982649743556976, 0.03390447050333023, 0.07182279229164124, -0.024721501395106316, 0.0054274979047477245, -0.01956147328019142, 0.0031470011454075575, -0.028407132253050804, -0.015116985887289047, -0.037906352430582047, -0.0017712876433506608, -0.007750529330223799, 0.04411919042468071, -0.021945111453533173, 0.0035665465984493494, 0.05739843100309372, -0.06582681089639664, 0.011668547987937927, -0.01573566533625126, -0.04185953736305237, -0.039344049990177155, 0.09993474930524826, 0.029924046248197556, 0.014072367921471596, -0.02378176711499691, -0.060187045484781265, -0.04889870807528496, -0.05086756870150566, 0.01720457337796688, 0.042102962732315063, -0.0005195103585720062, 0.042876213788986206, 0.014812488108873367, 0.02100338228046894, -0.03436723351478577, 0.05778021737933159, -0.12430429458618164, 0.03861488029360771, 0.019767113029956818, -0.025211170315742493, 0.059190429747104645, 0.015450822189450264, 0.035581715404987335, 0.008116579614579678, -0.027498263865709305, 0.07163884490728378, 0.009530535899102688, -0.03763674572110176, -0.03570593148469925, -0.02997463569045067, 0.04922112077474594, 0.05873213708400726, -0.009944446384906769, -0.0002756469475571066, 0.009528284892439842, -0.01897638849914074, -0.005210200324654579, 0.05265865474939346, 0.0337875559926033, -0.001530250534415245, -0.012777261435985565, -8.145593164954334e-05, 0.006960353814065456, 0.0371902659535408, -0.014036796987056732, -0.03107580356299877, -0.03737059235572815, -0.015819290652871132, -0.042323850095272064, -0.0030370745807886124, 0.030995843932032585, 0.0025910099502652884, 0.021191908046603203, -0.008528660982847214, -0.004663611762225628, 0.033444274216890335, 0.01522253081202507, -0.024080460891127586, 0.011409534141421318, 0.014763550832867622, -0.01174467895179987, 0.006135616917163134, 0.0018481217557564378, 0.0062109059654176235, 0.06232648715376854, 0.011249500326812267, 0.01340498961508274, 0.00419444078579545, 0.044190533459186554, -0.041561707854270935, 0.010658537037670612, -0.0018831052584573627, -0.04618213698267937, -0.015406518243253231, 0.009897720068693161, -0.056552521884441376, 0.02117965742945671, 0.023316072300076485, 0.04596598073840141, -0.03564579784870148, -0.04152088984847069, 0.013774417340755463, -0.04592468962073326, -0.04114891216158867, -0.1166212186217308, -0.029154757037758827, 0.04385349899530411, 0.017155978828668594, 0.016087690368294716, -0.009464860893785954, 0.016972901299595833, 0.012661096639931202, -0.05334192514419556, 0.03858594223856926, 0.018376749008893967, 0.0349481999874115, 0.02596597746014595, -0.02913917973637581, 0.01932101882994175, 0.009502637200057507, 0.036549217998981476, -0.028764372691512108, 0.04759262502193451, 0.026710428297519684, 0.04742899537086487, 0.008725832216441631, 0.024041911587119102, -0.030921269208192825, -0.014521829783916473, 0.029464825987815857, -0.10319056361913681, 0.03221238777041435, 0.031080177053809166, -0.05934668704867363, -0.0071019865572452545, -0.005332919768989086, -0.07150674611330032, -0.046004459261894226, 0.0013243453577160835, 0.026831476017832756, 0.015042116865515709, 0.027326177805662155, -0.0771736353635788, 0.008778806775808334, -0.00418365653604269, -0.05600352585315704, 0.03963769972324371, -0.019684012979269028, -0.06120828166604042, 0.038855236023664474, 0.009438270702958107, 0.02193780243396759, -0.054031290113925934, -0.015278727747499943, -0.01411862950772047, -0.026147881522774696, 0.03432507812976837, 0.004044175148010254, -0.0277225561439991, -0.011319704353809357, -0.02898254059255123, -0.02063171938061714, 0.08500213176012039, 0.03268137201666832, 0.07296240329742432, 0.04135780781507492, -0.00482536293566227, -0.056607916951179504, -0.003116027917712927, 0.04113518074154854, 0.007745057810097933, 0.00018002228171098977, 0.026641642674803734, -0.015838004648685455, -0.046617791056632996, -0.024415569379925728, -0.02478199638426304, -0.07041449844837189, -0.025013834238052368, 0.01474315207451582, 0.05510670319199562, 0.03144428879022598, 0.028669480234384537, 0.012648764997720718, -0.02403971739113331, -0.010963814333081245, -0.036683037877082825, -0.05933376029133797, -0.013048915192484856, 0.020888404920697212, 0.008971949107944965, 0.050798557698726654, 0.036695610731840134, 0.026374319568276405, -0.0012667153496295214, -0.008004332892596722, -0.025073815137147903, 0.04476543515920639, 0.015696359798312187, -0.025521650910377502, 0.02625925838947296, 0.017657946795225143, 0.030793508514761925, 0.004126251209527254, -0.013733294792473316, -0.027116425335407257, 0.017015866935253143, 0.005721865221858025, 0.029885105788707733, -0.019335279241204262, -0.009290219284594059, -0.01036851480603218, 0.025752387940883636, -0.03956284373998642, -0.007183673791587353, -0.0008569149649702013, -0.0330837182700634, 0.013913756236433983, -0.07218942046165466, -0.0004338790022302419, 0.044833701103925705, 0.020133454352617264, 0.057031478732824326, 0.03620661795139313, -0.03126562386751175, 0.045206427574157715, 0.0015496702399104834, 0.0039995405822992325, -0.021549683064222336, 0.003139822045341134, -0.004764525685459375, -0.015760157257318497, 0.03184431418776512, -0.018352894112467766, -0.029837502166628838, -0.027155231684446335, -0.00028872513212263584, -0.024506838992238045, 0.010946502909064293, 0.04517878592014313, -0.019319171085953712, -0.021633116528391838, 0.01463098730891943, -0.06645552068948746, 0.07520297914743423, -0.05833486095070839, 0.006297250743955374, -0.015364781022071838, 0.03767991065979004, 0.04634283483028412, -0.11751319468021393, -0.03104735165834427, -0.06353749334812164, 0.02039155177772045, -0.024479933083057404, 0.026220126077532768, -0.05871385335922241, -0.004014221951365471, 0.04893900454044342, 0.024675386026501656, 0.01132705993950367, -0.009001919068396091, -0.015893159434199333, -0.004886403679847717, -0.07289440184831619, -0.018437713384628296, -0.006147203501313925, -0.03501401096582413, -0.08387737721204758, -0.0356413908302784, 0.029815681278705597, -0.04971608147025108, -0.018754834309220314, 0.021282071247696877, 0.0482470728456974, -0.0578925646841526, -0.02629820816218853, 0.00893476977944374, 0.023974096402525902, -0.0016455332515761256, -0.010447009466588497, 0.02612524852156639, -0.0017796678002923727, 0.01724209263920784, -0.027257613837718964, 0.03357220068573952, -0.015571889467537403, 0.004679631907492876, -0.01311083510518074, 0.032038673758506775, -0.03337157145142555, -0.037215422838926315, 0.01029113493859768, 0.06702074408531189, 0.011723837815225124, -0.0024919770658016205, 0.0007294315146282315, -0.05696527659893036, 0.08424574881792068, -0.0029204708989709616, -0.036100082099437714, -0.008005939424037933, -0.045084718614816666, -0.041064802557229996, 0.021800372749567032, 0.04965812712907791, -0.006524392869323492, -0.0064796400256454945, 0.00487772561609745, 0.004089029040187597, 0.05734138935804367, 0.006590859033167362, 0.0067372447811067104, 0.0031695286743342876, 0.061021655797958374, -0.07384281605482101, -0.039282143115997314, -0.026238232851028442, -0.026216892525553703, 0.0016820562304928899, -0.040156248956918716, 0.040279943495988846, 0.0376555360853672, 0.03370058536529541, 0.0021055564284324646, -0.008793613873422146, -0.017968589439988136, 0.0045973751693964005, 0.017932865768671036, -0.03895633667707443, -0.002591214142739773, 0.004389091860502958, -0.02447136677801609, -0.0030843268614262342, 0.1041969284415245, 0.021329568699002266, 0.03627306967973709, 0.05566684156656265, 0.019923435524106026, -0.016840584576129913, 0.003916716203093529, -0.008498593233525753, -0.050965357571840286, -0.004947069101035595, 0.057127419859170914, 0.010733399540185928, 0.016068555414676666, 0.009927060455083847, -0.0030163144692778587, -0.01393679715692997, 0.04818747192621231, -0.05990058183670044, 0.03288457170128822, -0.030021589249372482, -6.237055476027975e-33, 0.025562135502696037, -0.017594385892152786, -0.02130882814526558, 0.02161872200667858, -0.09207563102245331, 0.028391676023602486, 0.004947970155626535, -0.027408568188548088, -0.02255149371922016, 0.017259038984775543, 0.005782552994787693, -0.01840359903872013, 0.022986920550465584, -0.036637503653764725, 0.02142992615699768, 0.04833146557211876, -0.004310655407607555, 0.016962124034762383, -0.046030204743146896, -0.011818770319223404, -0.034096576273441315, -0.013143766671419144, 0.05286107212305069, 0.03960438445210457, 0.04240790009498596, -0.009457141160964966, 0.06190608814358711, -0.0005529902991838753, 0.05456486716866493, -0.010783297941088676, -0.01946844533085823, 0.0209857989102602, -0.03340710699558258, 0.0028065780643373728, 0.003926899284124374, 0.03228684514760971, -0.004361885134130716, -0.04431542381644249, -0.024363450706005096, 0.02312723733484745, -0.003887718543410301, -0.010889440774917603, -0.027497781440615654, -0.030396271497011185, -0.06209780275821686, -0.0350850373506546, 0.01574615016579628, -0.03093663603067398, 0.007728321477770805, 0.0678180456161499, 0.011318360455334187, 0.01646178774535656, -0.0348159521818161, -0.0653260350227356, -0.03497033566236496, 0.00558768305927515, 0.027035778388381004, -0.028677890077233315, 0.02279767021536827, 0.004618325270712376, -0.026125293225049973, -0.010995881631970406, -0.048162639141082764, 0.010966222733259201, 0.014404508285224438, -0.02851790562272072, 0.04189051315188408, -0.015189425088465214, -0.057265009731054306, -0.028309611603617668, -0.055533841252326965, 0.09263665229082108, 0.04916970431804657, 0.04141133651137352, 0.00044848068500868976, -0.03337784856557846, -0.027296114712953568, -0.02616858296096325, 0.051794227212667465, -0.060589101165533066, 0.08849801123142242, -0.015483775176107883, 0.04650679603219032, 0.012128411792218685, -0.0038643840234726667, 0.09228295087814331, 0.02809143252670765, 0.01674283668398857, 0.00789094902575016, 0.004511168226599693, -0.004614904522895813, 0.020543042570352554, 0.04221033677458763, -0.017928266897797585, 0.054511506110429764, 0.008247707039117813, 0.004845626186579466, 0.020045608282089233, -0.00678210100159049, -0.01736541837453842, 0.05574111267924309, 0.026154760271310806, 0.007678331341594458, 0.028767339885234833, 0.026984481140971184, 0.006373192649334669, -0.07330001145601273, 0.011332714930176735, -0.0022518488112837076, 0.002256358042359352, -0.03301098570227623, -0.037114933133125305, 0.014721089042723179, 0.0665479227900505, 0.02637260966002941, -0.003111323807388544, 0.034182824194431305, -0.07346998155117035, -0.039186686277389526, 0.009636329486966133, 0.09426557272672653, 0.01752755232155323, -0.0358060747385025, -0.018379155546426773, -0.009143410250544548, 0.021409202367067337, -0.05972474068403244, -0.006882758811116219, -0.10961304605007172, 0.010987351648509502, 0.010122173465788364, 0.008309009484946728, 2.3037173946249823e-07, 0.0003205118700861931, 0.03892664983868599, -0.05884058400988579, 0.04862440004944801, 0.037110354751348495, -0.020336132496595383, -0.04040065407752991, 0.024593468755483627, 0.025902386754751205, -0.03993247076869011, 0.014530463144183159, -0.01462874561548233, -0.014374950900673866, 0.011559903621673584, 0.06867741048336029, -0.02637113630771637, 0.035826340317726135, -0.020216939970850945, -0.022111941128969193, 0.03240124136209488, 0.006203222554177046, -0.0002777914050966501, 0.012089121155440807, 0.03314603865146637, 0.019991636276245117, -0.04985079541802406, 0.024837767705321312, -0.10074830055236816, -0.013503001071512699, -0.01620340347290039, 0.039406776428222656, -0.013299643062055111, 0.022179391235113144, 0.0024436102248728275, 0.03289197012782097, 0.02053096890449524, 0.018225984647870064, 0.053879618644714355, -0.026842357590794563, 0.03647046163678169, 0.03487910330295563, -0.04866534471511841, 0.041403502225875854, -0.03989579528570175, 0.020460404455661774, 0.04009043425321579, -0.04182765260338783, -0.040983911603689194, -0.062311552464962006, -0.04759054258465767, 0.0044078766368329525, 0.01396578922867775, 0.01520337164402008, 0.04571985825896263, 0.029400892555713654, -0.023144498467445374, -4.242021168465726e-05, -0.025622354820370674, 0.0008190469816327095, -0.0405663326382637, -1.7134314020950114e-06, -0.0918692871928215, 0.031170528382062912, 0.02888466790318489, 0.03492915630340576, -0.029725033789873123, 0.05581657588481903, 7.384778084045865e-35, -0.046863555908203125, -0.00414085341617465, 0.04519185051321983, 5.117516593600158e-06, 0.017516935244202614, -0.01484785508364439, 0.010052947327494621, 0.009113623760640621, 0.05151478573679924, -0.026963582262396812, 0.028820734471082687], 'engagement_rate_embedding': [-0.031004393473267555, -0.09392045438289642, -0.0061039188876748085, 0.0029409059789031744, -0.010981756262481213, -0.010465540923178196, -0.014822430908679962, -0.06212520971894264, -0.037838492542505264, -0.019410796463489532, 0.001559616532176733, 0.0014917898224666715, -0.008846055716276169, 0.06354674696922302, -0.020967435091733932, -0.07439600676298141, 0.014164825901389122, 0.009461241774260998, 0.07155291736125946, -0.01236396748572588, 0.00809569749981165, -0.05397962033748627, -0.015704097226262093, 0.038481634110212326, 0.053095340728759766, -0.05188650265336037, -0.0022986389230936766, 0.02932271547615528, 0.0016181390965357423, -0.0004460388154257089, -0.024752894416451454, -0.010687742382287979, 0.03344438970088959, 0.0030841054394841194, 1.8431346688885242e-06, -0.030895469710230827, 0.031491540372371674, 0.06528100371360779, 0.01951364241540432, 0.020576808601617813, -0.015085777267813683, 0.05227768421173096, -0.024641791358590126, 0.018735771998763084, -0.0063050733879208565, 0.03912465646862984, -0.023750122636556625, -0.021141598001122475, -0.09762794524431229, -0.010868208482861519, 0.02576359733939171, 0.049014460295438766, -0.002274169819429517, 0.018896926194429398, 0.08505597710609436, -0.08047112822532654, 0.019839297980070114, 0.0397464781999588, -0.013524346984922886, 0.05978351831436157, -0.011127134785056114, 0.0154069559648633, 0.016948280856013298, 0.01776406168937683, -0.03401994705200195, 0.0017251101089641452, 0.011303522624075413, 0.006148282438516617, 0.030765892937779427, -0.005348022561520338, 0.0652402713894844, 0.02854122593998909, -0.045648761093616486, 0.05579124763607979, -0.04142893850803375, -0.058312587440013885, -0.04535410553216934, 0.0015144523931667209, -0.009485566057264805, 0.019620627164840698, 0.01993883214890957, 0.01637779176235199, -0.02580716833472252, 0.00033467941102571785, -0.044844940304756165, 0.05161868780851364, -0.001539552235044539, -0.0015596803277730942, 0.07663588970899582, -0.033459633588790894, -0.034839656203985214, -0.043311264365911484, 0.024834545329213142, -0.01023898459970951, -0.0114816939458251, -0.04257151857018471, 0.005988892633467913, 0.015294939279556274, 0.018579570576548576, -0.03634747117757797, 0.01414936687797308, 0.02041206881403923, -0.011305077001452446, 0.028356799855828285, -0.06585119664669037, 0.014596160501241684, -0.009907652623951435, 0.009720290079712868, 0.0525335893034935, 0.0757891908288002, 0.03330260515213013, -0.02039440907537937, 0.032513249665498734, -0.04388045147061348, 0.04080665856599808, -0.05152639374136925, 0.01271709892898798, -0.03086813911795616, 0.008550210855901241, 0.01498223003000021, 0.04468255862593651, 0.05743855610489845, -0.043128613382577896, -0.007740890607237816, -0.06686260551214218, 0.029568986967206, -0.0008243529009632766, -0.01422757189720869, 0.012510622851550579, -0.022046802565455437, -0.02466093935072422, -0.002799132838845253, -0.010332112200558186, -0.022670242935419083, 0.030354822054505348, -0.030458984896540642, -0.0007863930077292025, -0.02100386656820774, 0.05319555476307869, -0.060959044843912125, -0.021899018436670303, 0.045308806002140045, -0.006783719640225172, -0.009376437403261662, -0.011339258402585983, 0.016445070505142212, 0.02325311489403248, -0.05818982422351837, 0.011408227495849133, 0.0031517629977315664, 0.02493041567504406, 0.016195444390177727, -0.054567523300647736, -0.009144779294729233, -0.02291139028966427, -0.019437341019511223, 0.017389720305800438, -0.025151953101158142, -0.003193662967532873, 0.02869880013167858, 0.018748745322227478, 0.021000392735004425, -0.026514573022723198, -0.016801878809928894, 0.018398413434624672, 0.009204755537211895, 0.06542845070362091, 0.03649727627635002, -0.03869787976145744, -0.0079531604424119, -0.00376423099078238, 0.052503276616334915, 0.01562439277768135, -0.0722852498292923, 0.029486533254384995, 0.06326790153980255, 0.011892931535840034, -0.004757655318826437, 0.009761606343090534, -0.0018748232396319509, 0.032290276139974594, -0.09908480942249298, 0.010067008435726166, 0.03196842595934868, 0.007218087557703257, 0.04870337247848511, 0.10929906368255615, -0.04771094024181366, -0.02915671095252037, 0.015208029188215733, -0.021545683965086937, 0.0037069146055728197, -0.03520932421088219, 0.0775177851319313, -0.000594447716139257, 0.0033508511260151863, 0.029859188944101334, -0.0039092800579965115, -0.02500431053340435, 0.04644808918237686, 0.010992643423378468, -0.024553952738642693, 0.08365070819854736, -0.005706587340682745, -0.02028951793909073, 0.019170595332980156, 0.043981585651636124, -0.020249471068382263, 0.021848022937774658, -0.04498293995857239, 0.08818492293357849, -0.01608802191913128, 0.04848198965191841, -0.019323276355862617, 0.028499068692326546, -0.046348586678504944, -0.028147054836153984, -0.003732937155291438, 0.0030884407460689545, 0.003729508025571704, -0.0020441263914108276, -0.034333571791648865, 0.036429744213819504, -0.009917600080370903, -0.0043608457781374454, -0.010406922549009323, -0.023349102586507797, -0.042771004140377045, -0.04065237194299698, 0.01694711484014988, -0.016558296978473663, -0.02299821563065052, -0.0076852161437273026, 0.002069505164399743, 0.007349134888499975, 0.02135944552719593, 0.01592029631137848, -0.006991563364863396, 0.034890998154878616, -0.043387822806835175, 0.03491442650556564, -0.051236867904663086, -0.019554153084754944, 0.05086836963891983, -0.0006153992144390941, 0.053223345428705215, 0.019918499514460564, -0.058910150080919266, 0.0008251673425547779, 0.010760541073977947, 0.005628666374832392, -0.004466932266950607, -0.02218383550643921, -0.0019480593036860228, 0.04250846803188324, 0.014240599237382412, 0.01702871546149254, -0.00025341357104480267, -0.09538102149963379, -0.007366599980741739, -0.024726271629333496, -0.018092947080731392, -0.05115830525755882, -0.0036265261005610228, 0.012427734211087227, -0.03078705631196499, 0.028898222371935844, -0.04418019577860832, -0.018498344346880913, -0.00819846335798502, 0.03439787030220032, 0.03576530143618584, -0.005038096569478512, 0.01290218997746706, -0.03152228146791458, -0.008353802375495434, -0.02866542898118496, -0.03178410232067108, 0.01359239686280489, 0.0017705521313473582, -0.013427854515612125, 0.013091147877275944, -0.01841999962925911, -0.0016203243285417557, 0.003394600236788392, -0.04802125692367554, 0.04067063331604004, 0.08864198625087738, -0.055012669414281845, 0.020933765918016434, 0.03266378492116928, -0.013386094942688942, 0.006707954686135054, 0.017565524205565453, 0.0555737130343914, -0.0247360747307539, -0.025813717395067215, -0.012186560779809952, 0.006643305066972971, 0.07689463347196579, 0.009146783500909805, -0.014244982041418552, -0.038892071694135666, -0.04030519351363182, 0.010451553389430046, 0.008972753770649433, -0.012377891689538956, -0.02872408926486969, -0.03043493628501892, 0.04636174440383911, -0.012877759523689747, -0.007458161562681198, 0.0026589964982122183, -0.0022531067952513695, -0.005417334381490946, -0.018993068486452103, -0.000626683235168457, 0.07100316137075424, 0.02380782924592495, 0.094868004322052, 0.0036954814568161964, 0.020077506080269814, 0.008243054151535034, -0.0012287362478673458, 0.012471206486225128, 0.020336471498012543, -0.03132302314043045, 0.04142757132649422, -0.0008677541045472026, -0.02258291281759739, 0.037838876247406006, -0.05906112864613533, -0.005199904087930918, -0.0170387402176857, 0.08396627753973007, -0.05967557057738304, -0.04980716481804848, -0.04010935127735138, 0.022806039080023766, -0.011685322038829327, -0.026743846014142036, 0.04269516095519066, 0.0338294692337513, -0.06549819558858871, 0.009904659353196621, 0.004658021032810211, 0.04580678418278694, -0.045950159430503845, 0.02037098817527294, -0.027972795069217682, 0.025098275393247604, -0.0054054236970841885, -0.006381913088262081, -0.05271641165018082, -0.05568556487560272, -0.04728008434176445, -0.013703308999538422, -0.06842117756605148, -0.03160924091935158, 0.03487486392259598, 0.0011503996793180704, 0.000477601308375597, 0.02219700813293457, 0.11498623341321945, -0.11544637382030487, -0.009635375812649727, 0.01869979314506054, 0.014973985031247139, 0.017683956772089005, 0.0036393776535987854, 0.027533024549484253, 0.07596200704574585, -0.03917081281542778, 0.01660831831395626, 0.018809184432029724, 0.04985387250781059, -0.016864340752363205, -0.003135181497782469, -0.010156486183404922, 0.031013915315270424, -0.02523827739059925, -0.09427294135093689, 0.02519761584699154, 0.026300081983208656, -0.004201512783765793, -0.0639982670545578, -0.045141879469156265, 0.004750713240355253, 0.012380444444715977, -0.05761519446969032, -0.0016552875749766827, -0.010074029676616192, -0.028359893709421158, -0.07298880815505981, 0.010543972253799438, -0.021946562454104424, 0.04876653105020523, 0.05138663947582245, -0.002066099550575018, 0.05147164314985275, -0.002749919192865491, 0.051455043256282806, -0.03576209396123886, 0.07899639010429382, 0.00949764158576727, -0.012975572608411312, -0.004314975347369909, 0.02683546580374241, -0.022167090326547623, 0.019600415602326393, -0.028595848008990288, 0.05637278035283089, -0.010316519066691399, -0.03633136302232742, -0.003093953477218747, -0.011038425378501415, -0.014465410262346268, -0.023995643481612206, -0.006246565841138363, -0.05150945484638214, 0.0484066978096962, 0.010804296471178532, -0.04872168228030205, -0.0035564175341278315, 0.012486002407968044, -0.06512855738401413, 0.023423604667186737, 0.013484208844602108, 0.030494339764118195, -0.0080482242628932, 0.004886286798864603, 0.004027367103844881, -0.07052373141050339, 0.03804488107562065, -0.01981448382139206, 0.013077778741717339, -0.06027531623840332, 0.03385334834456444, 0.043987374752759933, -0.00699030514806509, -0.011489145457744598, -0.02752424217760563, -0.02765291929244995, 0.027671195566654205, -0.0658671110868454, 0.05513964965939522, 0.041850291192531586, 0.03257014602422714, -0.04095517843961716, -0.014570402912795544, 0.07335174083709717, -0.05700870603322983, 0.050153862684965134, -0.024780485779047012, 0.06344053894281387, -0.014147952198982239, 0.08067373186349869, -0.10724849998950958, -0.01890220306813717, -0.002712356625124812, 0.037093959748744965, 0.015660671517252922, -0.0630745217204094, 0.00012088650692021474, -0.004131961148232222, -0.0744604840874672, -0.031888868659734726, 0.036740489304065704, -8.828689169604331e-05, -0.018005261197686195, -0.01420031487941742, 0.00162990961689502, -0.015569101087749004, 0.0016308905323967338, 0.009405627846717834, 0.011223775334656239, -0.004702006466686726, -0.05989070609211922, 0.018098028376698494, 0.04259910061955452, -0.0016147902933880687, 0.016025254502892494, -0.00840158760547638, -0.031281355768442154, -0.026553140953183174, -0.015281740576028824, -0.02069893293082714, 0.017981410026550293, 0.023608144372701645, -0.028183475136756897, -0.051198866218328476, -0.044951826333999634, -0.028802094981074333, 0.03188133239746094, 0.04221687838435173, -0.0174411591142416, -0.006551093887537718, -0.053787000477313995, -0.016548972576856613, 0.07358484715223312, -0.02881794050335884, -0.016077551990747452, -0.010760664008557796, -0.02176785282790661, -0.008937999606132507, 0.06180499494075775, 0.008150133304297924, -0.0034277255181223154, -0.025532858446240425, -0.04065428674221039, 0.034138310700654984, -0.0002950745401903987, -0.004082533996552229, 0.027621643617749214, -0.0073170228861272335, -0.0011595208197832108, -0.04755168780684471, -0.013349425978958607, -0.03267659991979599, -0.012539384886622429, 0.021853649988770485, -0.009221982210874557, 0.014943002723157406, 0.0012546787038445473, 0.06448927521705627, 0.025220684707164764, 0.0031837420538067818, 0.008639097213745117, 0.02237328328192234, -0.053092457354068756, -0.03956926241517067, -0.05318313464522362, -0.013592648319900036, -0.0668923631310463, 0.03515559434890747, 0.023837773129343987, -0.05277927964925766, 0.0885101780295372, 0.0019248566823080182, 0.0047150407917797565, 0.08594145625829697, -0.0004502167284954339, 0.002230648882687092, 0.060286033898591995, 0.041761115193367004, 0.03038277104496956, -0.021910322830080986, -0.0014723690692335367, -0.0044941348023712635, -0.0003177989856339991, 0.009557414799928665, 0.02210666611790657, 0.11209654062986374, 0.019075483083724976, -0.049830757081508636, -6.768846181604101e-33, 0.0021770643070340157, -0.004818380810320377, 0.010223562829196453, 0.045704036951065063, 0.06217265501618385, -0.06625881791114807, -0.019279630854725838, 0.006459401920437813, -0.04109525680541992, 0.009778281673789024, 0.0053245811723172665, 0.04796754568815231, 0.022789016366004944, -0.010831110179424286, -0.03566683828830719, 0.04462093487381935, 0.024451065808534622, -0.027228565886616707, 0.052455976605415344, -0.031973667442798615, 0.04032408446073532, 0.031153572723269463, 0.024466848000884056, 0.0520298108458519, 0.0833292230963707, 0.03661404550075531, 0.01996968314051628, 0.004223264753818512, 0.0004304033936932683, -0.027901310473680496, 0.037171583622694016, 0.06028570234775543, -0.01880849525332451, -0.038311634212732315, 0.0011753661092370749, -0.054582029581069946, 0.028874117881059647, -0.03204570338129997, -0.02035696431994438, -0.02333468571305275, 0.014554165303707123, -0.023128628730773926, 0.01301911287009716, -0.0055976444855332375, -0.03307703509926796, -0.08932546526193619, 0.00312126730568707, 0.014712243340909481, 0.010830733925104141, -0.04670286923646927, -0.034661419689655304, -0.016531644389033318, 0.017104174941778183, -0.014515808783471584, 0.01433609053492546, -0.01031461451202631, 0.015732770785689354, -0.04530048370361328, -0.030489619821310043, -0.02239062637090683, 0.026410095393657684, 0.06417227536439896, -0.00034048373345285654, -0.04101213440299034, 0.03287017345428467, -0.016379190608859062, -0.0066765230149030685, 0.012828304432332516, 0.025488846004009247, 0.0467454232275486, 0.041863054037094116, -0.08893142640590668, -0.041731979697942734, -0.033055562525987625, 0.07773155719041824, 0.0022597198840230703, -0.015987420454621315, 0.023684516549110413, 0.05232952907681465, -0.00731749227270484, -0.008667963556945324, 0.0023032899480313063, 0.02747347205877304, 0.01479949988424778, -0.028075452893972397, -0.05085446313023567, -0.0013178393710404634, -0.05971793085336685, 0.010715861804783344, -0.015472748316824436, 0.06959785521030426, 0.10614480078220367, 0.007483512628823519, -0.012046593241393566, -0.037960972636938095, -0.06960461288690567, 0.044240500777959824, 0.014423228800296783, -0.04742917791008949, 0.01652776449918747, 0.036082662642002106, 0.015004683285951614, 0.01732141152024269, -0.002864015055820346, 0.03218666464090347, -0.026724951341748238, 0.01920771226286888, 0.025984730571508408, -0.004152282606810331, -0.017892342060804367, 0.028963595628738403, 0.02756528928875923, 0.044218286871910095, 0.0024837602395564318, -0.04103362187743187, 0.009587026201188564, 0.036621399223804474, -0.04770629480481148, -0.0012625876115635037, -0.03171391785144806, -0.006574658211320639, -0.024885719642043114, 0.02648550271987915, -0.013303571380674839, -0.04191764444112778, -0.015077508054673672, 0.02014455385506153, 0.043374091386795044, -0.09959635883569717, 0.024951448664069176, -0.03330884873867035, 0.0329631008207798, 2.478571730080148e-07, -0.00921869371086359, -0.015685902908444405, -0.01399150863289833, -0.04460202530026436, 0.019842155277729034, -0.06445303559303284, -0.03283632919192314, 0.030554190278053284, 0.05479402840137482, -0.10421007871627808, 0.024763794615864754, 0.017246341332793236, -0.010826961137354374, -0.017820311710238457, 0.05231539532542229, 0.015026207081973553, 0.02001238614320755, -0.002019866369664669, -0.00047407450620085, 0.012229305692017078, -0.02729429304599762, 0.016801146790385246, -0.0020147673785686493, -0.012178262695670128, 0.04951878637075424, 0.06051076576113701, 0.001514244475401938, -0.09855500608682632, 0.032564595341682434, -0.0384492464363575, -0.0116178710013628, 0.09017828106880188, 0.049799416214227676, -0.01863785833120346, 0.0064198910258710384, -0.0005880894022993743, -0.0006460755248554051, -0.008609711192548275, -0.03776681423187256, -0.0013143018586561084, -0.02587209828197956, -0.04272821918129921, -0.003494538366794586, -0.034219078719615936, 0.0025757874827831984, -0.00630379281938076, -0.003681464586406946, 0.01509177591651678, -0.026915600523352623, -0.018190784379839897, 0.0034173913300037384, -0.021948521956801414, 0.03569971024990082, -0.009129113517701626, -0.014055321924388409, 0.06992123275995255, 0.00042222870979458094, -0.04438716545701027, 0.020615335553884506, 0.048865094780921936, -0.00871399324387312, -0.010412072762846947, 0.007594038732349873, 0.08387897908687592, -0.060035835951566696, -0.0010663431603461504, -0.001811535912565887, 1.5137113966139666e-34, -0.01951531134545803, 0.01077721081674099, 0.018805092200636864, 0.021231843158602715, 0.01861756108701229, -0.021430309861898422, -0.005320366937667131, -0.044589899480342865, 0.021739132702350616, -0.05395062267780304, -0.053984805941581726], 'similarity': 0.06240511740159709}, {'name': 'Moudjahid Moussa', 'date': '2023-04-13', 'followers': 369, 'impressions': 1607, 'engagement_rate': 0.048, 'num_videos': 2, 'num_images': 2, 'num_carousels': 1, 'impressions_embedding': [-0.04592219740152359, 0.011047556065022945, 0.003165982197970152, 0.04895974323153496, 0.001921730232425034, -0.02707912027835846, -0.04649461805820465, 0.021977532655000687, -0.044208165258169174, 0.010817176662385464, 0.058236487209796906, -0.05384138971567154, 0.008878028020262718, 0.02889939397573471, 0.017633872106671333, 0.024251887574791908, 0.004846017807722092, 0.035078346729278564, -0.056687306612730026, 0.0144675737246871, -0.01625675894320011, 0.01968693733215332, -0.0006084590568207204, 0.012105854228138924, -0.03856790438294411, 0.04885333776473999, -0.03259648382663727, -0.02896956540644169, -0.0035771599505096674, 0.06832774728536606, 0.017384720966219902, -0.01788976788520813, 0.05848956108093262, 0.07336235046386719, 1.84421617177577e-06, -0.04879073426127434, 0.01227828860282898, 0.016793470829725266, -0.015075012110173702, 0.011633304879069328, 0.032934341579675674, 0.04972032085061073, -0.030812600627541542, 0.007419986184686422, -0.026752840727567673, -0.02951102703809738, 0.014022031798958778, -0.04269182309508324, -0.018659651279449463, -8.632180106360465e-05, -0.008029613643884659, -0.06678847223520279, 0.019494077190756798, 0.00025965736131183803, 0.08144303411245346, -0.022818548604846, -0.012050308287143707, 0.061859577894210815, 0.0033382887486368418, 0.049750592559576035, 0.011621200479567051, 0.03227958083152771, 0.011104087345302105, -0.024609213694930077, -0.0514565147459507, 0.017745232209563255, -0.06499019265174866, 0.052450936287641525, 0.052633557468652725, 0.013002271763980389, 0.09632723033428192, 0.005731640383601189, 0.02200641855597496, 0.06327556073665619, -0.04361182823777199, -0.04671188071370125, 0.027027012780308723, -0.03412497416138649, 0.030587419867515564, -0.026404540985822678, -0.02522469125688076, -0.027522141113877296, 0.02904573082923889, -0.020667310804128647, -0.010956216603517532, -0.035956695675849915, -0.013140278868377209, 0.028285788372159004, 0.03505077213048935, -0.04877246916294098, -0.03705376386642456, -0.03651755675673485, -0.009002802893519402, 0.05272691696882248, -0.010307262651622295, -0.011074249632656574, 0.014499937184154987, 0.012076352722942829, -0.0043070027604699135, -0.043331097811460495, -0.08490604162216187, 0.03826107457280159, -0.02416098676621914, 0.004818836692720652, -0.0038307951763272285, 0.027050476521253586, 0.010663487948477268, -0.03368609771132469, 0.017182137817144394, 0.022099457681179047, -0.050308503210544586, -0.0094248466193676, -0.021015919744968414, -0.04635901749134064, 0.04073392227292061, 0.021704966202378273, 0.01654258370399475, 0.008377980440855026, 0.030173296108841896, 0.0567401722073555, 0.0009728453005664051, 0.017995039001107216, 0.01671883836388588, -0.013565686531364918, -0.04394307732582092, -0.016008194535970688, -0.020178811624646187, -0.06003613770008087, -0.03651345893740654, -0.06119877099990845, -0.013488727621734142, -0.012385058216750622, -0.019709693267941475, -0.052351776510477066, -0.012947977520525455, -0.011900502257049084, -0.04492701217532158, 0.01992463693022728, 0.028440862894058228, -0.0435490682721138, -0.02103382535278797, -0.03449200466275215, 0.016669878736138344, 0.010668184608221054, 0.00911084096878767, -0.030008554458618164, 0.006486354861408472, 0.02376062236726284, 0.027265137061476707, 0.0034143421798944473, 0.05229928344488144, -0.052409060299396515, -0.013405641540884972, 0.010750798508524895, 0.034589625895023346, 0.018064001575112343, -0.01265613455325365, -0.014356626197695732, 0.010770145803689957, 0.011511387303471565, 0.014065227471292019, -0.05742202326655388, -0.015172132290899754, 0.024251481518149376, 0.02939760498702526, -0.012366793118417263, -0.03814341500401497, 0.0325094610452652, -0.10288125276565552, 0.0020934201311320066, -0.059735022485256195, 0.034157972782850266, 0.036776889115571976, -0.001329324790276587, 0.02443644218146801, 0.028054993599653244, -0.018966592848300934, 0.024435950443148613, 0.005844848230481148, -0.006500312592834234, 0.00638463394716382, -0.14549125730991364, -0.03638998046517372, 0.009861040860414505, 0.07490305602550507, 0.0290609672665596, 0.07705827802419662, -0.045836638659238815, -0.015661457553505898, 0.030106598511338234, 0.028732996433973312, -0.010064352303743362, -0.012360252439975739, 0.031808700412511826, -0.003889138577505946, -0.08722513169050217, 0.007724046241492033, 0.008113882504403591, -0.05396999418735504, -0.011007743887603283, 0.03151522949337959, -0.04573066532611847, 0.08710315823554993, 0.09790397435426712, -0.010333050042390823, -0.019472332671284676, 0.04925740137696266, -0.015527091920375824, -0.0069384039379656315, -0.029568513855338097, 0.039086196571588516, 0.04147413745522499, 0.04625076800584793, 0.01144202146679163, -0.004290358163416386, -0.009398750960826874, 0.027586568146944046, -0.05153916776180267, 0.007376743480563164, 0.013693831861019135, -0.01722983457148075, -0.054477084428071976, 0.028249163180589676, 0.020009798929095268, -0.045731689780950546, -0.04999026283621788, -0.043243128806352615, -0.07394400984048843, -0.023768814280629158, -0.035174883902072906, 0.05138542503118515, -0.021102242171764374, 0.017281217500567436, 0.03351004049181938, 0.029336199164390564, -0.04666987061500549, 0.025696750730276108, -0.09538746625185013, 0.00162277661729604, -0.06207194924354553, -0.02007119357585907, 0.06765646487474442, -0.0069364989176392555, 0.013119774870574474, 0.007652797736227512, -0.013174086809158325, -0.03219320997595787, -0.015000427141785622, -0.0391373485326767, -0.016126642003655434, 0.004897108767181635, 0.010420184582471848, 0.047429975122213364, -0.019767681136727333, 0.032725073397159576, -0.0676032081246376, -0.01638028956949711, 0.020128533244132996, 0.013460665941238403, -0.015211035497486591, -0.0556565597653389, 0.002842711517587304, -0.010467277839779854, 0.004290523007512093, 0.04778425395488739, -0.0204627625644207, -0.037072617560625076, -0.032597944140434265, -0.010665330104529858, -0.03227178379893303, -0.016371339559555054, 0.005577163305133581, 0.037144314497709274, 0.056255899369716644, 0.040620919317007065, -0.04770471155643463, 0.012167099863290787, -0.01870512217283249, -0.005096937529742718, 0.019093751907348633, 0.01728062517940998, 0.015348232351243496, 0.006776508875191212, 0.03507349640130997, 0.04742216318845749, -0.013511640019714832, -0.009066060185432434, -0.02398020215332508, 0.014761172235012054, 0.04635552316904068, -0.0056494963355362415, 0.04108651727437973, -0.042858488857746124, 0.032056745141744614, -0.02696893736720085, 0.023588642477989197, -0.001496124779805541, -0.01829642988741398, -0.0007617709343321621, 0.036000482738018036, 0.010203352198004723, -0.021420059725642204, -0.0028824026230722666, -0.03899214044213295, -0.03139302507042885, -0.09770389646291733, -0.01890505477786064, -0.01266811415553093, -0.007831992581486702, -0.038350243121385574, 0.013740395195782185, 0.014061669819056988, -0.005480722989886999, -0.02613290585577488, 0.031820233911275864, -0.004294734448194504, 0.045616514980793, 0.0017773633589968085, -0.030906470492482185, 0.01104902196675539, -0.011185872368514538, -0.02141234651207924, -0.02000167779624462, 0.05372927337884903, -0.03289565443992615, 0.07407309114933014, 0.027686413377523422, 0.010215935297310352, 0.060116808861494064, -0.009746355004608631, 0.004157457500696182, -0.14088089764118195, -0.019785022363066673, 0.006292982492595911, 0.016221128404140472, -0.005821791477501392, -0.044844064861536026, -0.040266312658786774, -0.05101025849580765, 0.003702174872159958, 0.024829251691699028, 0.017029523849487305, 0.03271296247839928, -0.07457857578992844, -0.037014298141002655, 0.028358805924654007, 0.023391449823975563, -0.005247520282864571, -0.0038736623246222734, 0.02493266575038433, 0.028667746111750603, 0.015152253210544586, 0.009301619604229927, -0.02500774897634983, -0.044197890907526016, -0.07366633415222168, 0.027179529890418053, 0.03511686623096466, 0.00137782481033355, 0.008216834627091885, 0.008389962837100029, 0.009355797432363033, -0.08523032814264297, 0.05723261460661888, 0.010070485062897205, 0.04098910093307495, -0.00048077170504257083, -0.007572033908218145, -0.1189030110836029, 0.0018592893611639738, 0.009850225411355495, 0.02025112323462963, -0.019812822341918945, 0.030892932787537575, 0.007393479347229004, -0.013252581469714642, -0.006736421026289463, -0.018408292904496193, -0.027184074744582176, -0.02973845601081848, -0.014691627584397793, -0.04503168910741806, 0.03274432197213173, 0.04059446230530739, -0.025488268584012985, -0.03790201619267464, 0.02501576952636242, -0.06477344036102295, -0.05214293301105499, 0.03113878332078457, 0.05646102875471115, -0.05772772431373596, 0.03625797852873802, 0.08715754747390747, 0.023752352222800255, -0.023318251594901085, -0.011872394941747189, -0.03487330675125122, 0.04494573548436165, 0.01964567042887211, -0.020360233262181282, 0.029110155999660492, 0.013885331340134144, 0.02246028743684292, -0.003251598682254553, -0.05684259161353111, -0.012305750511586666, 0.0052727642469108105, -0.002069433918222785, -0.01990773156285286, 0.049436163157224655, 0.014811390079557896, -0.05881742760539055, -0.00912175327539444, 0.02866094745695591, 0.012789741158485413, -0.014169610105454922, 0.0053823115304112434, 0.04036145284771919, -0.045143332332372665, 0.01892022415995598, 0.02805890515446663, 0.011467084288597107, 0.039833810180425644, 0.024522844702005386, 0.030066052451729774, 0.03304615244269371, 0.009724261239171028, 0.016300741583108902, -0.06428159028291702, 0.043140821158885956, -0.010665382258594036, 0.01791641302406788, 0.001344104646705091, -0.008691944181919098, -0.019175661727786064, -0.011076889932155609, 0.060290709137916565, -0.01751684583723545, 0.0018282777164131403, 0.040180645883083344, -0.03872544690966606, -0.03151869401335716, 0.020002001896500587, -0.047226157039403915, 0.07976053655147552, -0.011728496290743351, 0.02969871647655964, -0.01404794305562973, 0.0314229279756546, 0.06664442270994186, -0.07980365306138992, 0.015463350340723991, -0.044180139899253845, 0.040372539311647415, -0.01722664013504982, 0.010646588169038296, -0.07910624891519547, -0.008414146490395069, -0.007144590374082327, -0.009768149815499783, 0.0063964747823774815, -0.025173000991344452, -0.015396022237837315, -0.003493200521916151, -0.10722940415143967, -0.052560534328222275, -0.0012124765198677778, -0.03369729593396187, -0.0732775628566742, -0.016886822879314423, 0.012448012828826904, 0.002387292915955186, -0.006541274953633547, 0.005655549932271242, 0.045806530863046646, -0.00693473732098937, -0.02033533900976181, 0.017442917451262474, 0.003030079882591963, 0.005162681452929974, -0.022252900525927544, 0.021183811128139496, 0.009376350790262222, 0.03275532275438309, -0.05043439567089081, 0.004213920794427395, -0.022378800436854362, -0.028939347714185715, -0.00957535207271576, 0.009880207479000092, -0.05927975848317146, -0.04303168132901192, 0.04124845936894417, 0.0786156877875328, 0.004756307695060968, 0.05732647329568863, -0.04276197403669357, -0.008522888645529747, 0.12256519496440887, -0.025657542049884796, -0.0020417356863617897, -0.01629205048084259, -0.009722067043185234, -0.0021789497695863247, 0.07429184764623642, 0.021344907581806183, -0.012251078151166439, 0.005084342323243618, -0.0214095301926136, -0.039001401513814926, -0.0049722264520823956, -0.011264304630458355, 0.016575442627072334, 0.02950172871351242, 0.05035076290369034, -0.022972045466303825, -0.045526403933763504, 0.04255944490432739, -0.007395546417683363, -0.01495555229485035, -0.041138794273138046, 0.02032441273331642, 0.06947017461061478, 0.029815256595611572, -0.009745031595230103, -0.004151344299316406, -0.04042471945285797, 0.006864103488624096, -0.0011503079440444708, 0.016248134896159172, -0.04088936746120453, 0.02200915478169918, -0.022791041061282158, -0.005150738637894392, 0.12865139544010162, 0.0077111064456403255, 0.004331775940954685, 0.05834836885333061, 0.07991749793291092, 0.012351274490356445, 0.0020325344521552324, 0.008464179001748562, -0.01307334378361702, -0.010816280730068684, 0.054194092750549316, 0.024726657196879387, 0.019991621375083923, 0.007095649838447571, -0.00968699250370264, -0.040110036730766296, 0.04883499816060066, 0.008715661242604256, 0.015973899513483047, -0.07588917016983032, -6.435330516284986e-33, 0.06321341544389725, -0.029649093747138977, 0.03683482110500336, 0.05459723249077797, -0.0766274556517601, -0.032065849751234055, 0.012012419290840626, -0.023956306278705597, -0.05591735988855362, 0.026995016261935234, -0.01949784718453884, -0.036865901201963425, 0.025108277797698975, -0.0029903168324381113, -0.015005076304078102, 0.011134305968880653, -0.05547412857413292, 0.009748697280883789, -0.030140336602926254, -0.005425909534096718, -0.0026070037856698036, 0.004713405389338732, 0.058051761239767075, -0.004073462914675474, 0.04969396814703941, -0.006107102148234844, 0.014793078415095806, 0.04704022780060768, 0.02138201706111431, -0.008493654429912567, 0.0018026861362159252, -0.017464539036154747, -0.017866941168904305, -0.01541948039084673, 0.009375290013849735, 0.06291358172893524, 0.027806537225842476, -0.03852049633860588, -0.01979728229343891, -0.007700199726969004, -0.02150089666247368, 0.006535867229104042, -0.026919109746813774, -0.02270042523741722, -0.05043255537748337, -0.06084047257900238, 0.002474031876772642, -0.03947944566607475, -0.014185978099703789, 0.03667645901441574, 0.027101224288344383, 0.026691196486353874, -0.04637774080038071, -0.006773832254111767, -0.03938181698322296, 0.08423135429620743, 0.030924759805202484, 0.03600882366299629, -0.01060776598751545, 0.011536180973052979, -0.03403240442276001, -0.012704739347100258, -0.00860615260899067, 0.017619512975215912, 0.019002001732587814, -0.013548546470701694, 0.030561411753296852, -0.011043275706470013, -0.04768345504999161, -0.01772443577647209, -0.045897167176008224, 0.053090646862983704, 0.008111861534416676, 0.03494470193982124, -0.008835488930344582, 0.00505744107067585, -0.051068488508462906, -0.017787232995033264, -0.009593462571501732, 0.007256059441715479, 0.06688743084669113, -0.020834825932979584, 0.006680651102215052, 0.013180108740925789, -0.041262395679950714, 0.016011755913496017, 0.043663762509822845, 0.012785538099706173, 0.033442847430706024, -0.0011208310024812818, 0.05611191689968109, 0.021770693361759186, 0.027906667441129684, 0.009927470237016678, -0.01807510294020176, 0.01410208735615015, 0.02958035282790661, -0.010620936751365662, 0.006206216756254435, 0.027905208989977837, 0.06724797189235687, 0.010486455634236336, -0.014020598493516445, 0.023541878908872604, -0.000983759411610663, -0.018321240320801735, -0.07868308573961258, 0.01536592934280634, -0.011780478060245514, -0.014025106094777584, -0.006992836948484182, -0.029713686555624008, -0.050396163016557693, 0.08544085919857025, -0.010317924432456493, -0.0006521092727780342, 0.021773165091872215, -0.019720900803804398, -0.016954759135842323, -0.0113825723528862, 0.09039277583360672, -0.039773695170879364, 0.009479562751948833, 0.009115487337112427, -0.004874559585005045, 0.040522996336221695, -0.016990333795547485, -0.0025709045585244894, -0.06704868376255035, 0.02857794798910618, 0.015224811621010303, -0.008710489608347416, 2.3919844238662336e-07, -0.014611867256462574, -0.019573552533984184, -0.06014980375766754, -0.026314087212085724, 0.01199512928724289, -0.03850788250565529, -0.06335294991731644, 0.025722891092300415, -0.0066932737827301025, -0.03257400542497635, 0.03578566014766693, 0.03892434015870094, 0.03558158874511719, 0.007207633461803198, 0.03875676169991493, -0.11276787519454956, -0.011728264391422272, 0.010325941257178783, 0.01999448798596859, 0.016873730346560478, 0.016146264970302582, 0.030250871554017067, -0.010073632933199406, 0.015434898436069489, 0.03585698828101158, -0.06077221408486366, -0.007617299444973469, -0.0425177626311779, -0.0403498038649559, 0.015245083719491959, 0.0176080334931612, -0.05807599425315857, 0.025480974465608597, -0.05404749885201454, 0.017760295420885086, 0.04339947551488876, 0.008144658990204334, 0.0727892518043518, 0.011577107012271881, 0.07542300969362259, -0.03039778210222721, -0.008191602304577827, 0.04605654627084732, -0.0028811104129999876, -0.011998455971479416, 0.019807029515504837, -0.01650131680071354, 0.0028882757760584354, -0.016578081995248795, -0.06017584726214409, 0.005533238872885704, 0.043133869767189026, 0.002405286766588688, 0.04177233576774597, 0.027270065620541573, -0.017719078809022903, -0.001570451189763844, -0.02841893397271633, -0.04350884631276131, -0.004342272412031889, 0.002721115481108427, -0.07681190222501755, 0.038557589054107666, 0.0841093435883522, -0.0015989537350833416, 0.10696061700582504, 0.01252200547605753, 9.830128905936478e-35, -0.003939271438866854, -0.04384918510913849, 0.0037066263612359762, 0.03967858478426933, 0.02921696938574314, 0.014009356498718262, -0.014855793677270412, -0.02214365452528, 0.03811556100845337, -0.00875065941363573, 0.03198036551475525], 'engagement_rate_embedding': [-0.041641924530267715, -0.08107000589370728, -0.012516345828771591, 0.01942363753914833, -0.018351051956415176, -0.010785846970975399, -0.05504211410880089, -0.06328678131103516, -0.060143791139125824, -0.022041622549295425, 0.03330158442258835, -0.017222175374627113, 0.010684246197342873, 0.082450732588768, -0.03137598931789398, -0.050153374671936035, 0.020297637209296227, 0.024771319702267647, 0.040226299315690994, -0.0018966890638694167, -0.005864559207111597, -0.04395472630858421, -0.029859934002161026, 0.02341058850288391, 0.018727924674749374, -0.032037436962127686, 0.01581992395222187, 0.025342021137475967, -0.017871899530291557, -0.03420671820640564, -0.01883012056350708, -0.00018744893895927817, 0.007396060042083263, 0.03559325635433197, 1.954832441697363e-06, -0.040218647569417953, 0.04326096922159195, 0.04818229004740715, 0.00674427067860961, 0.0337420329451561, -0.001462798798456788, 0.039444729685783386, -0.014647318050265312, 0.018075227737426758, -0.022295581176877022, -0.004681700374931097, -0.004077949095517397, -0.01885688677430153, -0.09011261910200119, -0.0076905288733541965, 0.02451370097696781, 0.000690980174113065, -0.009569763205945492, 0.005482575390487909, 0.11099249869585037, -0.08385149389505386, 0.02186300791800022, 0.07478901743888855, -0.011255580000579357, 0.06085575371980667, -0.013521813787519932, 0.019076867029070854, 0.016898352652788162, 0.016331346705555916, -0.0004896870232187212, -0.007696479558944702, 0.06450803577899933, -0.032990582287311554, 0.05618548393249512, 0.0038679323624819517, 0.1096724420785904, 0.0405186265707016, -0.04787550866603851, 0.0822700560092926, -0.01814478635787964, -0.0596567802131176, -0.053892478346824646, 0.0120460856705904, 0.005970597267150879, -0.007308061234652996, -0.050148919224739075, 0.033090170472860336, 0.002545759314671159, -0.004040684085339308, -0.047149982303380966, 0.07273055613040924, -0.01576155237853527, 0.023729629814624786, 0.07185525447130203, -0.03335171192884445, -0.03518000617623329, -0.038024500012397766, -0.0019822423346340656, -0.005519915837794542, -0.006996823940426111, -0.027503211051225662, -0.00013268958718981594, 0.04344940558075905, 0.026759179309010506, -0.06151781603693962, -0.024272887036204338, 0.0340321883559227, -0.007977059110999107, 0.021559732034802437, -0.061125271022319794, -0.0006700737285427749, 0.0146101089194417, -0.0034996788017451763, 0.0465700626373291, 0.07266487181186676, 0.0399850532412529, -0.021212730556726456, -0.00013415867579169571, -0.05504733324050903, 0.06468228250741959, -0.025216957554221153, -0.018312809988856316, -0.026482122018933296, 0.017545407637953758, 0.001837382442317903, 0.031811799854040146, 0.03872136399149895, -0.020919084548950195, 0.005055665038526058, -0.06786534935235977, 0.03153805807232857, -0.002341740531846881, -0.02839122712612152, 0.02565014362335205, -0.03898049518465996, 0.001224419684149325, -0.050772830843925476, 0.0013749862555414438, -0.007207165937870741, 0.02190234512090683, 0.0009020447032526135, 0.02355034649372101, 0.015436515212059021, 0.05334412679076195, -0.042064499109983444, -0.024402083829045296, 0.01946965791285038, -0.04566241800785065, -0.005870554596185684, -0.044740866869688034, 0.026460109278559685, 0.03871168941259384, 0.0055818939581513405, 0.013072165660560131, -0.0094040771946311, 0.017978761345148087, 0.02311147190630436, -0.05923160910606384, -0.006422571837902069, 0.031210219487547874, -0.015769245103001595, 0.004831903614103794, -0.007656905334442854, 0.016787908971309662, 0.017510296776890755, 0.028658395633101463, -0.011694740504026413, -0.042774099856615067, -0.035569094121456146, 0.006805799901485443, 0.0035842799115926027, 0.04824303835630417, 0.02593807689845562, -0.05493273586034775, 0.015132692642509937, -0.011669972911477089, 0.02679031528532505, -0.014797350391745567, -0.05837350711226463, 0.04209946095943451, 0.07275605201721191, -0.002987195271998644, -0.040500935167074203, 0.0010285325115546584, -0.04083040729165077, 0.018686337396502495, -0.137879878282547, -0.009360804222524166, 0.030333414673805237, -0.047502197325229645, 0.04781452938914299, 0.06194354593753815, -0.06585512310266495, -0.03335612267255783, -0.017560379579663277, -0.030068831518292427, -0.009481875225901604, -0.05530702322721481, 0.060594089329242706, 0.005635121371597052, -0.015253637917339802, 0.0424603670835495, -0.02909303456544876, -0.0007643458084203303, 0.015998389571905136, 0.01704561337828636, -0.015584852546453476, 0.1326586902141571, 0.009405192919075489, -0.022613096982240677, 0.0037000742740929127, 0.03385242447257042, -0.018166569992899895, 0.013796387240290642, -0.036298688501119614, 0.07340771704912186, -0.011696225963532925, 0.0368863120675087, -0.0037573720328509808, 0.0028931007254868746, -0.06093616783618927, -0.008453773334622383, 0.015624767169356346, -0.0384460873901844, 0.010143513791263103, 0.009516836144030094, -0.03193821385502815, 0.03100377321243286, -0.003952953033149242, 0.037830647081136703, 0.009096099995076656, -0.0024164775386452675, -0.0279522817581892, -0.032295111566782, 0.0070413327775895596, 0.0071960133500397205, -0.014439363963901997, 0.0046066585928201675, 0.03145008161664009, 0.03129654750227928, 0.003206993918865919, 0.04158536717295647, 0.03508997708559036, 0.046958547085523605, -0.05203595384955406, 0.039224494248628616, 0.005679698660969734, -0.02043318934738636, 0.045292388647794724, 0.02889460138976574, 0.016070306301116943, 0.025592030957341194, -0.02810627780854702, 0.009235316887497902, -0.024179384112358093, 0.010715303011238575, 0.03452103212475777, 0.00010239965922664851, -0.0017107402672991157, 0.02579246088862419, -0.020715128630399704, 0.031699273735284805, -0.010650448501110077, -0.058665480464696884, -0.029460839927196503, -0.02652142569422722, -0.029305996373295784, -0.0108791533857584, -0.004613346885889769, 0.001201529405079782, -0.05212702602148056, 0.01806173473596573, -0.022730378434062004, 0.010446921922266483, -0.008292270824313164, 0.02324891835451126, 0.03886277601122856, 0.025409890338778496, 0.008432413451373577, -0.0206847433000803, -0.011891797184944153, -0.009631401859223843, -0.009575681760907173, -0.003188248723745346, 0.010226644575595856, 0.02547132410109043, 0.006229663733392954, -0.013463694602251053, 0.01250160951167345, 0.01762552000582218, -0.042398601770401, 0.039882954210042953, 0.03695129230618477, -0.05963906645774841, 0.0482906848192215, -0.013354805298149586, -0.02459488809108734, 0.03164312615990639, 0.020099954679608345, 0.051768723875284195, -0.014201277866959572, -0.04641365632414818, -0.010161043144762516, 0.026127006858587265, 0.08254086226224899, 0.006728056352585554, -0.008906383998692036, -0.02896990068256855, -0.02619333751499653, 0.008863404393196106, 0.002651871182024479, -0.02215256541967392, -0.020822377875447273, -0.004463686142116785, 0.010215193964540958, -0.033547770231962204, 0.0006261156522668898, -0.008967528119683266, 0.004888751078397036, 0.012639760039746761, -0.0253404900431633, 0.033280160278081894, 0.0800376906991005, 0.017790567129850388, 0.07740384340286255, 0.0014751896960660815, 0.006890210323035717, -0.024793779477477074, -0.005277808755636215, 0.02420552633702755, 0.05313222110271454, -0.03265894204378128, 0.053854528814554214, -0.0014570332132279873, -0.013517016544938087, 0.03643754869699478, -0.05892667919397354, -0.022616276517510414, 0.009241679683327675, 0.0742037445306778, -0.05761317163705826, -0.04676535725593567, 0.00648114550858736, 0.03684625402092934, 0.006104657892137766, -0.02293562889099121, 0.033125996589660645, 0.04492111876606941, -0.053540751338005066, -0.012351727113127708, 0.02627238817512989, -0.025712504982948303, -0.049225520342588425, 0.03801185265183449, -0.017982276156544685, 0.02043306455016136, -0.01136187557131052, -0.0073055909015238285, -0.04937086999416351, -0.038176797330379486, -0.07484280318021774, -0.008389520458877087, -0.02559736557304859, -0.029767796397209167, 0.02169925719499588, -0.04385792836546898, -0.008832684718072414, 0.029356660321354866, 0.09368463605642319, -0.11355603486299515, -0.026172282174229622, 0.010676533915102482, 0.009759540669620037, 0.010972895659506321, 0.0014118722174316645, -0.02063632197678089, 0.08122571557760239, -0.02435234747827053, 0.018646128475666046, 0.005286570638418198, 0.030318517237901688, -0.018545741215348244, -0.007691334001719952, 0.00863517913967371, 0.03774941712617874, -0.023839550092816353, -0.07419086247682571, 0.023485329002141953, 0.023939982056617737, 0.010817540809512138, -0.049609892070293427, -0.05172571539878845, -0.010135781019926071, 0.02051164023578167, -0.060063231736421585, 0.00846607144922018, -0.04537692293524742, -0.028871389105916023, -0.07968640327453613, 0.03543858230113983, -0.01754041761159897, 0.018529092893004417, 0.046702250838279724, 0.013951973989605904, 0.05742848664522171, 0.006852242164313793, 0.03875578194856644, -0.05712954327464104, 0.07919339090585709, -0.005412991624325514, 0.0008180878940038383, -0.007248326670378447, 0.02961018495261669, -0.018922867253422737, 0.016355575993657112, 0.014298278838396072, 0.006395348813384771, -0.007537880912423134, -0.047002483159303665, -0.012202407233417034, -0.019466595724225044, 0.003454709891229868, -0.006035780534148216, 0.004967025946825743, -0.05585257709026337, 0.07369526475667953, 0.0019511429127305746, -0.04184524714946747, 0.014769426546990871, 0.015496402978897095, -0.03606424480676651, 0.06419461220502853, -0.005759865045547485, 0.0270459596067667, -0.0030232116114348173, 0.006461316719651222, -0.00930745154619217, -0.0974070206284523, 0.07119224220514297, -0.03943723812699318, 0.01544240117073059, -0.05570140480995178, 0.0321013517677784, 0.06097865849733353, 0.013355745933949947, -0.02917185239493847, -0.047296397387981415, -0.013185816816985607, 0.005690697580575943, -0.031484346836805344, 0.04197185859084129, 0.05238024890422821, 0.04192423075437546, -0.025863222777843475, -0.011031821370124817, 0.07666271179914474, -0.07396925985813141, 0.03420518338680267, -0.05714113637804985, 0.04058237373828888, -0.04109220579266548, 0.06273159384727478, -0.08796263486146927, -0.017193978652358055, -0.005194570869207382, 0.058267828077077866, 0.03255542740225792, -0.06620864570140839, -0.018830254673957825, 0.002057286212220788, -0.06318490952253342, -0.02721702866256237, -0.008439794182777405, 0.004245203919708729, -0.03441383317112923, 0.00743469363078475, 0.001258783508092165, -0.014112901873886585, 0.005252614617347717, -0.007395363412797451, 0.007020146586000919, -0.01227547600865364, -0.04276083782315254, -0.03266362473368645, 0.00920279324054718, -0.01751565933227539, 0.02146061509847641, 0.011575178243219852, -0.01607132889330387, -0.02365829050540924, -0.0051722596399486065, -0.019428221508860588, 0.011197865009307861, 0.009949401021003723, -0.039812132716178894, -0.02670760452747345, -0.047424670308828354, -0.048098497092723846, 0.006220471113920212, 0.05112432315945625, -0.02012139931321144, 0.032585568726062775, -0.07109493762254715, 0.00746742682531476, 0.05451422557234764, -0.023640697821974754, -0.026625871658325195, -0.017938483506441116, -0.05074992775917053, 0.004163883626461029, 0.0641932412981987, -0.0028841900639235973, -0.0037993674632161856, -0.022762328386306763, -0.040999218821525574, 0.028736906126141548, 0.022041084244847298, -0.03972050920128822, 0.05336998403072357, 0.015642130747437477, -0.011556431651115417, -0.04110851138830185, -0.020414620637893677, -0.018441088497638702, -0.011096836067736149, 0.039535120129585266, -0.038689661771059036, 0.01987634412944317, 0.010405141860246658, 0.051787395030260086, 0.02669386751949787, -0.009551450610160828, 0.017285238951444626, 0.02083984576165676, -0.04590381309390068, -0.05915696546435356, -0.017138082534074783, -0.043117720633745193, -0.06254009902477264, 0.02439354732632637, 0.03254469484090805, -0.02306908182799816, 0.07831539213657379, -0.029776955023407936, 0.00112831499427557, 0.04192328825592995, 0.01651228405535221, -0.014036152511835098, 0.05480484664440155, 0.056252725422382355, 0.0009165811352431774, -0.034391261637210846, -0.0009588718530721962, -0.017261946573853493, -0.013332106173038483, 0.0070417337119579315, 0.014418598264455795, 0.05969448760151863, 0.03137333691120148, -0.03448125347495079, -7.115506812501286e-33, -0.011724637821316719, -0.02025822550058365, 0.019455375149846077, 0.05805141106247902, 0.038885463029146194, -0.03186645731329918, 0.002147537423297763, 0.011503245681524277, -0.0559060238301754, -0.01358692068606615, 0.016414249315857887, 0.029371442273259163, 0.028172282502055168, -0.026464194059371948, -0.03518906235694885, 0.06977726519107819, 0.01647285930812359, -0.045945629477500916, 0.03163575008511543, -0.01765131764113903, 0.007565612904727459, 0.016403133049607277, -0.0010894333245232701, 0.07471365481615067, 0.06899307668209076, 0.010126065462827682, 0.021787229925394058, -0.0009613069705665112, -0.039739616215229034, -0.022164883092045784, 0.06120594963431358, 0.02671346440911293, -0.005526234861463308, 0.035451922565698624, -0.021916883066296577, -0.04633910208940506, 0.022356370463967323, -0.01985940895974636, -0.02001732774078846, -0.0008886472205631435, 0.016456132754683495, -0.009187710471451283, 0.025221556425094604, 0.0010301708243787289, -0.0683191642165184, -0.11099005490541458, -0.0024733548052608967, 0.0024382544215768576, -0.009564786218106747, -0.012240370735526085, -0.007854430004954338, -0.0006743238773196936, 0.016107026487588882, 0.0013953043380752206, -0.015340386889874935, 0.004999229684472084, 0.015868233516812325, -0.04927290230989456, -0.021939117461442947, -0.03149973601102829, 0.027296168729662895, 0.06819293648004532, -0.008304298855364323, -0.012832939624786377, 0.030251286923885345, -0.005709255579859018, 0.042681578546762466, 0.008203702978789806, 0.03396611288189888, 0.043526824563741684, 0.03283575549721718, -0.045605506747961044, -0.03857814520597458, -0.013136198744177818, 0.09382449835538864, -0.02954891324043274, -0.03252358362078667, 0.022075170651078224, 0.02869446948170662, 0.014210137538611889, -0.02919105626642704, -0.025585439056158066, 0.022098803892731667, 0.012639432214200497, -0.021748367697000504, -0.02784186601638794, -0.02008422091603279, -0.0649481937289238, 0.008682513609528542, -0.03005174547433853, 0.08633289486169815, 0.07194975018501282, 0.007136340718716383, -0.02414417266845703, -0.030687937512993813, -0.06457125395536423, 0.05357453227043152, 0.04265301674604416, -0.05916891619563103, -0.0008936158264987171, 0.06948196142911911, -0.0017267996445298195, 0.020791953429579735, 0.01057799719274044, 0.022658387199044228, -0.0023291627876460552, 0.02220909669995308, 0.020767273381352425, 0.003596118651330471, -0.010819594375789165, 0.008687783032655716, 0.01781649701297283, 0.03548986837267876, 0.04412839189171791, -0.04597027599811554, 0.011320003308355808, 0.0367765873670578, -0.05933259800076485, 0.006927568465471268, -0.012431693263351917, 0.012823987752199173, -0.03737450763583183, 0.01883174292743206, -0.026423711329698563, -0.03729434683918953, -0.025020234286785126, 0.035698771476745605, 0.11155573278665543, -0.07952839136123657, 0.009588921442627907, -0.03285769745707512, -0.004442495759576559, 2.6415904130772105e-07, -0.0015082746976986527, -0.001099518733099103, -0.03612025827169418, -0.054365795105695724, 0.03744257986545563, -0.046956855803728104, -0.04599668085575104, 0.0088408924639225, 0.05430932715535164, -0.04408879950642586, 0.012304679490625858, -0.017261289060115814, -0.010243707336485386, -0.005874039139598608, 0.04877123609185219, -0.043804947286844254, 0.05829935893416405, -0.00465765967965126, -0.0010576731292530894, 0.01745857298374176, -0.009100002236664295, 0.008300253190100193, 0.015274622477591038, -0.033332742750644684, 0.035483844578266144, 0.02920670248568058, 0.016590073704719543, -0.11071761697530746, 0.021646350622177124, -0.012060843408107758, -0.0003661812224891037, 0.07517965883016586, 0.042480140924453735, -0.029040437191724777, 0.011660357937216759, 0.007023093290627003, -0.023817220702767372, 0.0159438569098711, -0.057786304503679276, 0.029612218961119652, -0.0004584674024954438, -0.023021088913083076, -0.009646425023674965, -0.041426222771406174, -0.005686433054506779, 0.03978535532951355, -0.002817336702719331, 0.014121531508862972, -0.053579483181238174, -0.03024999424815178, 0.0013430094113573432, -0.018349526450037956, 0.014396440237760544, -0.018686775118112564, 0.01353555079549551, 0.015624149702489376, 0.0011818077182397246, -0.013528070412576199, 0.030977649614214897, 0.013866811990737915, -0.004679745528846979, -0.04007430374622345, 0.029719935730099678, 0.10146200656890869, -0.04121720418334007, 0.008980068378150463, -0.0016624473500996828, 1.6900735461738451e-34, -0.0035631773062050343, -0.002277223626151681, 0.048257362097501755, -0.014139007776975632, 0.01654059812426567, -0.020180650055408478, 0.03045791946351528, -0.03738202899694443, 0.012187623418867588, -0.03612552955746651, -0.07063331454992294], 'similarity': 0.05725606160520754}, {'name': 'Moudjahid Moussa', 'date': '2023-09-28', 'followers': 369, 'impressions': 1024, 'engagement_rate': 0.0896, 'num_videos': 2, 'num_images': 2, 'num_carousels': 0, 'impressions_embedding': [0.00892145186662674, 0.012687889859080315, -0.010727380402386189, 0.0002813438477460295, 0.02209431119263172, 0.01087526511400938, -0.023364122956991196, 0.021344037726521492, -0.06362825632095337, 0.0044645583257079124, 0.009800919331610203, -0.04900350794196129, 0.019552072510123253, 0.025849543511867523, 0.03752462565898895, -0.024728205054998398, 0.009749761782586575, 0.009536500088870525, -0.0029809584375470877, -0.005364995449781418, -0.05168403685092926, -0.03529595583677292, 0.008792320266366005, -0.0036712486762553453, -0.058887965977191925, -0.037711188197135925, -0.014104845933616161, -0.01799355261027813, -0.006169302389025688, 0.02920784428715706, -0.05669436603784561, -0.054814644157886505, 0.03318757563829422, 0.01900150626897812, 1.7505095684100525e-06, -0.034165456891059875, 0.019486943259835243, 0.031738247722387314, -0.03208651393651962, 0.05488036572933197, 0.07192526012659073, 0.011756041087210178, -0.013322968035936356, -0.012815641239285469, 0.02215505950152874, -0.02340865507721901, -0.016593707725405693, 0.018945112824440002, 0.01959630660712719, -0.0011550970375537872, 0.0014130285708233714, -0.061105359345674515, 0.10507474839687347, -0.005928338039666414, 0.08492753654718399, -0.09155337512493134, 0.013895686715841293, 0.03978566825389862, -0.005759989842772484, 0.024249209091067314, 0.02459772303700447, 0.0003844020830001682, 0.007365634199231863, -0.04967081919312477, -0.023618970066308975, -0.03437008336186409, -0.056786950677633286, -0.02112458273768425, 0.019123071804642677, 0.008666001260280609, 0.030395301058888435, 0.05819956958293915, -0.008831905201077461, 0.0319860614836216, -0.002485597040504217, -0.07934512197971344, 0.06782504916191101, 0.05106835439801216, -0.009363001212477684, -0.055265143513679504, 0.005642841104418039, -0.0035185543820261955, 0.042983464896678925, -0.04591253399848938, 0.0007471269345842302, -0.037521664053201675, 0.032138604670763016, 0.023250233381986618, 0.024801434949040413, -0.0009075851994566619, -0.055558547377586365, -0.03789447247982025, -0.04962862282991409, 0.015789559110999107, -0.019845949485898018, 0.00507550872862339, 9.579744073562324e-05, -0.026739876717329025, 0.016348255798220634, -0.06237058714032173, 0.03270658105611801, 0.040734585374593735, 0.050970666110515594, 0.03030969575047493, -0.0025370516814291477, 0.07330551743507385, -0.05402923375368118, -0.07145305722951889, 0.02678733319044113, 0.04445158317685127, 0.022620391100645065, -0.006353601347655058, -0.05240106210112572, 0.010666834190487862, 0.04445451870560646, 0.004970317706465721, 0.034580495208501816, 0.01848144270479679, -0.012011955492198467, 0.07282653450965881, 0.010932687669992447, -0.03475058823823929, 0.030398933216929436, 0.021548941731452942, -0.019809145480394363, 0.0073397401720285416, -0.07040337473154068, -0.050704605877399445, -0.021782243624329567, -0.07095110416412354, 0.011301444843411446, -0.030015652999281883, -0.023311497643589973, -0.07969331741333008, -0.002094258088618517, -0.0644862949848175, -0.01748831756412983, 0.014920080080628395, 0.062036775052547455, -0.05003521218895912, 0.03114178404211998, -0.02456064149737358, -0.02307143621146679, -0.009087707847356796, 0.016720052808523178, 0.019929364323616028, -0.008994702249765396, 0.015634063631296158, 0.02693961374461651, 0.035560980439186096, 0.027390683069825172, -0.02460819110274315, -0.02433478645980358, -0.014335052110254765, 0.05085397884249687, 0.002148045925423503, 0.0801280066370964, 0.001248383428901434, 0.0022053520660847425, 0.027065956965088844, 0.018984396010637283, -0.010241998359560966, 0.00402864022180438, -0.0016683731228113174, 0.00774497352540493, 0.017788445577025414, -0.06684784591197968, 0.030671844258904457, 0.009397611953318119, 0.03539479151368141, -0.059613119810819626, 0.03775818645954132, 0.0018989965319633484, -0.01941526122391224, 0.026310080662369728, 0.029475638642907143, 0.042006008327007294, -0.012300466187298298, -0.052424993366003036, -0.016734400764107704, 0.039329465478658676, -0.17732352018356323, -0.014505523256957531, -0.008179263211786747, 0.052793361246585846, 0.020153217017650604, 0.12750616669654846, -0.022545550018548965, -0.0033009399194270372, 0.013677841983735561, 0.02289152331650257, -0.002866172231733799, -0.018168700858950615, 0.006895602215081453, -0.007787699811160564, -0.06997239589691162, -0.0037738194223493338, -0.014072843827307224, -0.014347553253173828, 0.0067046326585114, 0.0023286202922463417, -0.04125356301665306, 0.06672752648591995, 0.09453929960727692, -0.036751579493284225, -0.016507839784026146, 0.02006208710372448, -0.014311517588794231, -0.021498167887330055, -0.02506878972053528, 0.04026547819375992, 0.01668396405875683, 0.05292117968201637, 0.04708864539861679, -0.003922837786376476, -0.006090485956519842, 0.020299676805734634, -0.0050309207290410995, 0.03403184190392494, -0.0329439714550972, -0.03905394673347473, -0.057346146553754807, 0.03047811985015869, 0.024025607854127884, -0.017598586156964302, -0.019714947789907455, -0.008432475849986076, -0.049651503562927246, -0.08196338266134262, 0.007942910306155682, 0.03021680749952793, -0.024619776755571365, 0.03679525479674339, 0.021839657798409462, 0.015924222767353058, -0.03985991328954697, -0.024305202066898346, -0.061433956027030945, 0.015443292446434498, 0.03867772966623306, 0.02951546013355255, -0.017670392990112305, 0.022707851603627205, 0.04085417836904526, 0.01877211593091488, -0.05939892679452896, -0.05128346383571625, -0.005679994821548462, -0.05408696085214615, -0.03307408094406128, -0.004012509249150753, 0.04883186146616936, 0.026901839300990105, -0.003602332202717662, 0.019803062081336975, 0.006403789389878511, 0.029750904068350792, -0.004187356680631638, -0.038572121411561966, -0.053821027278900146, -0.027785155922174454, -0.001883422490209341, 0.032162878662347794, -0.012836395762860775, -0.0030597453005611897, -0.0026108783204108477, 0.019608622416853905, 0.021046774461865425, -0.020619969815015793, -0.024416612461209297, -0.02675294689834118, 0.09600134193897247, -0.015709448605775833, 0.019121842458844185, -0.01039762981235981, -0.014632017351686954, -0.02049083262681961, 0.021282244473695755, 0.009456302970647812, 0.029740456491708755, 0.05174287408590317, 0.052352748811244965, 0.0180463008582592, 0.012539098970592022, 0.01457183063030243, 0.023823978379368782, -0.0003342569398228079, 0.02723703905940056, 0.005329332780092955, 0.01718757301568985, 0.016450179740786552, 0.026697052642703056, -0.002888658782467246, -0.019444482401013374, -0.007045060861855745, 0.0020777254831045866, -0.046857137233018875, 0.010376363061368465, 0.016090968623757362, 0.021504677832126617, 0.03514586761593819, -0.018380729481577873, -0.0022613368928432465, -0.02572236768901348, 0.007936264388263226, -0.0869561955332756, -0.02521245926618576, 0.019381461665034294, 0.05470452457666397, 0.08135497570037842, -0.027734022587537766, 0.04223416745662689, -0.03092164918780327, -0.017456622794270515, 0.029427196830511093, 0.031230436637997627, 0.02336273156106472, 0.044728439301252365, 0.019334735348820686, 0.06119866296648979, -0.01659994199872017, 0.04685599356889725, -0.010373776778578758, 0.042595766484737396, 0.022759605199098587, 0.0384979322552681, 0.040476348251104355, 0.05595146492123604, 0.015661809593439102, -0.016377627849578857, 0.015765318647027016, -0.05936645716428757, 0.00020540517289191484, 0.050414688885211945, -0.021493427455425262, -0.011533087119460106, -0.026796508580446243, -0.05140405520796776, -0.009723236784338951, -0.017112603411078453, -0.021094299852848053, 0.018283868208527565, 0.0067704240791499615, -0.061620377004146576, 0.01028131227940321, -0.0006447462947107852, -0.01709129847586155, 0.0024425166193395853, 0.006149237975478172, -0.0383063443005085, 0.04460872337222099, 0.038518406450748444, 0.007940195500850677, 0.0024143068585544825, -0.010095176286995411, -0.07629965245723724, -0.0008594319224357605, 0.05710634961724281, -0.02083655074238777, 0.009630412794649601, 0.04353763163089752, -0.006999200209975243, -0.008804375305771828, 0.04551275819540024, -0.008624457754194736, 0.04221240431070328, 0.06200437992811203, 0.007832080125808716, -0.08478792011737823, 0.007168131414800882, 0.09307334572076797, 0.0187306459993124, -0.01858346350491047, 0.02041822113096714, -0.029074646532535553, -0.045171454548835754, -0.0354287289083004, -0.001666287542320788, -0.027043281123042107, 0.007636400405317545, 0.004083071369677782, 0.00646645063534379, 0.01156556885689497, 0.003193972399458289, 0.009646875783801079, -0.054762911051511765, -0.007843229919672012, -0.019582703709602356, -0.06336966156959534, -0.02975342608988285, 0.005731978453695774, -0.017836490646004677, -0.053427375853061676, 0.011589945293962955, 9.238539496436715e-05, -0.03168698772788048, 0.018272310495376587, 0.012978796847164631, 0.019665854051709175, 0.03969746455550194, -0.017105761915445328, -0.0023638498969376087, 0.024613911285996437, 0.05147377401590347, -0.027050381526350975, -0.008594688959419727, 0.031179603189229965, 0.013327663764357567, -0.035905446857213974, -0.06226029992103577, -0.053692031651735306, -0.019603688269853592, 0.009494030848145485, 0.041939057409763336, -0.018647588789463043, -0.025430219247937202, -0.00013401788601186126, 0.02542980946600437, -0.04460708051919937, -0.07840065658092499, 0.03262260928750038, 0.06212100386619568, -0.035790618509054184, 0.08540557324886322, 0.0071632592007517815, 0.008112099021673203, 0.03175141662359238, 0.0010281577706336975, -0.0007291771471500397, -0.017923370003700256, -0.0216962993144989, -0.01698470115661621, -0.024375688284635544, -0.002397892065346241, 0.04981787130236626, -0.004036689642816782, -0.01356307603418827, -0.006717624608427286, 0.05146225169301033, -0.02551545761525631, 0.03107415698468685, -0.008911892771720886, -0.044364675879478455, 0.016621680930256844, -0.034563906490802765, 0.03041873127222061, -0.026897447183728218, 0.029931288212537766, -0.03559654578566551, 0.03323488309979439, 0.07897981256246567, -0.0838869959115982, 0.04989045113325119, -0.09195473790168762, 0.03808065503835678, -0.007505579851567745, 0.046356119215488434, -0.04958458989858627, -0.019368421286344528, -0.0035270112566649914, 0.04033578187227249, 0.01697394624352455, -0.048822905868291855, -0.01892821490764618, -0.007765427231788635, -0.14011411368846893, -0.0201264675706625, -0.05271320417523384, -0.0007000063778832555, -0.050096213817596436, -0.05696982890367508, 0.016915462911128998, -0.016813356429338455, 0.027849538251757622, -0.03614487126469612, 0.049056801944971085, -0.035261571407318115, -0.006104249507188797, 0.04186714068055153, -0.0021196398884058, -0.0056833564303815365, -0.032801732420921326, 0.0007704233285039663, -0.0626400038599968, 0.015322128310799599, -0.04085668548941612, -0.004806349519640207, -0.018689848482608795, -0.015233900398015976, 0.017310641705989838, 0.02616245485842228, -0.03711695224046707, -0.04591215401887894, -0.03208967670798302, 0.057057540863752365, -0.03203804790973663, -0.02089107409119606, -0.05385385826230049, 0.016749436035752296, 0.03077557124197483, -0.002319416729733348, -0.0011017974466085434, -0.025664424523711205, -0.0311821848154068, -0.04833836853504181, 0.05057897791266441, 0.01064896397292614, -0.021527668461203575, -0.03064775839447975, -0.019056411460042, 0.04953393340110779, 0.06881995499134064, -0.029301390051841736, 0.01016601175069809, 0.032039038836956024, 0.036643125116825104, -0.030265294015407562, -0.022656580433249474, -0.0431436188519001, -0.022766929119825363, -0.0036378465592861176, -0.03798152506351471, -0.0074712359346449375, 0.005700076464563608, 0.03523370251059532, 0.009270907379686832, 0.006517456378787756, -0.014558174647390842, 0.017834598198533058, 0.03986246883869171, -0.0007620998658239841, -0.000211884529562667, 0.019941125065088272, 0.017923768609762192, 0.00533889839425683, 0.121610127389431, -0.06781800091266632, 0.07615020871162415, -0.00892131682485342, 0.04269523546099663, 0.027069618925452232, -0.03896903619170189, -0.021306652575731277, -0.0022234139032661915, 0.004773417953401804, 0.032494209706783295, 0.01697807013988495, -0.007854368537664413, 0.00872286781668663, 0.007100224960595369, -0.020237615332007408, 0.06058920919895172, -0.013686291873455048, 0.05739779770374298, -0.031569477170705795, -5.826849824577245e-33, 0.01232888549566269, 0.014072953723371029, 0.009615277871489525, -0.0184159092605114, -0.060563717037439346, -0.016059191897511482, 0.03290766477584839, -0.07221236824989319, -0.03333594650030136, 0.0254284106194973, -0.04225049167871475, 0.005015199072659016, 0.01947556622326374, -0.007254698779433966, -0.018904663622379303, 0.035879626870155334, -0.00543395197018981, -0.0033600851893424988, -0.013998931273818016, -0.03913853317499161, -0.018335966393351555, -0.007136940490454435, -0.0019803254399448633, 0.06443613022565842, 0.03110400214791298, -0.015958093106746674, 0.0476432703435421, -0.009796040132641792, 0.03734304755926132, -0.014012940227985382, -0.011348797008395195, 0.03522061929106712, -0.014391422271728516, -0.04473377391695976, 0.010163543745875359, 0.011647967621684074, 0.02163194864988327, -0.0312314722687006, -0.018868694081902504, 0.022366048768162727, -0.03531675785779953, -0.04693160578608513, -0.0018307501450181007, -0.008585755713284016, -0.03986167535185814, -0.018960757181048393, 0.02128651924431324, -0.043181706219911575, 0.006123560946434736, 0.032246895134449005, 0.012789137661457062, 0.019767120480537415, 0.0043250820599496365, 0.028433358296751976, -0.05247064679861069, -0.01745213381946087, 0.01413208618760109, -0.06108882278203964, -0.0036050109192728996, 0.003222760045900941, 0.050936900079250336, 0.019729236140847206, -0.05032170191407204, -0.011460048146545887, 0.033609844744205475, -0.03955968841910362, 0.031988393515348434, 0.01501154899597168, -0.047957826405763626, 0.05909162759780884, -0.03685637190937996, 0.07381404936313629, 0.03941565752029419, 0.007316097617149353, 0.050748541951179504, -0.031076913699507713, -0.006745642051100731, -0.037667326629161835, 0.054779693484306335, -0.020512090995907784, 0.03099018521606922, -0.03993277624249458, 0.05522075667977333, -0.00640498660504818, -0.04577501490712166, -0.005918519571423531, 0.0011110868072137237, -0.003790280083194375, 0.013719756156206131, -0.020137431100010872, 0.005592683795839548, 0.038487546145915985, -0.00017002690583467484, -0.018846428021788597, -0.00875162798911333, -0.0008039126405492425, 0.038695141673088074, 0.019089432433247566, 0.0019380658632144332, 0.02498987317085266, 0.09881654381752014, 0.021438924595713615, -2.983313606819138e-05, 0.010067122057080269, -0.0008282914641313255, 0.007500218227505684, -0.08335791528224945, 0.002292985562235117, -0.011748826131224632, -0.013596628792583942, -0.02056306228041649, -0.006395522505044937, -0.0073883142322301865, 0.05623146891593933, 0.008584250696003437, 0.02611244097352028, -0.0051389713771641254, -0.05061028525233269, -0.027935583144426346, -0.03555290028452873, 0.037674661725759506, -0.08394985646009445, -0.025192072615027428, 0.022392945364117622, -0.0039908974431455135, 0.011547532863914967, -0.04940487816929817, -0.004901331849396229, -0.06771973520517349, 0.03076297603547573, -0.006174047477543354, -0.015511401928961277, 2.295583527711642e-07, -0.025102855637669563, 0.002285911701619625, -0.01652386598289013, 0.003558924188837409, 0.009595212526619434, -0.013959106057882309, -0.036604490131139755, 0.013673017732799053, 0.03323603421449661, -0.08520559221506119, -0.04254310950636864, -0.013388369232416153, -0.022112518548965454, -0.024867920204997063, 0.05472894757986069, -0.008605330251157284, 0.019996747374534607, 0.0303095243871212, 0.0009072688990272582, 0.027659444138407707, 0.02777455933392048, 0.011719212867319584, -0.005128900986164808, 0.03222814202308655, 0.02039366587996483, 0.00333330943249166, 0.011038113385438919, -0.08839483559131622, 0.022059505805373192, -0.009806379675865173, 0.07837723195552826, -0.003946478944271803, 0.03769010305404663, 0.05674664303660393, 0.04032853618264198, 0.0008952314965426922, 0.006470382213592529, 0.0712553933262825, 0.00016765273176133633, 0.004074271768331528, -0.009721445851027966, -0.08598865568637848, 0.010354483500123024, -0.05908672511577606, 0.01641669124364853, 0.08749280124902725, -0.042921531945466995, 0.019507212564349174, -0.01199414487928152, -0.08288531750440598, -0.004073077812790871, 0.016460832208395004, 0.053467266261577606, 0.024677561596035957, 0.04711232706904411, -0.013045569881796837, -0.023879600688815117, 0.00047567638102918863, -0.03662427142262459, -0.042991653084754944, 0.0038991416804492474, -0.07328905165195465, 0.021443713456392288, 0.08728709816932678, 0.04537633806467056, 0.013946348801255226, 0.007444520480930805, 1.0948030921230685e-34, -0.04313989728689194, 0.003969397861510515, 0.05965491384267807, -0.01055124495178461, 0.02629080042243004, -0.023157283663749695, -0.009956440888345242, -0.025685621425509453, 0.037685129791498184, -0.06626579910516739, 0.010798530653119087], 'engagement_rate_embedding': [-0.030648810788989067, -0.09764200448989868, -0.0069030169397592545, -0.012326190248131752, -0.006275170017033815, -0.0015082546742632985, -0.03873080387711525, -0.07082593441009521, -0.03054090030491352, -0.008456983603537083, -0.0004014408332295716, -0.0022389849182218313, 0.005571442190557718, 0.03582768514752388, -0.04517862945795059, -0.02438189461827278, 0.019357359036803246, 0.015679307281970978, 0.079015351831913, 0.0005757077015005052, -0.02700059488415718, -0.05045834928750992, -0.016469843685626984, 0.011035575531423092, 0.038406211882829666, -0.03346819803118706, 0.008995169773697853, 0.010768214240670204, 0.006343776360154152, -0.014036207459867, -0.037935249507427216, -0.01205745805054903, 0.027023321017622948, 0.007230871822685003, 1.7069802424884983e-06, -0.04389612004160881, 0.0449763759970665, 0.06215484067797661, 0.011935453861951828, 0.023657996207475662, 0.003912777174264193, 0.06554125994443893, -0.014844746328890324, 0.028660640120506287, -0.01940959319472313, 0.02837834693491459, -0.003625211538746953, -0.0245050098747015, -0.09165912121534348, -0.007229353301227093, 0.020400788635015488, 0.03721051663160324, -0.019816530868411064, 0.010804140008985996, 0.0711456686258316, -0.08533265441656113, 0.02580980584025383, 0.06605885922908783, -0.032013796269893646, 0.050252486020326614, -0.010981111787259579, 0.04326282814145088, 0.004988105036318302, -0.0013863637577742338, -0.03101995959877968, -0.01540184486657381, 0.023725131526589394, 0.0003235284530092031, 0.044133510440588, -0.0011971149360761046, 0.08095409721136093, 0.04447654262185097, -0.05130971968173981, 0.06614812463521957, -0.024835174903273582, -0.02693508006632328, -0.044926539063453674, -0.004291154444217682, -0.007915017195045948, 0.011004029773175716, 0.006400276906788349, 0.02446172758936882, -0.004888091702014208, -0.004133624956011772, -0.044785067439079285, 0.051824990659952164, -0.005755327176302671, 0.01938384771347046, 0.06782985478639603, -0.05150016024708748, -0.0366896353662014, -0.06676378846168518, 0.031174547970294952, 0.007397209294140339, -0.02189621515572071, -0.03967772424221039, 0.013911638408899307, -0.012720952741801739, 0.022595519199967384, -0.058999817818403244, 0.030415643006563187, 0.0420059859752655, -0.004712600726634264, 0.042798593640327454, -0.06042669713497162, 0.013812103308737278, -0.017455849796533585, -0.005699662026017904, 0.04299114644527435, 0.0872272253036499, 0.03851563110947609, -0.02857978828251362, 0.035544902086257935, -0.026033736765384674, 0.042316172271966934, -0.04921324551105499, 0.012946742586791515, -0.014427587389945984, 0.019362833350896835, 0.01146190706640482, 0.040623679757118225, 0.0599474236369133, -0.022180866450071335, 0.01299737673252821, -0.08305151760578156, 0.03940676897764206, -0.0275089293718338, -0.007922912016510963, 0.020427627488970757, -0.01696658693253994, -0.002030126517638564, -0.021987643092870712, -0.006871869321912527, -0.027079058811068535, 0.04215586557984352, -0.0067957802675664425, 0.019694946706295013, 0.02452116273343563, 0.06338830292224884, -0.04330957680940628, -0.023185286670923233, 0.01981016993522644, -0.018158232793211937, -0.01822517439723015, -8.313384023495018e-05, 0.006705042906105518, 0.025454005226492882, -0.06148841232061386, 0.016031209379434586, 0.004038065206259489, 0.016919227316975594, 0.0003668545978143811, -0.07012813538312912, -0.012833913788199425, 0.020045477896928787, -0.0037211463786661625, -0.0033200238831341267, -0.046059899032115936, 0.01715676859021187, 0.020029526203870773, 0.024987386539578438, -0.016857268288731575, -0.024318667128682137, -0.02047685533761978, 0.005771226715296507, 0.014642837457358837, 0.03990351781249046, 0.03950245678424835, -0.08210356533527374, -0.008245028555393219, -0.02992227114737034, 0.05210797116160393, -0.016155289486050606, -0.038861509412527084, 0.030891921371221542, 0.07485267519950867, 0.02693827636539936, -0.009332947432994843, 0.011858339421451092, -0.005001934245228767, 0.04209016263484955, -0.13012227416038513, -0.01174024399369955, 0.02153547666966915, -0.007031991612166166, 0.05570375546813011, 0.10245469957590103, -0.0651918351650238, -0.024816682562232018, -0.011221298947930336, -0.0030448969919234514, 0.008085310459136963, -0.056816015392541885, 0.07101687788963318, -0.010598831810057163, -0.005578985903412104, 0.04219594597816467, -0.016121741384267807, -0.028972569853067398, 0.041713517159223557, 0.021617254242300987, -0.031240398064255714, 0.10558917373418808, 0.0048367721028625965, -0.007315711118280888, 0.016098633408546448, 0.02457438036799431, -0.0013962213415652514, 0.0011741486378014088, -0.0551338829100132, 0.07487520575523376, -0.005848560016602278, 0.04399384558200836, -0.0037846381310373545, 0.024711966514587402, -0.03015572763979435, -0.013142420910298824, 0.006169391330331564, -0.00949085969477892, -0.0011454488849267364, 0.0005525656160898507, -0.046794343739748, 0.0414053313434124, 0.016833120957016945, 0.006667592562735081, 0.029238490387797356, -0.042842425405979156, -0.07046234607696533, -0.04220651462674141, 0.0018358592642471194, -0.0194229818880558, -0.005038397386670113, -0.006724588572978973, 0.017812833189964294, -0.006540600210428238, -0.013727700337767601, 0.02115626446902752, -0.012716913595795631, 0.039680059999227524, -0.05938282236456871, 0.03768891841173172, -0.026910902932286263, -0.009674337692558765, 0.05118712782859802, 0.003387562232092023, 0.05192980915307999, 0.011909078806638718, -0.05405006557703018, -0.001021865988150239, 0.009589342400431633, -0.0094134621322155, 0.006317253224551678, -0.022812068462371826, -0.012433430179953575, 0.03278728574514389, 0.0019409589003771544, 0.02223283238708973, 0.014291225001215935, -0.06505222618579865, -0.01898699812591076, -0.02756430022418499, -0.025290485471487045, -0.03145143389701843, -0.0063970377668738365, 0.010732149705290794, -0.05148385465145111, 0.008148389868438244, -0.0525970421731472, -0.0075640929862856865, -0.0030689435079693794, 0.04924004524946213, 0.03480356186628342, -0.014285421930253506, 0.015515993349254131, -0.027440281584858894, 0.006717976648360491, -0.01340571977198124, -0.03223874792456627, 0.012171448208391666, 0.0009183207876048982, -0.0028444272466003895, -0.01793600805103779, -0.017817875370383263, -0.01130087859928608, 0.010558605194091797, -0.03553326427936554, 0.06896074116230011, 0.03301333263516426, -0.06770481914281845, 0.04579031839966774, 0.005507153924554586, -0.023045100271701813, 0.014009340666234493, 0.010560241527855396, 0.05879000574350357, -0.010876382701098919, -0.046098001301288605, -0.03916211053729057, 0.02946389652788639, 0.05498862266540527, 0.016321467235684395, -0.026176929473876953, -0.0324171744287014, -0.04479299113154411, -0.012310980819165707, 0.007410130929201841, -0.006119489669799805, 0.00837532989680767, -0.028141455724835396, 0.0381118580698967, 0.005766796879470348, -0.013057745061814785, 0.015295898541808128, -0.005132343154400587, -0.013085893355309963, -0.04512905701994896, 0.007104093674570322, 0.05781121924519539, 0.029948923736810684, 0.09515421092510223, 0.013051807880401611, 0.009321152232587337, -0.007003291510045528, -0.000831460754852742, 0.02549668215215206, 0.04218107461929321, -0.026110412552952766, 0.05505001172423363, -0.012639909982681274, -0.026922574266791344, 0.02803836017847061, -0.07660450786352158, -0.024956952780485153, -0.011443281546235085, 0.04593529552221298, -0.0570542998611927, -0.04846911132335663, -0.040935780853033066, 0.007047301158308983, -0.009142841212451458, -0.020391661673784256, 0.058200523257255554, 0.04524539038538933, -0.07086458057165146, -0.00024922803277149796, 0.025165215134620667, 0.006450971122831106, -0.052151184529066086, 0.025305386632680893, -0.041157957166433334, 0.014967177994549274, -0.0011829342693090439, -0.013807108625769615, -0.055550191551446915, -0.048790834844112396, -0.06938493251800537, 0.010689286515116692, -0.03641045466065407, -0.03389758989214897, 0.014051760546863079, -0.015633687376976013, 0.028694065287709236, 0.01901829056441784, 0.14670118689537048, -0.09760325402021408, -0.006277765613049269, 0.026421314105391502, 0.0002324387605767697, -0.0021401054691523314, 0.020165299996733665, 0.008590243756771088, 0.06594657897949219, -0.02233705297112465, 0.02764577604830265, 0.010510165244340897, 0.04118720069527626, -0.039293158799409866, -0.00450154161080718, -0.025071455165743828, 0.03952200338244438, -0.015422930009663105, -0.08108879625797272, 0.04009956866502762, 0.0322488434612751, -0.008943920955061913, -0.051214735954999924, -0.03702786564826965, -0.031484901905059814, -0.010616956278681755, -0.04852304980158806, 0.014726654626429081, -0.030606763437390327, -0.011191263794898987, -0.042261652648448944, 0.012134048156440258, -0.0007125985575839877, 0.042652517557144165, 0.035693056881427765, 0.022462960332632065, 0.04062161222100258, -0.005574814509600401, 0.03421061113476753, -0.008709254674613476, 0.08352376520633698, -0.004277176223695278, -0.021033786237239838, 0.0008506644517183304, 0.033517349511384964, -0.028175588697195053, 0.03293059021234512, 0.027344822883605957, 0.04276948794722557, -0.010089053772389889, -0.04008271172642708, -0.012124487198889256, -0.02220977284014225, -0.008565233089029789, -0.0228557325899601, 0.0013157763751223683, -0.06427454948425293, 0.06369443237781525, 0.01715349592268467, -0.034057240933179855, 0.002726936712861061, 0.03626896068453789, -0.06379792839288712, 0.043938685208559036, 0.013826580718159676, 0.02903505228459835, -0.01926826499402523, -0.014500940218567848, 0.0037965942174196243, -0.06495960056781769, 0.03938480094075203, -0.04547157138586044, 0.022648390382528305, -0.048555225133895874, 0.02620639279484749, 0.051339924335479736, -0.010340544395148754, -0.010895511135458946, -0.030598191544413567, -0.011591206304728985, 0.03870012238621712, -0.044489145278930664, 0.08031391352415085, 0.038078673183918, 0.05387795716524124, -0.03812108188867569, -0.02256902866065502, 0.07457257062196732, -0.07196686416864395, 0.04075320437550545, -0.050152406096458435, 0.06044243648648262, -0.03437826782464981, 0.030432788655161858, -0.1043018251657486, -0.00645127147436142, 0.008311597630381584, 0.038680702447891235, 0.02396847866475582, -0.05395999550819397, -0.030804524198174477, 0.0018094140104949474, -0.07045044004917145, -0.030833574011921883, 0.039195287972688675, -0.01815139502286911, -0.011025072075426579, -0.012960970401763916, -0.003015353810042143, -0.024905266240239143, -0.0015401577111333609, -0.011082285083830357, 0.016995053738355637, -0.022704215720295906, -0.01747102104127407, 0.014356340281665325, 0.0314728319644928, -0.007031669374555349, -0.0005777809419669211, -0.0011712763225659728, -0.018490469083189964, -0.03633873909711838, -0.03665038198232651, -0.007421230431646109, -0.009339747950434685, 0.011825544759631157, -0.04710385203361511, -0.02667062357068062, -0.03673859313130379, -0.024027468636631966, 0.028644325211644173, 0.05960583686828613, -0.0011550558265298605, -0.0013605154817923903, -0.05076364800333977, -0.006526192184537649, 0.05858439579606056, -0.0252943504601717, -0.01235406007617712, -0.02970089018344879, -0.03146030381321907, -0.0012054428225383162, 0.06183717027306557, 0.018642865121364594, 0.019687427207827568, -0.02116699144244194, -0.04869522899389267, 0.035965073853731155, 0.018135542050004005, -0.0009425656171515584, 0.031294889748096466, -0.0076196757145226, -0.0063340505585074425, -0.06181379780173302, -0.010843168944120407, -0.05001361295580864, 0.01533052884042263, 0.017934195697307587, -0.020933637395501137, 0.020279519259929657, 0.011756871826946735, 0.06793256103992462, 0.025461412966251373, 0.00019720396085176617, 0.015637151896953583, 0.014821038581430912, -0.035858068615198135, -0.05738883838057518, -0.040810540318489075, -0.03907264024019241, -0.05512290820479393, 0.03789853677153587, 0.017734549939632416, -0.07725349068641663, 0.0810978040099144, 0.011578213423490524, -0.007552494294941425, 0.06852132081985474, 0.002689711982384324, -0.006982930935919285, 0.08450935781002045, 0.041139133274555206, 0.028925105929374695, -0.05066040903329849, -0.0033778625074774027, -0.008982155472040176, 0.013957018963992596, -0.008677911944687366, 0.04269660636782646, 0.07367060333490372, 0.03728748857975006, -0.04233315959572792, -6.218621520555174e-33, 0.006762104108929634, -0.025854645296931267, 0.0073607005178928375, 0.04532475769519806, -0.0038351041730493307, -0.06199730187654495, -0.020222077146172523, -0.0011052587069571018, -0.04068870469927788, 0.014033199287950993, 0.00306683499366045, 0.0459105521440506, 0.02697298862040043, -0.014223976992070675, -0.00870341807603836, 0.04575026407837868, 0.00013869638496544212, -0.018182998523116112, 0.044259220361709595, -0.040605898946523666, 0.02341245487332344, 0.04259980842471123, 0.0411866270005703, 0.0672939196228981, 0.0981857106089592, 0.01923326402902603, 0.038856249302625656, -0.0016430732794106007, -0.0037084135692566633, -0.019999543204903603, 0.048771150410175323, 0.0237348061054945, -0.01822468265891075, -0.039169225841760635, -0.02535315975546837, -0.042889419943094254, 0.027898043394088745, -0.07176374644041061, -0.026627058163285255, -0.014480511657893658, 0.004987804219126701, 0.009415565989911556, 0.0005171435768716037, -0.005846729036420584, -0.03553788363933563, -0.09219730645418167, -0.0012375899823382497, -0.009313222952187061, 0.008054083213210106, -0.024900248274207115, -0.01813354715704918, -0.01177260372787714, 0.02483358606696129, -0.003330292645841837, 0.0013688512844964862, 0.0027078972198069096, 0.015601898543536663, -0.0439021959900856, -0.01600627601146698, -0.024528656154870987, 0.007925949990749359, 0.05354396626353264, -0.022402165457606316, -0.03116113506257534, 0.036644794046878815, -0.007266256492584944, -0.00427189702168107, -0.0022963820956647396, 0.017605334520339966, 0.027572572231292725, 0.03503357619047165, -0.07209312915802002, -0.03209448605775833, -0.01230593677610159, 0.062204066663980484, 0.014603032730519772, -0.016072459518909454, 0.012300840578973293, 0.0362946055829525, 0.0014635485131293535, -0.007856877520680428, 0.002194964559748769, 0.04394078999757767, 0.0010431944392621517, -0.02860497497022152, -0.03242434561252594, -0.016064897179603577, -0.05584418401122093, 0.013049931265413761, -0.02316068857908249, 0.07378491759300232, 0.08808208256959915, 0.025144856423139572, -0.010627947747707367, -0.03255384415388107, -0.04377039521932602, 0.04630275443196297, 0.02278229594230652, -0.04432744160294533, -0.009845925495028496, 0.04226158186793327, 0.008941970765590668, 0.009395565837621689, 0.009087800979614258, 0.025318613275885582, -0.030747251585125923, 0.015592173673212528, 0.040882859379053116, 0.01350456103682518, -0.024058064445853233, 0.024992356076836586, 0.028315549716353416, 0.057976461946964264, 0.03737336024641991, -0.03938574343919754, 0.0001916728651849553, 0.031118590384721756, -0.06843488663434982, -0.007019217126071453, 0.002084458712488413, 0.0044135465286672115, -0.00019919825717806816, 0.029131116345524788, -0.01735907420516014, -0.030309749767184258, -0.01462440937757492, 0.005618888419121504, 0.05065250024199486, -0.10427135229110718, 0.018016910180449486, -0.01964610442519188, 0.02035336010158062, 2.3624910738817562e-07, 0.004086022265255451, -0.028978846967220306, -0.03975755348801613, -0.01603715308010578, 0.034425828605890274, -0.04934804141521454, -0.04894382506608963, -0.007252276409417391, 0.08849368244409561, -0.07717202603816986, 0.046171315014362335, -0.0018728794530034065, -0.027000365778803825, -0.0076521215960383415, 0.040540196001529694, -0.017762091010808945, 0.0400397814810276, 0.00205601891502738, 0.019528305158019066, 0.0286667812615633, -0.028730453923344612, 0.004279498942196369, 0.005526556633412838, -0.013123775832355022, 0.028577495366334915, 0.02743474207818508, -0.009072626009583473, -0.117926225066185, 0.015572465024888515, -0.016202254220843315, -0.0017884793924167752, 0.08120830357074738, 0.06070240959525108, -0.03470364212989807, 0.011226280592381954, 0.019547702744603157, -0.008669103495776653, 0.0018499810248613358, -0.029245831072330475, 0.005623156670480967, -0.004967384040355682, -0.034101348370313644, 0.0033054635860025883, -0.028270017355680466, -0.004213406704366207, 0.0004843702190555632, -0.006572932470589876, -0.013976546004414558, -0.03351779282093048, -0.014000543393194675, 0.010680671781301498, -0.017595188692212105, 0.04290151596069336, -0.0037092827260494232, -0.0038664250168949366, 0.054871972650289536, -0.0007532704039476812, -0.04147360846400261, 0.013797708787024021, 0.04393879324197769, -0.0089989909902215, -0.024259621277451515, 0.0251457579433918, 0.0928734838962555, -0.024683447554707527, -0.005329528823494911, 0.013727064244449139, 1.0376374472690124e-34, -0.010117786936461926, 0.0011675407877191901, 0.027783680707216263, 0.017630133777856827, 0.02939554862678051, -0.015309417620301247, 0.029520248994231224, -0.04119826853275299, 0.011101549491286278, -0.06492974609136581, -0.07122562825679779], 'similarity': 0.05568721965160339}], 'top_engagement': [{'name': 'Moudjahid Moussa', 'date': '2023-08-03', 'followers': 369, 'impressions': 1413, 'engagement_rate': 0.105, 'num_videos': 2, 'num_images': 4, 'num_carousels': 0, 'impressions_embedding': [-0.017969220876693726, 0.02774816006422043, 0.005245354492217302, 0.051935672760009766, 0.01173418015241623, -0.002000658307224512, -0.04132853448390961, 0.021696386858820915, -0.12611478567123413, 0.011513929814100266, 0.015416470356285572, -0.05410773679614067, 0.03722042590379715, 0.03462693467736244, 0.0007722980226390064, -0.014233971945941448, 0.018017364665865898, 0.0033235095907002687, -0.069619320333004, 0.03114325925707817, -0.01730584353208542, 0.0022355797700583935, 0.01920897886157036, 0.012707444839179516, 0.05294991284608841, 0.0020356238819658756, -0.030385347083210945, -0.03637843579053879, 0.013248060829937458, 0.03413047641515732, 0.025551406666636467, -0.04976634308695793, 0.07459978759288788, 0.012184442952275276, 1.8189808770330274e-06, -0.04810933768749237, 0.01832379586994648, 0.02029028721153736, -0.02764677070081234, 0.05047866702079773, -0.08475042879581451, 0.013789906166493893, -0.04862078279256821, -0.002800618764013052, -0.024374229833483696, -0.07610920071601868, -0.02353319339454174, 0.056108612567186356, 0.0014678442385047674, 0.029113152995705605, 0.022129427641630173, -0.09100828319787979, 0.061131250113248825, -0.031035369262099266, 0.06594058126211166, 0.002824784955009818, -0.02509620040655136, 0.030607527121901512, -0.02484690211713314, 0.04596469923853874, 0.014829078689217567, 0.01827063225209713, 0.007603409234434366, -0.004957922734320164, 0.005377991124987602, -0.021527552977204323, -0.04861383140087128, 0.030587689951062202, 0.03859923034906387, 0.017891136929392815, 0.09068743884563446, 0.012352630496025085, 0.03866744786500931, 0.04876009374856949, -0.008689324371516705, -0.07989756017923355, -0.0032051459420472383, -0.024228645488619804, 0.016063300892710686, -0.03778545930981636, 0.04787994176149368, -0.021807562559843063, 0.017951034009456635, -0.016967158764600754, 0.0046912794932723045, -0.03677442669868469, -0.02337806485593319, -0.002807413227856159, 0.024790190160274506, -0.05632058158516884, -0.027029238641262054, -0.017200296744704247, 0.007859311066567898, 0.04735377058386803, -0.04173979535698891, -0.00662815710529685, 0.029219210147857666, 0.06391678005456924, -0.019562529399991035, 0.019836274906992912, -0.11502162367105484, 0.03679971024394035, 0.07219035178422928, 0.000694181420840323, 0.008158291690051556, -0.016627037897706032, -0.019339358434081078, -0.006794292014092207, -0.0032097077928483486, 0.03353649750351906, -0.026085305958986282, -0.011697418056428432, -0.012779382057487965, -0.06738845258951187, 0.03020932897925377, 0.05421535298228264, 0.008110009133815765, 0.008538588881492615, 0.04455167427659035, 0.07222230732440948, 0.011120658367872238, -0.003728885669261217, -0.003658084897324443, 0.002128897700458765, -0.032632015645504, 0.009423699229955673, -0.03475135192275047, -0.05716549977660179, -0.02503328025341034, -0.025056760758161545, -0.029253633692860603, 0.007112323772162199, 0.020848773419857025, -0.05567933991551399, 0.02400141954421997, 0.058667536824941635, -0.08525817841291428, -0.0002549015043769032, 0.04116971790790558, -0.056235171854496, 0.04849777743220329, -0.015025248751044273, -0.02053293026983738, 0.01465514488518238, 0.00589609844610095, 0.01662086509168148, 0.000925488187931478, 0.022245991975069046, 0.023335471749305725, 0.004732467234134674, 0.09169235080480576, -0.047437962144613266, -0.053195770829916, 0.013384360820055008, -0.025953641161322594, 0.03275294229388237, -0.041763391345739365, -0.042218487709760666, -0.005124931689351797, 0.031189806759357452, 0.015158935450017452, -0.05194811522960663, -0.01946057379245758, 0.007905797101557255, 0.011164273135364056, 0.013754352927207947, 0.04117479920387268, 0.03933290019631386, -0.12096887826919556, 0.0018806956941261888, -0.054855674505233765, -0.0010709130438044667, 0.03761274367570877, 0.017992548644542694, 0.018013499677181244, 0.03415485844016075, 0.05763751268386841, -0.020186839625239372, -0.013918750919401646, 0.009452578611671925, 0.004633550997823477, -0.1096525490283966, -0.027912354096770287, 0.01099143922328949, 0.04846136271953583, 0.022827906534075737, 0.03441823273897171, 0.002617778955027461, 0.0032536969520151615, 0.0004853217978961766, 0.017153887078166008, -0.01932871714234352, -0.0007971852319315076, 0.02946823090314865, 1.7785294403438456e-05, -0.04135939106345177, 0.004921209067106247, -0.02883276529610157, -0.051121119409799576, 0.023723820224404335, 0.031187966465950012, -0.0026255182456225157, 0.10380315780639648, 0.08144786208868027, 0.011967247352004051, 0.012258411385118961, 0.03435302898287773, -0.03188338875770569, -0.06953570991754532, -0.04091766104102135, 0.004299181047827005, 0.04767023026943207, 0.036418572068214417, -0.011810438707470894, -0.006205803249031305, -0.0045935241505503654, 0.03263318911194801, -0.004027991555631161, 0.03678162768483162, 0.016840998083353043, 0.03296384587883949, -0.011418149806559086, 0.008861811831593513, 0.007355132605880499, -0.1340460479259491, -0.08083217591047287, -0.0721154659986496, -0.055110082030296326, -0.005812115967273712, -0.03303873911499977, 0.009290602058172226, -0.022782491520047188, 0.026577316224575043, 0.008935371413826942, 0.04744313284754753, 0.01818068139255047, 0.013702349737286568, -0.0640583336353302, -0.026528477668762207, -0.06553450971841812, -0.04513503611087799, -0.03940446674823761, -0.012468302622437477, 0.0010486666578799486, 0.020585525780916214, -0.03571946546435356, -0.04347999393939972, -0.052897028625011444, -0.009635348804295063, -0.017267227172851562, 0.020935429260134697, 0.01750282756984234, 0.005975855980068445, 0.0006573843420483172, -0.004029078409075737, -0.026646343991160393, 0.026985669508576393, -0.008669612929224968, 0.006804650649428368, -0.04606877639889717, -0.05477814003825188, -0.0037676538340747356, -0.017376573756337166, -0.005444556009024382, 0.040105730295181274, -0.004695239011198282, 0.000797850196249783, 0.05332275107502937, 0.005098702386021614, -0.058167219161987305, 0.008928760886192322, -0.00352967600338161, 0.05835972726345062, 0.024263110011816025, 0.03099721670150757, -0.046722203493118286, -0.035279132425785065, 0.011400292627513409, 0.004173580091446638, -0.004510066006332636, 0.044375885277986526, 0.0691608339548111, -0.008770322427153587, 0.02335764281451702, 0.05914323404431343, -0.012482144869863987, -0.009409905411303043, 0.03370974585413933, -0.05127996206283569, -0.016184162348508835, 0.009933861903846264, 0.010261126793920994, -0.017055196687579155, 0.037145745009183884, -0.01134894322603941, 0.020166365429759026, -0.011609396897256374, -0.006735649891197681, -0.022643789649009705, 0.06738153100013733, -0.017344025894999504, -0.02743852511048317, 0.026160061359405518, -0.01600477285683155, -0.018616385757923126, -0.00355377490632236, -0.03466450423002243, -0.022523341700434685, 0.007990855723619461, -0.0030244498047977686, -0.01764027774333954, 0.025776641443371773, -0.026636769995093346, 0.021770793944597244, 0.057846542447805405, -0.0069494713097810745, 0.026512200012803078, 0.03023904748260975, 0.002440618583932519, 0.020719200372695923, -0.00019956253527197987, 0.0010079056955873966, -0.02047555148601532, 0.07795655727386475, -0.02464401163160801, 0.04746810719370842, -0.008059635758399963, -0.007342448923736811, 0.02953387051820755, -0.0427653044462204, -0.011855862103402615, -0.11248788982629776, -0.011608629487454891, 0.009599119424819946, 0.01816077157855034, 0.003939679823815823, -0.024358266964554787, 0.04108330234885216, -0.022201629355549812, -0.04469943791627884, 0.027506042271852493, -0.0034168141428381205, 0.037483278661966324, -0.027654264122247696, -0.03633090481162071, -0.009980741888284683, 0.00018529484805185348, -0.024852951988577843, -0.0032512303441762924, -0.007854470051825047, 0.031090326607227325, -0.010916277766227722, 0.0034508213866502047, 0.008069146424531937, -0.04271915555000305, -0.03710669279098511, 0.009388783015310764, 0.01618337258696556, 0.016123929992318153, -0.022958317771553993, 0.012019090354442596, -0.006352878641337156, 0.011281723156571388, 0.021459832787513733, 0.006250436883419752, 0.015150661580264568, -0.014903993345797062, -0.01591595821082592, -0.09107155352830887, -0.0032292786054313183, -0.0010529750725254416, 0.02781636081635952, -0.040861666202545166, 0.020700624212622643, -0.01094615925103426, -0.00671376520767808, -0.00826964806765318, -0.017448846250772476, 0.001817435258999467, -0.01627252623438835, -0.02935384400188923, 0.027664246037602425, 0.009010923095047474, 0.022377189248800278, -0.02653445303440094, -0.003437172155827284, -0.0054472703486680984, -0.029240289703011513, -0.036383986473083496, -0.0018924156902357936, 0.06959114223718643, 0.09871115535497665, -0.016311384737491608, 0.029857706278562546, 0.019706960767507553, -0.01921488530933857, 0.013823200948536396, -0.014804155565798283, -0.00896744430065155, 0.031451236456632614, 0.0024420334957540035, 0.018633536994457245, -0.01804940029978752, 0.040092695504426956, 0.03054954670369625, -0.049463484436273575, 0.019350888207554817, 0.011235160753130913, -0.04429911449551582, -0.08525564521551132, -0.019563259556889534, 0.039702098816633224, -0.011752795428037643, 0.017809081822633743, -0.04149799421429634, 0.04808996245265007, -0.03069370612502098, 0.027940858155488968, -0.03245887532830238, -0.060938991606235504, 0.008572275750339031, 0.03159620985388756, 0.009852350689470768, 0.011566787026822567, 0.018372206017374992, -0.0027304706163704395, 0.01946564018726349, 0.00123104068916291, 0.0059347329661250114, -0.045648589730262756, 0.011699498631060123, -0.029655126854777336, 0.01526651345193386, -0.031199397519230843, -0.01224042009562254, 0.012927697040140629, -0.018848484382033348, 0.005424034781754017, -0.05677342042326927, -0.013000831007957458, 0.035705916583538055, -0.04821734502911568, -0.045939795672893524, -0.005885443650186062, -0.06421108543872833, 0.10635056346654892, -0.0010160548845306039, 0.023808203637599945, -0.025958208367228508, 0.008720829151570797, 0.07268578559160233, -0.08268634229898453, 0.06950873881578445, -0.03385170176625252, 0.04015010967850685, -0.014770060777664185, 0.030413620173931122, -0.0639837235212326, -0.015876632183790207, -0.025859545916318893, 0.009364874102175236, -0.000392751710023731, -0.02699524722993374, -0.0064667449332773685, -0.007707313634455204, -0.13215720653533936, -0.048106539994478226, 0.04839155077934265, 0.00023017531202640384, -0.04371853917837143, -0.034709520637989044, 0.0015410054475069046, -0.005886531434953213, -0.026174353435635567, 0.0024818014353513718, 0.01584288664162159, 6.577347812708467e-05, -0.018214531242847443, 0.09612412005662918, -0.011401752941310406, 0.03805122524499893, 0.005942339077591896, 0.020688146352767944, -0.058778565376996994, 0.05688832700252533, -0.06923768669366837, 0.0018970585661008954, -0.01782625913619995, -0.023296136409044266, -0.0055110217072069645, 0.009836542420089245, 0.008708199486136436, -0.039575256407260895, 0.04124295338988304, 0.08238674700260162, 0.024593248963356018, 0.027363058179616928, -0.026451462879776955, -0.00969787035137415, 0.1271476149559021, -0.018917962908744812, -0.011270357295870781, -0.0171741284430027, -0.02454557828605175, -0.0038419554475694895, 0.08371396362781525, 0.04648280516266823, -0.04367149993777275, -0.0025967916008085012, 0.008744186721742153, -0.0053003085777163506, -0.0024678322952240705, -0.006453249603509903, 0.02941327914595604, 0.018877554684877396, -0.04371671378612518, -0.02368314005434513, -0.02938934415578842, 0.00963548943400383, -0.002446411643177271, 0.0020798498298972845, -0.010951314121484756, -0.013188758864998817, 0.027100851759314537, 0.04682806506752968, -0.012548795901238918, -0.012410419061779976, -0.013852589763700962, 0.0006574990693479776, -0.0369863398373127, 0.03456122800707817, -0.03244713693857193, 0.07064912468194962, -0.02794097177684307, 0.0030487077310681343, 0.05688217282295227, -0.02570177987217903, 0.03708168864250183, 0.029828887432813644, 0.05528539791703224, 0.03303975611925125, -0.020983753725886345, 0.00486381771042943, -0.014430779963731766, -0.033399421721696854, 0.08017807453870773, 0.030559957027435303, 0.0073716603219509125, 0.0020059978123754263, -0.0013018379686400294, -0.04844265803694725, 0.014251218177378178, 0.029256802052259445, 0.00986708328127861, -0.04776819050312042, -6.439884087526484e-33, 0.03638086095452309, -0.024562979117035866, -0.012781841680407524, -0.0032320674508810043, -0.07910316437482834, -0.08773655444383621, 0.027458153665065765, -0.016827572137117386, -0.03961499035358429, 0.029513023793697357, -0.02331078052520752, -0.0018923411844298244, 0.01033488567918539, -0.03132755681872368, -0.027534781023859978, 0.005701510701328516, -0.030962510034441948, 0.0016481202328577638, -0.0030992731917649508, 0.0345960408449173, -0.0007487063994631171, 0.0061797103844583035, 0.05401984229683876, -0.03271068260073662, 0.0887368693947792, 0.026444192975759506, -0.009826889261603355, 0.011584246531128883, -0.03182981163263321, -0.011083496734499931, -0.019658299162983894, 0.03840000927448273, -0.0008224008488468826, 0.022605177015066147, 0.0009719129302538931, 0.02705691196024418, 0.010106800124049187, -0.04175763949751854, 0.03206273540854454, -0.015015586279332638, -0.02660110779106617, -0.020759407430887222, -0.03384724259376526, -0.011195018887519836, -0.03796877712011337, -0.06199095770716667, 0.020438432693481445, -0.012082475237548351, 0.003239821642637253, 0.018338080495595932, 0.03207674250006676, -0.012707673944532871, -0.02478339895606041, -0.011100525967776775, -0.04812861979007721, 0.06062877178192139, 0.01794513128697872, -0.02475404180586338, -0.04892701283097267, 0.008367951028048992, -0.002523792441934347, -0.026159241795539856, -0.04256535694003105, 0.050476182252168655, 0.008585825562477112, -0.0062691569328308105, 0.055634431540966034, -0.06972882896661758, -0.02235402911901474, 0.02190450392663479, -0.02748049423098564, 0.07110916078090668, -0.0022452129051089287, 0.007988193072378635, -0.005089092068374157, -0.020564403384923935, -0.007010743021965027, -0.050658103078603745, -0.04636775702238083, -0.0104436120018363, 0.0693356916308403, -0.04139726236462593, 0.000944217317737639, 0.01938733644783497, -0.028786400333046913, 0.015347691252827644, 0.05152790993452072, 0.012409910559654236, 0.003423459827899933, 0.005807633511722088, 0.02982782945036888, 0.09475978463888168, 0.04471609368920326, 0.005876855459064245, -0.04455387219786644, 0.020603986456990242, -0.008603441528975964, 0.014115455560386181, 6.617322014790261e-06, 0.04235643148422241, 0.056273672729730606, -0.0022403316106647253, -0.01561831682920456, -0.02117038331925869, -0.010426145046949387, -0.037157244980335236, -0.043651752173900604, 0.006506943143904209, -0.006541925016790628, 0.0014541249256581068, 0.018900183960795403, 0.04449089244008064, 0.0012318120570853353, 0.044877439737319946, -0.015509805642068386, 0.020258113741874695, 0.0020667118951678276, 0.004146590828895569, -0.0226174034178257, -0.008248163387179375, 0.018444709479808807, -0.05411338806152344, 0.011947765946388245, 0.009807995520532131, 0.0014109524199739099, 0.02702271193265915, -0.050802260637283325, 0.008951152674853802, -0.059038981795310974, 0.02557612583041191, 0.01597098633646965, -0.0012970829848200083, 2.39093424170278e-07, -0.0067985267378389835, -0.018675711005926132, -0.02969575673341751, -0.021548528224229813, 0.04575648158788681, -0.00689350813627243, -0.04556695744395256, 0.02202635072171688, 0.0074691446498036385, -0.020387902855873108, 0.0254204161465168, 0.016207316890358925, 0.014325091615319252, -0.017726682126522064, 0.050998639315366745, 0.016598613932728767, -0.07397857308387756, 0.003327174810692668, -0.007841265760362148, 0.010134129785001278, -0.055829018354415894, 0.022237146273255348, 0.006565920077264309, 0.03390280902385712, 0.032792989164590836, 0.03725976124405861, -0.012496605515480042, -0.03543534874916077, -0.08338896185159683, 0.023544590920209885, 0.06552672386169434, -0.020017094910144806, 0.04419426992535591, -0.05994078516960144, 0.02827371284365654, 0.038924939930438995, -0.014992292039096355, 0.05295241251587868, 0.023523878306150436, 0.048770807683467865, -0.04615812003612518, -0.055491819977760315, 0.05097164958715439, 0.04575061798095703, -0.030072692781686783, 0.03482911363244057, -0.015079434029757977, 0.002672787755727768, -0.038497403264045715, -0.035917479544878006, 0.017579011619091034, 0.051304880529642105, -0.027926722541451454, 0.048097122460603714, 0.03616619110107422, 0.008786559104919434, -0.012987219728529453, -0.05559023097157478, -0.03708041459321976, -0.037790440022945404, -0.003781077917665243, -0.09244191646575928, 0.023404575884342194, 0.05519576743245125, 0.0023336804006248713, 0.03786204010248184, 0.041293129324913025, 1.3390904480612436e-34, 0.00016852332919370383, 0.010305334813892841, 0.009415339678525925, 0.05023437365889549, 0.04592312127351761, 0.040257394313812256, -0.0008510948973707855, 0.0007698402623645961, 0.10298504680395126, -0.024107903242111206, 0.02850099839270115], 'engagement_rate_embedding': [-0.039902202785015106, -0.11110571771860123, 0.00735496636480093, -0.009321457706391811, -0.02100653015077114, -0.010834630578756332, -0.03766918182373047, -0.07945533096790314, -0.021603260189294815, -0.0032332336995750666, 0.04999348148703575, -0.022244108840823174, 0.042640939354896545, 0.09529978781938553, -0.06293657422065735, -0.06135071814060211, 0.01590581238269806, 0.040627192705869675, 0.06809499114751816, -0.014752516523003578, -0.025233935564756393, -0.038925062865018845, -0.013831863179802895, 0.03654203936457634, 0.03761805221438408, -0.005415471736341715, 0.02906659059226513, 0.018763259053230286, -0.02656441368162632, -0.017741885036230087, -0.005837452597916126, -0.03770163655281067, -0.012565657496452332, -0.018225178122520447, 1.9215294742025435e-06, -0.056649789214134216, 0.0714474767446518, 0.03863363713026047, 0.021898997947573662, 0.022125422954559326, 0.01019250974059105, 0.011394481174647808, -0.0351041741669178, 0.0054365890100598335, -0.021252792328596115, 0.0181755218654871, 0.01132757868617773, -0.018580816686153412, -0.09439529478549957, -0.0008670779061503708, 0.011699565686285496, 0.01287506427615881, -0.027153976261615753, 0.012502333149313927, 0.14039695262908936, -0.10119643807411194, 0.002625549677759409, 0.10538583993911743, -0.03284416347742081, 0.042121194303035736, -0.013647662475705147, 0.030488260090351105, -0.009180544875562191, 0.019530052319169044, 0.013029624707996845, 0.016596706584095955, 0.079803965985775, -0.013809047639369965, 0.0640401765704155, -0.007435115985572338, 0.06740090996026993, 0.06895561516284943, -0.031269412487745285, 0.07213810086250305, -0.0038502137176692486, -0.016391213983297348, -0.07451997697353363, 0.0008219481678679585, 0.011173117905855179, 0.002649516798555851, -0.0003315551148261875, 0.03305577114224434, 0.002743163611739874, 0.0013710985658690333, -0.041243910789489746, 0.02061326801776886, -0.012600880116224289, 0.0055119856260716915, 0.04833047091960907, -0.022232627496123314, -0.07294800132513046, -0.049601960927248, 0.012396015226840973, -0.018536200746893883, -0.019456181675195694, -0.03337603807449341, -0.0029305138159543276, -0.0035670273937284946, 0.04098958522081375, -0.12246028333902359, 0.0016034201253205538, 0.026889780536293983, 0.030555838719010353, 0.04090525954961777, -0.06360382586717606, -0.04312260076403618, 0.012895945459604263, -0.04042185842990875, 0.036426842212677, 0.05500664561986923, 0.029160568490624428, -0.01538979634642601, 0.014643391594290733, -0.035061996430158615, 0.04839836061000824, -0.019628914073109627, -0.03459624946117401, -0.05445526912808418, -0.0014121138956397772, 0.0014177276752889156, -0.010373545810580254, 0.0372491180896759, 0.006763663608580828, 0.023775916546583176, -0.040518566966056824, 0.0447816327214241, -0.0036521698348224163, -0.026836972683668137, 0.00889824889600277, -0.014943976886570454, 0.006721325684338808, -0.031912244856357574, -0.004563412629067898, -0.03323542699217796, 0.030558206140995026, -0.027354687452316284, -0.00023385715030599385, 0.021361269056797028, 0.0602322481572628, -0.018879620358347893, 0.01800117827951908, 0.026991114020347595, -0.026201756671071053, -0.03440852090716362, -0.034452132880687714, 0.030431512743234634, 0.042959146201610565, 0.02932758815586567, 0.02918284758925438, 0.000847771530970931, 0.0037918465677648783, 0.019353440031409264, -0.04783082380890846, -0.011707114055752754, 0.016024770215153694, -0.0063296095468103886, -0.0005056951777078211, -0.0007028334075585008, 0.022083451971411705, 0.0014248242368921638, 0.009205402806401253, -0.002438034163787961, -0.07635857164859772, -0.02472471259534359, -0.00540398433804512, -0.014817303977906704, -0.009482213295996189, 0.041607651859521866, -0.009490711614489555, 0.029712600633502007, -0.02887357957661152, 0.03751227632164955, -0.02860766276717186, -0.04266144707798958, 0.04061388596892357, 0.05493886396288872, -0.06204620376229286, -0.07477705925703049, -0.014479653909802437, -0.012034925632178783, 0.013242318294942379, -0.12940643727779388, -0.010153786279261112, 0.02049071528017521, -0.051222000271081924, 0.04598621279001236, 0.01140062976628542, -0.061752188950777054, -0.005129666533321142, -0.0016871399711817503, -0.03830425813794136, -0.018804680556058884, -0.033691707998514175, 0.04874280467629433, 0.005520832259207964, -0.013693039305508137, 0.04777565971016884, -0.01157278660684824, -0.03725023195147514, -0.006638302933424711, 0.010750859044492245, -0.01489429920911789, 0.10640176385641098, -0.038076601922512054, -0.00430590845644474, 0.007477802690118551, 0.044859521090984344, -0.02992209605872631, -0.04187227040529251, -0.025104470551013947, 0.09630116820335388, -0.004275775980204344, 0.05036216974258423, -0.015957320109009743, 0.04063015431165695, -0.09825887531042099, 0.012643605470657349, -0.0002529257908463478, -0.059517934918403625, 0.030508406460285187, 0.027181491255760193, -0.039804961532354355, 0.0084023866802454, -0.00971899926662445, -0.008288686163723469, 0.03108908236026764, -0.02303708717226982, -0.026600820943713188, -0.0035424784291535616, -0.010525102727115154, 0.0016492806607857347, -0.01098300889134407, -0.00512394355610013, 0.024689096957445145, 0.03740588203072548, 0.015139956027269363, 0.0034223466645926237, 0.006617002654820681, 0.049486808478832245, -0.059320539236068726, 0.040710993111133575, -0.045184917747974396, -0.002291070995852351, 0.035931218415498734, -0.004728789906948805, 0.03012140654027462, -0.020155135542154312, -0.03867921233177185, 0.009421216323971748, -0.027702001854777336, 0.0293283648788929, 0.019941089674830437, -4.638268364942633e-06, -0.0011389675782993436, 0.024587012827396393, 0.02969035878777504, -0.060578010976314545, 0.02194407768547535, -0.023109951987862587, -0.045613814145326614, -0.0004419246397446841, -0.04051205888390541, -0.024734385311603546, -0.03850385174155235, 0.037363450974226, -0.06187639757990837, 0.022778989747166634, -0.007186186965554953, 0.007925000041723251, -0.015610243193805218, 0.01922144927084446, 0.004993885289877653, 0.03599542751908302, 0.02377649024128914, -0.03040570393204689, -0.026549693197011948, -0.025976715609431267, 0.001625608536414802, 0.012892015278339386, 0.01424653921276331, 0.007618622854351997, -0.0037524874787777662, -0.01532546617090702, -0.007944432087242603, 0.022533273324370384, -0.021518316119909286, 0.05234281346201897, 0.02553527243435383, -0.005227625370025635, 0.03005286492407322, 0.03307918831706047, -0.04316287860274315, 0.01784377358853817, 0.005197746679186821, 0.05306294187903404, -0.02239658311009407, -0.016322128474712372, -0.02008729614317417, 0.024065125733613968, 0.031432606279850006, 0.020702069625258446, -0.05085749924182892, -0.04563625156879425, -0.03360817953944206, -0.017665185034275055, 0.05189495533704758, -0.06316844373941422, -0.03554966673254967, -0.04901793599128723, 0.015016617253422737, -0.016718264669179916, -0.0033881450071930885, -0.017211975529789925, -0.0007763764588162303, 0.008332057856023312, -0.029069509357213974, -0.02296096459031105, 0.04452862963080406, 0.016909057274460793, 0.03158893063664436, 0.0047319126315414906, 0.01566094532608986, -0.004809008911252022, -0.008185234852135181, 0.027830542996525764, 0.06185269355773926, -0.03244040161371231, 0.04576070234179497, -0.023849431425333023, -0.0018120387103408575, 0.015560304746031761, -0.021781563758850098, -0.01727508008480072, 0.0072744907811284065, 0.05649634450674057, -0.04278505593538284, -0.03032504767179489, -0.005459369160234928, 0.015212714672088623, -0.005805219989269972, -0.03427773714065552, 0.054452139884233475, 0.03148030489683151, -0.03899659961462021, 0.005781840533018112, 0.03555765375494957, -0.04898785054683685, -0.05691457912325859, -0.016095174476504326, -0.010938230901956558, 0.03627709299325943, 0.009743272326886654, -0.018054261803627014, -0.033516835421323776, -0.060044750571250916, -0.059121664613485336, -0.005745463073253632, -0.03404887765645981, -0.01979053020477295, 0.004284819588065147, -0.0696810856461525, -0.021572647616267204, 0.046188678592443466, 0.08324570208787918, -0.05807850882411003, 0.00344502879306674, -0.016960909590125084, 0.003638730850070715, 0.011351450346410275, -0.03073904477059841, 0.002918865531682968, 0.06048956140875816, -0.04033792391419411, -0.0007941183284856379, -0.018570993095636368, 0.04190165176987648, -0.03282824158668518, -0.03608284145593643, 0.034806426614522934, 0.036929499357938766, -0.0049463314935564995, -0.04401616379618645, 0.03839630261063576, 0.03921175375580788, 0.03782188147306442, -0.028368446975946426, -0.04915941506624222, 0.00881072785705328, -0.017608564347028732, -0.04676271602511406, 0.0037803533487021923, 0.01911398395895958, -0.014515689574182034, -0.05839746072888374, 0.016636880114674568, 0.009389269165694714, 0.011366846039891243, 0.048465628176927567, 0.014328742399811745, 0.02243712730705738, -0.0121182631701231, 0.027500012889504433, -0.05837344750761986, 0.08467765897512436, -0.033452801406383514, -0.006352558732032776, -0.04018745943903923, 0.04125566780567169, -0.0375237837433815, -0.022890934720635414, -0.004477631766349077, -0.0264884140342474, -0.012876074761152267, -0.027849610894918442, 0.012107545509934425, -0.039183057844638824, 0.0037004880141466856, 0.02078976482152939, -0.02199643664062023, -0.04153670743107796, 0.04967617243528366, -0.0008495986694470048, -0.02790931612253189, 0.005369651596993208, 0.012752974405884743, -0.03675585240125656, 0.026548031717538834, 0.02152154967188835, 0.02536129392683506, 0.009608606807887554, -0.006731566973030567, 0.012382283806800842, -0.07600767910480499, 0.04699418321251869, 0.005985673516988754, 0.00575404055416584, -0.015758458524942398, 0.030335012823343277, 0.03763628005981445, 0.022181876003742218, 0.016558675095438957, -0.04408295452594757, -0.01003828551620245, -0.009820438921451569, -0.04013625532388687, 0.000370951893273741, 0.03924417123198509, 0.05829046294093132, 0.017286844551563263, -0.015278317965567112, 0.04756082221865654, -0.07066969573497772, 0.039318740367889404, -0.027245795354247093, 0.02259695529937744, -0.051348716020584106, 0.021869085729122162, -0.05970399081707001, 0.0074179149232804775, 0.001976442988961935, 0.07821712642908096, 0.028044670820236206, -0.07503664493560791, -0.03179141879081726, -0.025938404724001884, -0.06672028452157974, 0.019719477742910385, -0.020327778533101082, 0.004759318195283413, -0.04344014450907707, -0.033890631049871445, -0.0005904090940020978, -0.01234578900039196, -0.021361837163567543, -0.021883411332964897, -0.0043223402462899685, 0.0035681966692209244, -0.03725655749440193, -0.0136598851531744, 0.019965684041380882, 0.031220611184835434, -0.004679975099861622, -0.004608724731951952, 0.028573308140039444, -0.024879615753889084, -0.0030921499710530043, 0.008474096655845642, 0.003557781456038356, 0.004855498671531677, -0.05070696771144867, -0.03048986941576004, -0.02873755618929863, -0.02886442095041275, 0.013250859454274178, 0.029331756755709648, -0.008672771975398064, -0.02399907074868679, -0.05293833836913109, 0.04208230599761009, 0.017435939982533455, -0.021208833903074265, -0.042050667107105255, -0.0012165769003331661, -0.0669887512922287, -0.00892042275518179, 0.03794487193226814, 0.00038167976890690625, -0.030682649463415146, -0.033366985619068146, -0.046661145985126495, 0.011004146188497543, -0.008358372375369072, -0.029010694473981857, 0.03055691160261631, 0.009731964208185673, 0.004952437710016966, -0.06444592028856277, -0.004583695903420448, -0.0024537823628634214, 0.00870827678591013, 0.02544928528368473, -0.024980640038847923, 0.01866118237376213, 0.026225203648209572, 0.009194411337375641, 0.05070451274514198, -0.018296506255865097, -0.002780020935460925, 0.036923766136169434, -0.04167875275015831, -0.06660639494657516, -0.0118412422016263, -0.04560418426990509, -0.03475778549909592, 0.05046606436371803, 0.046524081379175186, -0.005993109196424484, 0.0791717916727066, -0.02423996292054653, 0.0362616702914238, 0.02628486044704914, 0.011397160589694977, 0.04428765922784805, 0.06804733723402023, 0.04547984153032303, -0.0048704249784350395, -0.043548326939344406, 0.017482567578554153, 0.009953883476555347, 0.005877000745385885, 0.0364549346268177, 0.032171446830034256, 0.043678417801856995, 0.02998587302863598, -0.014176555909216404, -7.040079013428866e-33, -0.029322223737835884, -0.029896708205342293, 0.010282092727720737, 0.07135812193155289, 0.027874287217855453, -0.04069354012608528, -0.021827753633260727, 0.031334102153778076, -0.07165522128343582, 0.01792280003428459, 0.010793694294989109, 0.007819495163857937, 0.02854650840163231, -0.027280060574412346, -0.028230346739292145, 0.05821608752012253, -0.006335045211017132, -0.03507015109062195, 0.04583027958869934, -0.06608778238296509, 0.009128265082836151, 0.012414495460689068, 0.056689996272325516, -0.002641113242134452, 0.09972689300775528, -0.011167207732796669, 0.008170029148459435, 0.01596137322485447, -0.04833679273724556, -0.02430771104991436, 0.04478305205702782, 0.03274942561984062, -0.0045945290476083755, 0.03628886118531227, -0.0150540079921484, -0.0573338083922863, 0.06423868983983994, -0.03541926294565201, -0.021495873108506203, -0.006938296370208263, 0.0050040059722959995, -0.012583577074110508, 0.029135603457689285, 0.003216153709217906, -0.03353426605463028, -0.08173946291208267, 0.009625841863453388, 0.010207487270236015, -0.004537174943834543, 0.0139738405123353, -0.016146615147590637, -0.003921253141015768, 0.01479300670325756, 0.0029917550273239613, 0.0060364981181919575, 0.02688491716980934, -0.0013525980757549405, -0.059965815395116806, 0.020650170743465424, -0.046038661152124405, 0.017344452440738678, 0.06544805318117142, -0.0014556458918377757, -0.019266147166490555, 0.02422144263982773, -0.014423711225390434, 0.038562290370464325, 0.05483320355415344, 0.025747347623109818, 0.010525934398174286, 0.04922600835561752, -0.06457801908254623, -0.024146877229213715, 0.011870844289660454, 0.05766547843813896, -0.026997247710824013, -0.050066038966178894, 0.009561009705066681, 0.06712733209133148, 0.037355296313762665, -0.03784678876399994, 0.01701117306947708, 0.05989322438836098, 0.02930314466357231, -0.03446299955248833, -0.05666361376643181, -0.018951693549752235, -0.05315981060266495, 0.0006373156793415546, 0.007614102214574814, 0.11380840092897415, 0.06214046850800514, 0.004810263402760029, 0.0030168176162987947, -0.033954884856939316, -0.021221261471509933, 0.06838393211364746, 0.05036516115069389, -0.04575132578611374, 0.012578729540109634, 0.03935747221112251, 0.02590668387711048, -0.013344630599021912, -0.0030069523490965366, 0.01702897995710373, -0.010123271495103836, 0.0383128896355629, 0.024830935522913933, 0.011156577616930008, -0.011946513317525387, 0.011573724448680878, 0.04812213033437729, 0.011572189629077911, 0.08687539398670197, -0.0447506345808506, -0.00652286084368825, 0.027255365625023842, -0.01167810708284378, -0.009923533536493778, -0.0024053826928138733, 0.010459738783538342, -0.01431310549378395, 0.03962838277220726, -0.029423166066408157, -0.02204449474811554, 0.0019475045846775174, 0.038775354623794556, 0.0803697481751442, -0.09593819081783295, 0.0333591103553772, -0.01728781871497631, 0.024846794083714485, 2.6854280577026657e-07, 0.0023641616571694613, -0.01912159100174904, -0.018087923526763916, 0.009959719143807888, 0.019437288865447044, 0.02708231471478939, -0.028684763237833977, 0.010817959904670715, 0.05119434371590614, -0.05934081971645355, 0.007254255469888449, -0.014950359240174294, -0.025744842365384102, 0.0329693965613842, 0.06416216492652893, -0.010032418183982372, 0.007751318160444498, 0.026476707309484482, 0.02286291867494583, 0.01845466159284115, -0.052844900637865067, -0.013135969638824463, -0.003971791826188564, -0.027637477964162827, 0.03545000031590462, 0.04312163591384888, 0.011245685629546642, -0.12465483695268631, -0.04989989101886749, 0.0004710798675660044, -0.019670041278004646, 0.03774645924568176, 0.054748501628637314, 0.004277501255273819, 0.030286559835076332, 0.032788973301649094, -0.00475044222548604, 0.04704985022544861, -0.03754477947950363, 0.02392379194498062, 0.019941700622439384, -0.02170475572347641, 0.009549964219331741, -0.024356704205274582, -0.021501684561371803, 0.06851622462272644, -0.010880911722779274, 0.004562498535960913, -0.06227227672934532, -0.04673105105757713, 0.039569057524204254, -0.037951502948999405, 0.01021219976246357, -0.01841585524380207, 0.02419513463973999, 0.016737982630729675, -0.004547504708170891, -0.012276270426809788, 0.01695205084979534, -0.033423446118831635, -0.03431947901844978, -0.0031748490873724222, 0.045148029923439026, 0.12296932190656662, -0.0034816302359104156, 0.029613275080919266, -0.01348070241510868, 1.6084662284004502e-34, -0.004851302597671747, -0.01283399946987629, 0.03162623569369316, 0.044226545840501785, 0.01957957074046135, -0.011375759728252888, 0.05451223626732826, -0.028713932260870934, 0.014635827392339706, -0.02806883119046688, -0.05004040151834488], 'similarity': 0.06962542691658308}, {'name': 'Moudjahid Moussa', 'date': '2023-04-13', 'followers': 369, 'impressions': 1607, 'engagement_rate': 0.048, 'num_videos': 2, 'num_images': 2, 'num_carousels': 1, 'impressions_embedding': [-0.04592219740152359, 0.011047556065022945, 0.003165982197970152, 0.04895974323153496, 0.001921730232425034, -0.02707912027835846, -0.04649461805820465, 0.021977532655000687, -0.044208165258169174, 0.010817176662385464, 0.058236487209796906, -0.05384138971567154, 0.008878028020262718, 0.02889939397573471, 0.017633872106671333, 0.024251887574791908, 0.004846017807722092, 0.035078346729278564, -0.056687306612730026, 0.0144675737246871, -0.01625675894320011, 0.01968693733215332, -0.0006084590568207204, 0.012105854228138924, -0.03856790438294411, 0.04885333776473999, -0.03259648382663727, -0.02896956540644169, -0.0035771599505096674, 0.06832774728536606, 0.017384720966219902, -0.01788976788520813, 0.05848956108093262, 0.07336235046386719, 1.84421617177577e-06, -0.04879073426127434, 0.01227828860282898, 0.016793470829725266, -0.015075012110173702, 0.011633304879069328, 0.032934341579675674, 0.04972032085061073, -0.030812600627541542, 0.007419986184686422, -0.026752840727567673, -0.02951102703809738, 0.014022031798958778, -0.04269182309508324, -0.018659651279449463, -8.632180106360465e-05, -0.008029613643884659, -0.06678847223520279, 0.019494077190756798, 0.00025965736131183803, 0.08144303411245346, -0.022818548604846, -0.012050308287143707, 0.061859577894210815, 0.0033382887486368418, 0.049750592559576035, 0.011621200479567051, 0.03227958083152771, 0.011104087345302105, -0.024609213694930077, -0.0514565147459507, 0.017745232209563255, -0.06499019265174866, 0.052450936287641525, 0.052633557468652725, 0.013002271763980389, 0.09632723033428192, 0.005731640383601189, 0.02200641855597496, 0.06327556073665619, -0.04361182823777199, -0.04671188071370125, 0.027027012780308723, -0.03412497416138649, 0.030587419867515564, -0.026404540985822678, -0.02522469125688076, -0.027522141113877296, 0.02904573082923889, -0.020667310804128647, -0.010956216603517532, -0.035956695675849915, -0.013140278868377209, 0.028285788372159004, 0.03505077213048935, -0.04877246916294098, -0.03705376386642456, -0.03651755675673485, -0.009002802893519402, 0.05272691696882248, -0.010307262651622295, -0.011074249632656574, 0.014499937184154987, 0.012076352722942829, -0.0043070027604699135, -0.043331097811460495, -0.08490604162216187, 0.03826107457280159, -0.02416098676621914, 0.004818836692720652, -0.0038307951763272285, 0.027050476521253586, 0.010663487948477268, -0.03368609771132469, 0.017182137817144394, 0.022099457681179047, -0.050308503210544586, -0.0094248466193676, -0.021015919744968414, -0.04635901749134064, 0.04073392227292061, 0.021704966202378273, 0.01654258370399475, 0.008377980440855026, 0.030173296108841896, 0.0567401722073555, 0.0009728453005664051, 0.017995039001107216, 0.01671883836388588, -0.013565686531364918, -0.04394307732582092, -0.016008194535970688, -0.020178811624646187, -0.06003613770008087, -0.03651345893740654, -0.06119877099990845, -0.013488727621734142, -0.012385058216750622, -0.019709693267941475, -0.052351776510477066, -0.012947977520525455, -0.011900502257049084, -0.04492701217532158, 0.01992463693022728, 0.028440862894058228, -0.0435490682721138, -0.02103382535278797, -0.03449200466275215, 0.016669878736138344, 0.010668184608221054, 0.00911084096878767, -0.030008554458618164, 0.006486354861408472, 0.02376062236726284, 0.027265137061476707, 0.0034143421798944473, 0.05229928344488144, -0.052409060299396515, -0.013405641540884972, 0.010750798508524895, 0.034589625895023346, 0.018064001575112343, -0.01265613455325365, -0.014356626197695732, 0.010770145803689957, 0.011511387303471565, 0.014065227471292019, -0.05742202326655388, -0.015172132290899754, 0.024251481518149376, 0.02939760498702526, -0.012366793118417263, -0.03814341500401497, 0.0325094610452652, -0.10288125276565552, 0.0020934201311320066, -0.059735022485256195, 0.034157972782850266, 0.036776889115571976, -0.001329324790276587, 0.02443644218146801, 0.028054993599653244, -0.018966592848300934, 0.024435950443148613, 0.005844848230481148, -0.006500312592834234, 0.00638463394716382, -0.14549125730991364, -0.03638998046517372, 0.009861040860414505, 0.07490305602550507, 0.0290609672665596, 0.07705827802419662, -0.045836638659238815, -0.015661457553505898, 0.030106598511338234, 0.028732996433973312, -0.010064352303743362, -0.012360252439975739, 0.031808700412511826, -0.003889138577505946, -0.08722513169050217, 0.007724046241492033, 0.008113882504403591, -0.05396999418735504, -0.011007743887603283, 0.03151522949337959, -0.04573066532611847, 0.08710315823554993, 0.09790397435426712, -0.010333050042390823, -0.019472332671284676, 0.04925740137696266, -0.015527091920375824, -0.0069384039379656315, -0.029568513855338097, 0.039086196571588516, 0.04147413745522499, 0.04625076800584793, 0.01144202146679163, -0.004290358163416386, -0.009398750960826874, 0.027586568146944046, -0.05153916776180267, 0.007376743480563164, 0.013693831861019135, -0.01722983457148075, -0.054477084428071976, 0.028249163180589676, 0.020009798929095268, -0.045731689780950546, -0.04999026283621788, -0.043243128806352615, -0.07394400984048843, -0.023768814280629158, -0.035174883902072906, 0.05138542503118515, -0.021102242171764374, 0.017281217500567436, 0.03351004049181938, 0.029336199164390564, -0.04666987061500549, 0.025696750730276108, -0.09538746625185013, 0.00162277661729604, -0.06207194924354553, -0.02007119357585907, 0.06765646487474442, -0.0069364989176392555, 0.013119774870574474, 0.007652797736227512, -0.013174086809158325, -0.03219320997595787, -0.015000427141785622, -0.0391373485326767, -0.016126642003655434, 0.004897108767181635, 0.010420184582471848, 0.047429975122213364, -0.019767681136727333, 0.032725073397159576, -0.0676032081246376, -0.01638028956949711, 0.020128533244132996, 0.013460665941238403, -0.015211035497486591, -0.0556565597653389, 0.002842711517587304, -0.010467277839779854, 0.004290523007512093, 0.04778425395488739, -0.0204627625644207, -0.037072617560625076, -0.032597944140434265, -0.010665330104529858, -0.03227178379893303, -0.016371339559555054, 0.005577163305133581, 0.037144314497709274, 0.056255899369716644, 0.040620919317007065, -0.04770471155643463, 0.012167099863290787, -0.01870512217283249, -0.005096937529742718, 0.019093751907348633, 0.01728062517940998, 0.015348232351243496, 0.006776508875191212, 0.03507349640130997, 0.04742216318845749, -0.013511640019714832, -0.009066060185432434, -0.02398020215332508, 0.014761172235012054, 0.04635552316904068, -0.0056494963355362415, 0.04108651727437973, -0.042858488857746124, 0.032056745141744614, -0.02696893736720085, 0.023588642477989197, -0.001496124779805541, -0.01829642988741398, -0.0007617709343321621, 0.036000482738018036, 0.010203352198004723, -0.021420059725642204, -0.0028824026230722666, -0.03899214044213295, -0.03139302507042885, -0.09770389646291733, -0.01890505477786064, -0.01266811415553093, -0.007831992581486702, -0.038350243121385574, 0.013740395195782185, 0.014061669819056988, -0.005480722989886999, -0.02613290585577488, 0.031820233911275864, -0.004294734448194504, 0.045616514980793, 0.0017773633589968085, -0.030906470492482185, 0.01104902196675539, -0.011185872368514538, -0.02141234651207924, -0.02000167779624462, 0.05372927337884903, -0.03289565443992615, 0.07407309114933014, 0.027686413377523422, 0.010215935297310352, 0.060116808861494064, -0.009746355004608631, 0.004157457500696182, -0.14088089764118195, -0.019785022363066673, 0.006292982492595911, 0.016221128404140472, -0.005821791477501392, -0.044844064861536026, -0.040266312658786774, -0.05101025849580765, 0.003702174872159958, 0.024829251691699028, 0.017029523849487305, 0.03271296247839928, -0.07457857578992844, -0.037014298141002655, 0.028358805924654007, 0.023391449823975563, -0.005247520282864571, -0.0038736623246222734, 0.02493266575038433, 0.028667746111750603, 0.015152253210544586, 0.009301619604229927, -0.02500774897634983, -0.044197890907526016, -0.07366633415222168, 0.027179529890418053, 0.03511686623096466, 0.00137782481033355, 0.008216834627091885, 0.008389962837100029, 0.009355797432363033, -0.08523032814264297, 0.05723261460661888, 0.010070485062897205, 0.04098910093307495, -0.00048077170504257083, -0.007572033908218145, -0.1189030110836029, 0.0018592893611639738, 0.009850225411355495, 0.02025112323462963, -0.019812822341918945, 0.030892932787537575, 0.007393479347229004, -0.013252581469714642, -0.006736421026289463, -0.018408292904496193, -0.027184074744582176, -0.02973845601081848, -0.014691627584397793, -0.04503168910741806, 0.03274432197213173, 0.04059446230530739, -0.025488268584012985, -0.03790201619267464, 0.02501576952636242, -0.06477344036102295, -0.05214293301105499, 0.03113878332078457, 0.05646102875471115, -0.05772772431373596, 0.03625797852873802, 0.08715754747390747, 0.023752352222800255, -0.023318251594901085, -0.011872394941747189, -0.03487330675125122, 0.04494573548436165, 0.01964567042887211, -0.020360233262181282, 0.029110155999660492, 0.013885331340134144, 0.02246028743684292, -0.003251598682254553, -0.05684259161353111, -0.012305750511586666, 0.0052727642469108105, -0.002069433918222785, -0.01990773156285286, 0.049436163157224655, 0.014811390079557896, -0.05881742760539055, -0.00912175327539444, 0.02866094745695591, 0.012789741158485413, -0.014169610105454922, 0.0053823115304112434, 0.04036145284771919, -0.045143332332372665, 0.01892022415995598, 0.02805890515446663, 0.011467084288597107, 0.039833810180425644, 0.024522844702005386, 0.030066052451729774, 0.03304615244269371, 0.009724261239171028, 0.016300741583108902, -0.06428159028291702, 0.043140821158885956, -0.010665382258594036, 0.01791641302406788, 0.001344104646705091, -0.008691944181919098, -0.019175661727786064, -0.011076889932155609, 0.060290709137916565, -0.01751684583723545, 0.0018282777164131403, 0.040180645883083344, -0.03872544690966606, -0.03151869401335716, 0.020002001896500587, -0.047226157039403915, 0.07976053655147552, -0.011728496290743351, 0.02969871647655964, -0.01404794305562973, 0.0314229279756546, 0.06664442270994186, -0.07980365306138992, 0.015463350340723991, -0.044180139899253845, 0.040372539311647415, -0.01722664013504982, 0.010646588169038296, -0.07910624891519547, -0.008414146490395069, -0.007144590374082327, -0.009768149815499783, 0.0063964747823774815, -0.025173000991344452, -0.015396022237837315, -0.003493200521916151, -0.10722940415143967, -0.052560534328222275, -0.0012124765198677778, -0.03369729593396187, -0.0732775628566742, -0.016886822879314423, 0.012448012828826904, 0.002387292915955186, -0.006541274953633547, 0.005655549932271242, 0.045806530863046646, -0.00693473732098937, -0.02033533900976181, 0.017442917451262474, 0.003030079882591963, 0.005162681452929974, -0.022252900525927544, 0.021183811128139496, 0.009376350790262222, 0.03275532275438309, -0.05043439567089081, 0.004213920794427395, -0.022378800436854362, -0.028939347714185715, -0.00957535207271576, 0.009880207479000092, -0.05927975848317146, -0.04303168132901192, 0.04124845936894417, 0.0786156877875328, 0.004756307695060968, 0.05732647329568863, -0.04276197403669357, -0.008522888645529747, 0.12256519496440887, -0.025657542049884796, -0.0020417356863617897, -0.01629205048084259, -0.009722067043185234, -0.0021789497695863247, 0.07429184764623642, 0.021344907581806183, -0.012251078151166439, 0.005084342323243618, -0.0214095301926136, -0.039001401513814926, -0.0049722264520823956, -0.011264304630458355, 0.016575442627072334, 0.02950172871351242, 0.05035076290369034, -0.022972045466303825, -0.045526403933763504, 0.04255944490432739, -0.007395546417683363, -0.01495555229485035, -0.041138794273138046, 0.02032441273331642, 0.06947017461061478, 0.029815256595611572, -0.009745031595230103, -0.004151344299316406, -0.04042471945285797, 0.006864103488624096, -0.0011503079440444708, 0.016248134896159172, -0.04088936746120453, 0.02200915478169918, -0.022791041061282158, -0.005150738637894392, 0.12865139544010162, 0.0077111064456403255, 0.004331775940954685, 0.05834836885333061, 0.07991749793291092, 0.012351274490356445, 0.0020325344521552324, 0.008464179001748562, -0.01307334378361702, -0.010816280730068684, 0.054194092750549316, 0.024726657196879387, 0.019991621375083923, 0.007095649838447571, -0.00968699250370264, -0.040110036730766296, 0.04883499816060066, 0.008715661242604256, 0.015973899513483047, -0.07588917016983032, -6.435330516284986e-33, 0.06321341544389725, -0.029649093747138977, 0.03683482110500336, 0.05459723249077797, -0.0766274556517601, -0.032065849751234055, 0.012012419290840626, -0.023956306278705597, -0.05591735988855362, 0.026995016261935234, -0.01949784718453884, -0.036865901201963425, 0.025108277797698975, -0.0029903168324381113, -0.015005076304078102, 0.011134305968880653, -0.05547412857413292, 0.009748697280883789, -0.030140336602926254, -0.005425909534096718, -0.0026070037856698036, 0.004713405389338732, 0.058051761239767075, -0.004073462914675474, 0.04969396814703941, -0.006107102148234844, 0.014793078415095806, 0.04704022780060768, 0.02138201706111431, -0.008493654429912567, 0.0018026861362159252, -0.017464539036154747, -0.017866941168904305, -0.01541948039084673, 0.009375290013849735, 0.06291358172893524, 0.027806537225842476, -0.03852049633860588, -0.01979728229343891, -0.007700199726969004, -0.02150089666247368, 0.006535867229104042, -0.026919109746813774, -0.02270042523741722, -0.05043255537748337, -0.06084047257900238, 0.002474031876772642, -0.03947944566607475, -0.014185978099703789, 0.03667645901441574, 0.027101224288344383, 0.026691196486353874, -0.04637774080038071, -0.006773832254111767, -0.03938181698322296, 0.08423135429620743, 0.030924759805202484, 0.03600882366299629, -0.01060776598751545, 0.011536180973052979, -0.03403240442276001, -0.012704739347100258, -0.00860615260899067, 0.017619512975215912, 0.019002001732587814, -0.013548546470701694, 0.030561411753296852, -0.011043275706470013, -0.04768345504999161, -0.01772443577647209, -0.045897167176008224, 0.053090646862983704, 0.008111861534416676, 0.03494470193982124, -0.008835488930344582, 0.00505744107067585, -0.051068488508462906, -0.017787232995033264, -0.009593462571501732, 0.007256059441715479, 0.06688743084669113, -0.020834825932979584, 0.006680651102215052, 0.013180108740925789, -0.041262395679950714, 0.016011755913496017, 0.043663762509822845, 0.012785538099706173, 0.033442847430706024, -0.0011208310024812818, 0.05611191689968109, 0.021770693361759186, 0.027906667441129684, 0.009927470237016678, -0.01807510294020176, 0.01410208735615015, 0.02958035282790661, -0.010620936751365662, 0.006206216756254435, 0.027905208989977837, 0.06724797189235687, 0.010486455634236336, -0.014020598493516445, 0.023541878908872604, -0.000983759411610663, -0.018321240320801735, -0.07868308573961258, 0.01536592934280634, -0.011780478060245514, -0.014025106094777584, -0.006992836948484182, -0.029713686555624008, -0.050396163016557693, 0.08544085919857025, -0.010317924432456493, -0.0006521092727780342, 0.021773165091872215, -0.019720900803804398, -0.016954759135842323, -0.0113825723528862, 0.09039277583360672, -0.039773695170879364, 0.009479562751948833, 0.009115487337112427, -0.004874559585005045, 0.040522996336221695, -0.016990333795547485, -0.0025709045585244894, -0.06704868376255035, 0.02857794798910618, 0.015224811621010303, -0.008710489608347416, 2.3919844238662336e-07, -0.014611867256462574, -0.019573552533984184, -0.06014980375766754, -0.026314087212085724, 0.01199512928724289, -0.03850788250565529, -0.06335294991731644, 0.025722891092300415, -0.0066932737827301025, -0.03257400542497635, 0.03578566014766693, 0.03892434015870094, 0.03558158874511719, 0.007207633461803198, 0.03875676169991493, -0.11276787519454956, -0.011728264391422272, 0.010325941257178783, 0.01999448798596859, 0.016873730346560478, 0.016146264970302582, 0.030250871554017067, -0.010073632933199406, 0.015434898436069489, 0.03585698828101158, -0.06077221408486366, -0.007617299444973469, -0.0425177626311779, -0.0403498038649559, 0.015245083719491959, 0.0176080334931612, -0.05807599425315857, 0.025480974465608597, -0.05404749885201454, 0.017760295420885086, 0.04339947551488876, 0.008144658990204334, 0.0727892518043518, 0.011577107012271881, 0.07542300969362259, -0.03039778210222721, -0.008191602304577827, 0.04605654627084732, -0.0028811104129999876, -0.011998455971479416, 0.019807029515504837, -0.01650131680071354, 0.0028882757760584354, -0.016578081995248795, -0.06017584726214409, 0.005533238872885704, 0.043133869767189026, 0.002405286766588688, 0.04177233576774597, 0.027270065620541573, -0.017719078809022903, -0.001570451189763844, -0.02841893397271633, -0.04350884631276131, -0.004342272412031889, 0.002721115481108427, -0.07681190222501755, 0.038557589054107666, 0.0841093435883522, -0.0015989537350833416, 0.10696061700582504, 0.01252200547605753, 9.830128905936478e-35, -0.003939271438866854, -0.04384918510913849, 0.0037066263612359762, 0.03967858478426933, 0.02921696938574314, 0.014009356498718262, -0.014855793677270412, -0.02214365452528, 0.03811556100845337, -0.00875065941363573, 0.03198036551475525], 'engagement_rate_embedding': [-0.041641924530267715, -0.08107000589370728, -0.012516345828771591, 0.01942363753914833, -0.018351051956415176, -0.010785846970975399, -0.05504211410880089, -0.06328678131103516, -0.060143791139125824, -0.022041622549295425, 0.03330158442258835, -0.017222175374627113, 0.010684246197342873, 0.082450732588768, -0.03137598931789398, -0.050153374671936035, 0.020297637209296227, 0.024771319702267647, 0.040226299315690994, -0.0018966890638694167, -0.005864559207111597, -0.04395472630858421, -0.029859934002161026, 0.02341058850288391, 0.018727924674749374, -0.032037436962127686, 0.01581992395222187, 0.025342021137475967, -0.017871899530291557, -0.03420671820640564, -0.01883012056350708, -0.00018744893895927817, 0.007396060042083263, 0.03559325635433197, 1.954832441697363e-06, -0.040218647569417953, 0.04326096922159195, 0.04818229004740715, 0.00674427067860961, 0.0337420329451561, -0.001462798798456788, 0.039444729685783386, -0.014647318050265312, 0.018075227737426758, -0.022295581176877022, -0.004681700374931097, -0.004077949095517397, -0.01885688677430153, -0.09011261910200119, -0.0076905288733541965, 0.02451370097696781, 0.000690980174113065, -0.009569763205945492, 0.005482575390487909, 0.11099249869585037, -0.08385149389505386, 0.02186300791800022, 0.07478901743888855, -0.011255580000579357, 0.06085575371980667, -0.013521813787519932, 0.019076867029070854, 0.016898352652788162, 0.016331346705555916, -0.0004896870232187212, -0.007696479558944702, 0.06450803577899933, -0.032990582287311554, 0.05618548393249512, 0.0038679323624819517, 0.1096724420785904, 0.0405186265707016, -0.04787550866603851, 0.0822700560092926, -0.01814478635787964, -0.0596567802131176, -0.053892478346824646, 0.0120460856705904, 0.005970597267150879, -0.007308061234652996, -0.050148919224739075, 0.033090170472860336, 0.002545759314671159, -0.004040684085339308, -0.047149982303380966, 0.07273055613040924, -0.01576155237853527, 0.023729629814624786, 0.07185525447130203, -0.03335171192884445, -0.03518000617623329, -0.038024500012397766, -0.0019822423346340656, -0.005519915837794542, -0.006996823940426111, -0.027503211051225662, -0.00013268958718981594, 0.04344940558075905, 0.026759179309010506, -0.06151781603693962, -0.024272887036204338, 0.0340321883559227, -0.007977059110999107, 0.021559732034802437, -0.061125271022319794, -0.0006700737285427749, 0.0146101089194417, -0.0034996788017451763, 0.0465700626373291, 0.07266487181186676, 0.0399850532412529, -0.021212730556726456, -0.00013415867579169571, -0.05504733324050903, 0.06468228250741959, -0.025216957554221153, -0.018312809988856316, -0.026482122018933296, 0.017545407637953758, 0.001837382442317903, 0.031811799854040146, 0.03872136399149895, -0.020919084548950195, 0.005055665038526058, -0.06786534935235977, 0.03153805807232857, -0.002341740531846881, -0.02839122712612152, 0.02565014362335205, -0.03898049518465996, 0.001224419684149325, -0.050772830843925476, 0.0013749862555414438, -0.007207165937870741, 0.02190234512090683, 0.0009020447032526135, 0.02355034649372101, 0.015436515212059021, 0.05334412679076195, -0.042064499109983444, -0.024402083829045296, 0.01946965791285038, -0.04566241800785065, -0.005870554596185684, -0.044740866869688034, 0.026460109278559685, 0.03871168941259384, 0.0055818939581513405, 0.013072165660560131, -0.0094040771946311, 0.017978761345148087, 0.02311147190630436, -0.05923160910606384, -0.006422571837902069, 0.031210219487547874, -0.015769245103001595, 0.004831903614103794, -0.007656905334442854, 0.016787908971309662, 0.017510296776890755, 0.028658395633101463, -0.011694740504026413, -0.042774099856615067, -0.035569094121456146, 0.006805799901485443, 0.0035842799115926027, 0.04824303835630417, 0.02593807689845562, -0.05493273586034775, 0.015132692642509937, -0.011669972911477089, 0.02679031528532505, -0.014797350391745567, -0.05837350711226463, 0.04209946095943451, 0.07275605201721191, -0.002987195271998644, -0.040500935167074203, 0.0010285325115546584, -0.04083040729165077, 0.018686337396502495, -0.137879878282547, -0.009360804222524166, 0.030333414673805237, -0.047502197325229645, 0.04781452938914299, 0.06194354593753815, -0.06585512310266495, -0.03335612267255783, -0.017560379579663277, -0.030068831518292427, -0.009481875225901604, -0.05530702322721481, 0.060594089329242706, 0.005635121371597052, -0.015253637917339802, 0.0424603670835495, -0.02909303456544876, -0.0007643458084203303, 0.015998389571905136, 0.01704561337828636, -0.015584852546453476, 0.1326586902141571, 0.009405192919075489, -0.022613096982240677, 0.0037000742740929127, 0.03385242447257042, -0.018166569992899895, 0.013796387240290642, -0.036298688501119614, 0.07340771704912186, -0.011696225963532925, 0.0368863120675087, -0.0037573720328509808, 0.0028931007254868746, -0.06093616783618927, -0.008453773334622383, 0.015624767169356346, -0.0384460873901844, 0.010143513791263103, 0.009516836144030094, -0.03193821385502815, 0.03100377321243286, -0.003952953033149242, 0.037830647081136703, 0.009096099995076656, -0.0024164775386452675, -0.0279522817581892, -0.032295111566782, 0.0070413327775895596, 0.0071960133500397205, -0.014439363963901997, 0.0046066585928201675, 0.03145008161664009, 0.03129654750227928, 0.003206993918865919, 0.04158536717295647, 0.03508997708559036, 0.046958547085523605, -0.05203595384955406, 0.039224494248628616, 0.005679698660969734, -0.02043318934738636, 0.045292388647794724, 0.02889460138976574, 0.016070306301116943, 0.025592030957341194, -0.02810627780854702, 0.009235316887497902, -0.024179384112358093, 0.010715303011238575, 0.03452103212475777, 0.00010239965922664851, -0.0017107402672991157, 0.02579246088862419, -0.020715128630399704, 0.031699273735284805, -0.010650448501110077, -0.058665480464696884, -0.029460839927196503, -0.02652142569422722, -0.029305996373295784, -0.0108791533857584, -0.004613346885889769, 0.001201529405079782, -0.05212702602148056, 0.01806173473596573, -0.022730378434062004, 0.010446921922266483, -0.008292270824313164, 0.02324891835451126, 0.03886277601122856, 0.025409890338778496, 0.008432413451373577, -0.0206847433000803, -0.011891797184944153, -0.009631401859223843, -0.009575681760907173, -0.003188248723745346, 0.010226644575595856, 0.02547132410109043, 0.006229663733392954, -0.013463694602251053, 0.01250160951167345, 0.01762552000582218, -0.042398601770401, 0.039882954210042953, 0.03695129230618477, -0.05963906645774841, 0.0482906848192215, -0.013354805298149586, -0.02459488809108734, 0.03164312615990639, 0.020099954679608345, 0.051768723875284195, -0.014201277866959572, -0.04641365632414818, -0.010161043144762516, 0.026127006858587265, 0.08254086226224899, 0.006728056352585554, -0.008906383998692036, -0.02896990068256855, -0.02619333751499653, 0.008863404393196106, 0.002651871182024479, -0.02215256541967392, -0.020822377875447273, -0.004463686142116785, 0.010215193964540958, -0.033547770231962204, 0.0006261156522668898, -0.008967528119683266, 0.004888751078397036, 0.012639760039746761, -0.0253404900431633, 0.033280160278081894, 0.0800376906991005, 0.017790567129850388, 0.07740384340286255, 0.0014751896960660815, 0.006890210323035717, -0.024793779477477074, -0.005277808755636215, 0.02420552633702755, 0.05313222110271454, -0.03265894204378128, 0.053854528814554214, -0.0014570332132279873, -0.013517016544938087, 0.03643754869699478, -0.05892667919397354, -0.022616276517510414, 0.009241679683327675, 0.0742037445306778, -0.05761317163705826, -0.04676535725593567, 0.00648114550858736, 0.03684625402092934, 0.006104657892137766, -0.02293562889099121, 0.033125996589660645, 0.04492111876606941, -0.053540751338005066, -0.012351727113127708, 0.02627238817512989, -0.025712504982948303, -0.049225520342588425, 0.03801185265183449, -0.017982276156544685, 0.02043306455016136, -0.01136187557131052, -0.0073055909015238285, -0.04937086999416351, -0.038176797330379486, -0.07484280318021774, -0.008389520458877087, -0.02559736557304859, -0.029767796397209167, 0.02169925719499588, -0.04385792836546898, -0.008832684718072414, 0.029356660321354866, 0.09368463605642319, -0.11355603486299515, -0.026172282174229622, 0.010676533915102482, 0.009759540669620037, 0.010972895659506321, 0.0014118722174316645, -0.02063632197678089, 0.08122571557760239, -0.02435234747827053, 0.018646128475666046, 0.005286570638418198, 0.030318517237901688, -0.018545741215348244, -0.007691334001719952, 0.00863517913967371, 0.03774941712617874, -0.023839550092816353, -0.07419086247682571, 0.023485329002141953, 0.023939982056617737, 0.010817540809512138, -0.049609892070293427, -0.05172571539878845, -0.010135781019926071, 0.02051164023578167, -0.060063231736421585, 0.00846607144922018, -0.04537692293524742, -0.028871389105916023, -0.07968640327453613, 0.03543858230113983, -0.01754041761159897, 0.018529092893004417, 0.046702250838279724, 0.013951973989605904, 0.05742848664522171, 0.006852242164313793, 0.03875578194856644, -0.05712954327464104, 0.07919339090585709, -0.005412991624325514, 0.0008180878940038383, -0.007248326670378447, 0.02961018495261669, -0.018922867253422737, 0.016355575993657112, 0.014298278838396072, 0.006395348813384771, -0.007537880912423134, -0.047002483159303665, -0.012202407233417034, -0.019466595724225044, 0.003454709891229868, -0.006035780534148216, 0.004967025946825743, -0.05585257709026337, 0.07369526475667953, 0.0019511429127305746, -0.04184524714946747, 0.014769426546990871, 0.015496402978897095, -0.03606424480676651, 0.06419461220502853, -0.005759865045547485, 0.0270459596067667, -0.0030232116114348173, 0.006461316719651222, -0.00930745154619217, -0.0974070206284523, 0.07119224220514297, -0.03943723812699318, 0.01544240117073059, -0.05570140480995178, 0.0321013517677784, 0.06097865849733353, 0.013355745933949947, -0.02917185239493847, -0.047296397387981415, -0.013185816816985607, 0.005690697580575943, -0.031484346836805344, 0.04197185859084129, 0.05238024890422821, 0.04192423075437546, -0.025863222777843475, -0.011031821370124817, 0.07666271179914474, -0.07396925985813141, 0.03420518338680267, -0.05714113637804985, 0.04058237373828888, -0.04109220579266548, 0.06273159384727478, -0.08796263486146927, -0.017193978652358055, -0.005194570869207382, 0.058267828077077866, 0.03255542740225792, -0.06620864570140839, -0.018830254673957825, 0.002057286212220788, -0.06318490952253342, -0.02721702866256237, -0.008439794182777405, 0.004245203919708729, -0.03441383317112923, 0.00743469363078475, 0.001258783508092165, -0.014112901873886585, 0.005252614617347717, -0.007395363412797451, 0.007020146586000919, -0.01227547600865364, -0.04276083782315254, -0.03266362473368645, 0.00920279324054718, -0.01751565933227539, 0.02146061509847641, 0.011575178243219852, -0.01607132889330387, -0.02365829050540924, -0.0051722596399486065, -0.019428221508860588, 0.011197865009307861, 0.009949401021003723, -0.039812132716178894, -0.02670760452747345, -0.047424670308828354, -0.048098497092723846, 0.006220471113920212, 0.05112432315945625, -0.02012139931321144, 0.032585568726062775, -0.07109493762254715, 0.00746742682531476, 0.05451422557234764, -0.023640697821974754, -0.026625871658325195, -0.017938483506441116, -0.05074992775917053, 0.004163883626461029, 0.0641932412981987, -0.0028841900639235973, -0.0037993674632161856, -0.022762328386306763, -0.040999218821525574, 0.028736906126141548, 0.022041084244847298, -0.03972050920128822, 0.05336998403072357, 0.015642130747437477, -0.011556431651115417, -0.04110851138830185, -0.020414620637893677, -0.018441088497638702, -0.011096836067736149, 0.039535120129585266, -0.038689661771059036, 0.01987634412944317, 0.010405141860246658, 0.051787395030260086, 0.02669386751949787, -0.009551450610160828, 0.017285238951444626, 0.02083984576165676, -0.04590381309390068, -0.05915696546435356, -0.017138082534074783, -0.043117720633745193, -0.06254009902477264, 0.02439354732632637, 0.03254469484090805, -0.02306908182799816, 0.07831539213657379, -0.029776955023407936, 0.00112831499427557, 0.04192328825592995, 0.01651228405535221, -0.014036152511835098, 0.05480484664440155, 0.056252725422382355, 0.0009165811352431774, -0.034391261637210846, -0.0009588718530721962, -0.017261946573853493, -0.013332106173038483, 0.0070417337119579315, 0.014418598264455795, 0.05969448760151863, 0.03137333691120148, -0.03448125347495079, -7.115506812501286e-33, -0.011724637821316719, -0.02025822550058365, 0.019455375149846077, 0.05805141106247902, 0.038885463029146194, -0.03186645731329918, 0.002147537423297763, 0.011503245681524277, -0.0559060238301754, -0.01358692068606615, 0.016414249315857887, 0.029371442273259163, 0.028172282502055168, -0.026464194059371948, -0.03518906235694885, 0.06977726519107819, 0.01647285930812359, -0.045945629477500916, 0.03163575008511543, -0.01765131764113903, 0.007565612904727459, 0.016403133049607277, -0.0010894333245232701, 0.07471365481615067, 0.06899307668209076, 0.010126065462827682, 0.021787229925394058, -0.0009613069705665112, -0.039739616215229034, -0.022164883092045784, 0.06120594963431358, 0.02671346440911293, -0.005526234861463308, 0.035451922565698624, -0.021916883066296577, -0.04633910208940506, 0.022356370463967323, -0.01985940895974636, -0.02001732774078846, -0.0008886472205631435, 0.016456132754683495, -0.009187710471451283, 0.025221556425094604, 0.0010301708243787289, -0.0683191642165184, -0.11099005490541458, -0.0024733548052608967, 0.0024382544215768576, -0.009564786218106747, -0.012240370735526085, -0.007854430004954338, -0.0006743238773196936, 0.016107026487588882, 0.0013953043380752206, -0.015340386889874935, 0.004999229684472084, 0.015868233516812325, -0.04927290230989456, -0.021939117461442947, -0.03149973601102829, 0.027296168729662895, 0.06819293648004532, -0.008304298855364323, -0.012832939624786377, 0.030251286923885345, -0.005709255579859018, 0.042681578546762466, 0.008203702978789806, 0.03396611288189888, 0.043526824563741684, 0.03283575549721718, -0.045605506747961044, -0.03857814520597458, -0.013136198744177818, 0.09382449835538864, -0.02954891324043274, -0.03252358362078667, 0.022075170651078224, 0.02869446948170662, 0.014210137538611889, -0.02919105626642704, -0.025585439056158066, 0.022098803892731667, 0.012639432214200497, -0.021748367697000504, -0.02784186601638794, -0.02008422091603279, -0.0649481937289238, 0.008682513609528542, -0.03005174547433853, 0.08633289486169815, 0.07194975018501282, 0.007136340718716383, -0.02414417266845703, -0.030687937512993813, -0.06457125395536423, 0.05357453227043152, 0.04265301674604416, -0.05916891619563103, -0.0008936158264987171, 0.06948196142911911, -0.0017267996445298195, 0.020791953429579735, 0.01057799719274044, 0.022658387199044228, -0.0023291627876460552, 0.02220909669995308, 0.020767273381352425, 0.003596118651330471, -0.010819594375789165, 0.008687783032655716, 0.01781649701297283, 0.03548986837267876, 0.04412839189171791, -0.04597027599811554, 0.011320003308355808, 0.0367765873670578, -0.05933259800076485, 0.006927568465471268, -0.012431693263351917, 0.012823987752199173, -0.03737450763583183, 0.01883174292743206, -0.026423711329698563, -0.03729434683918953, -0.025020234286785126, 0.035698771476745605, 0.11155573278665543, -0.07952839136123657, 0.009588921442627907, -0.03285769745707512, -0.004442495759576559, 2.6415904130772105e-07, -0.0015082746976986527, -0.001099518733099103, -0.03612025827169418, -0.054365795105695724, 0.03744257986545563, -0.046956855803728104, -0.04599668085575104, 0.0088408924639225, 0.05430932715535164, -0.04408879950642586, 0.012304679490625858, -0.017261289060115814, -0.010243707336485386, -0.005874039139598608, 0.04877123609185219, -0.043804947286844254, 0.05829935893416405, -0.00465765967965126, -0.0010576731292530894, 0.01745857298374176, -0.009100002236664295, 0.008300253190100193, 0.015274622477591038, -0.033332742750644684, 0.035483844578266144, 0.02920670248568058, 0.016590073704719543, -0.11071761697530746, 0.021646350622177124, -0.012060843408107758, -0.0003661812224891037, 0.07517965883016586, 0.042480140924453735, -0.029040437191724777, 0.011660357937216759, 0.007023093290627003, -0.023817220702767372, 0.0159438569098711, -0.057786304503679276, 0.029612218961119652, -0.0004584674024954438, -0.023021088913083076, -0.009646425023674965, -0.041426222771406174, -0.005686433054506779, 0.03978535532951355, -0.002817336702719331, 0.014121531508862972, -0.053579483181238174, -0.03024999424815178, 0.0013430094113573432, -0.018349526450037956, 0.014396440237760544, -0.018686775118112564, 0.01353555079549551, 0.015624149702489376, 0.0011818077182397246, -0.013528070412576199, 0.030977649614214897, 0.013866811990737915, -0.004679745528846979, -0.04007430374622345, 0.029719935730099678, 0.10146200656890869, -0.04121720418334007, 0.008980068378150463, -0.0016624473500996828, 1.6900735461738451e-34, -0.0035631773062050343, -0.002277223626151681, 0.048257362097501755, -0.014139007776975632, 0.01654059812426567, -0.020180650055408478, 0.03045791946351528, -0.03738202899694443, 0.012187623418867588, -0.03612552955746651, -0.07063331454992294], 'similarity': 0.06573905933035405}, {'name': 'Moudjahid Moussa', 'date': '2023-09-28', 'followers': 369, 'impressions': 1024, 'engagement_rate': 0.0896, 'num_videos': 2, 'num_images': 2, 'num_carousels': 0, 'impressions_embedding': [0.00892145186662674, 0.012687889859080315, -0.010727380402386189, 0.0002813438477460295, 0.02209431119263172, 0.01087526511400938, -0.023364122956991196, 0.021344037726521492, -0.06362825632095337, 0.0044645583257079124, 0.009800919331610203, -0.04900350794196129, 0.019552072510123253, 0.025849543511867523, 0.03752462565898895, -0.024728205054998398, 0.009749761782586575, 0.009536500088870525, -0.0029809584375470877, -0.005364995449781418, -0.05168403685092926, -0.03529595583677292, 0.008792320266366005, -0.0036712486762553453, -0.058887965977191925, -0.037711188197135925, -0.014104845933616161, -0.01799355261027813, -0.006169302389025688, 0.02920784428715706, -0.05669436603784561, -0.054814644157886505, 0.03318757563829422, 0.01900150626897812, 1.7505095684100525e-06, -0.034165456891059875, 0.019486943259835243, 0.031738247722387314, -0.03208651393651962, 0.05488036572933197, 0.07192526012659073, 0.011756041087210178, -0.013322968035936356, -0.012815641239285469, 0.02215505950152874, -0.02340865507721901, -0.016593707725405693, 0.018945112824440002, 0.01959630660712719, -0.0011550970375537872, 0.0014130285708233714, -0.061105359345674515, 0.10507474839687347, -0.005928338039666414, 0.08492753654718399, -0.09155337512493134, 0.013895686715841293, 0.03978566825389862, -0.005759989842772484, 0.024249209091067314, 0.02459772303700447, 0.0003844020830001682, 0.007365634199231863, -0.04967081919312477, -0.023618970066308975, -0.03437008336186409, -0.056786950677633286, -0.02112458273768425, 0.019123071804642677, 0.008666001260280609, 0.030395301058888435, 0.05819956958293915, -0.008831905201077461, 0.0319860614836216, -0.002485597040504217, -0.07934512197971344, 0.06782504916191101, 0.05106835439801216, -0.009363001212477684, -0.055265143513679504, 0.005642841104418039, -0.0035185543820261955, 0.042983464896678925, -0.04591253399848938, 0.0007471269345842302, -0.037521664053201675, 0.032138604670763016, 0.023250233381986618, 0.024801434949040413, -0.0009075851994566619, -0.055558547377586365, -0.03789447247982025, -0.04962862282991409, 0.015789559110999107, -0.019845949485898018, 0.00507550872862339, 9.579744073562324e-05, -0.026739876717329025, 0.016348255798220634, -0.06237058714032173, 0.03270658105611801, 0.040734585374593735, 0.050970666110515594, 0.03030969575047493, -0.0025370516814291477, 0.07330551743507385, -0.05402923375368118, -0.07145305722951889, 0.02678733319044113, 0.04445158317685127, 0.022620391100645065, -0.006353601347655058, -0.05240106210112572, 0.010666834190487862, 0.04445451870560646, 0.004970317706465721, 0.034580495208501816, 0.01848144270479679, -0.012011955492198467, 0.07282653450965881, 0.010932687669992447, -0.03475058823823929, 0.030398933216929436, 0.021548941731452942, -0.019809145480394363, 0.0073397401720285416, -0.07040337473154068, -0.050704605877399445, -0.021782243624329567, -0.07095110416412354, 0.011301444843411446, -0.030015652999281883, -0.023311497643589973, -0.07969331741333008, -0.002094258088618517, -0.0644862949848175, -0.01748831756412983, 0.014920080080628395, 0.062036775052547455, -0.05003521218895912, 0.03114178404211998, -0.02456064149737358, -0.02307143621146679, -0.009087707847356796, 0.016720052808523178, 0.019929364323616028, -0.008994702249765396, 0.015634063631296158, 0.02693961374461651, 0.035560980439186096, 0.027390683069825172, -0.02460819110274315, -0.02433478645980358, -0.014335052110254765, 0.05085397884249687, 0.002148045925423503, 0.0801280066370964, 0.001248383428901434, 0.0022053520660847425, 0.027065956965088844, 0.018984396010637283, -0.010241998359560966, 0.00402864022180438, -0.0016683731228113174, 0.00774497352540493, 0.017788445577025414, -0.06684784591197968, 0.030671844258904457, 0.009397611953318119, 0.03539479151368141, -0.059613119810819626, 0.03775818645954132, 0.0018989965319633484, -0.01941526122391224, 0.026310080662369728, 0.029475638642907143, 0.042006008327007294, -0.012300466187298298, -0.052424993366003036, -0.016734400764107704, 0.039329465478658676, -0.17732352018356323, -0.014505523256957531, -0.008179263211786747, 0.052793361246585846, 0.020153217017650604, 0.12750616669654846, -0.022545550018548965, -0.0033009399194270372, 0.013677841983735561, 0.02289152331650257, -0.002866172231733799, -0.018168700858950615, 0.006895602215081453, -0.007787699811160564, -0.06997239589691162, -0.0037738194223493338, -0.014072843827307224, -0.014347553253173828, 0.0067046326585114, 0.0023286202922463417, -0.04125356301665306, 0.06672752648591995, 0.09453929960727692, -0.036751579493284225, -0.016507839784026146, 0.02006208710372448, -0.014311517588794231, -0.021498167887330055, -0.02506878972053528, 0.04026547819375992, 0.01668396405875683, 0.05292117968201637, 0.04708864539861679, -0.003922837786376476, -0.006090485956519842, 0.020299676805734634, -0.0050309207290410995, 0.03403184190392494, -0.0329439714550972, -0.03905394673347473, -0.057346146553754807, 0.03047811985015869, 0.024025607854127884, -0.017598586156964302, -0.019714947789907455, -0.008432475849986076, -0.049651503562927246, -0.08196338266134262, 0.007942910306155682, 0.03021680749952793, -0.024619776755571365, 0.03679525479674339, 0.021839657798409462, 0.015924222767353058, -0.03985991328954697, -0.024305202066898346, -0.061433956027030945, 0.015443292446434498, 0.03867772966623306, 0.02951546013355255, -0.017670392990112305, 0.022707851603627205, 0.04085417836904526, 0.01877211593091488, -0.05939892679452896, -0.05128346383571625, -0.005679994821548462, -0.05408696085214615, -0.03307408094406128, -0.004012509249150753, 0.04883186146616936, 0.026901839300990105, -0.003602332202717662, 0.019803062081336975, 0.006403789389878511, 0.029750904068350792, -0.004187356680631638, -0.038572121411561966, -0.053821027278900146, -0.027785155922174454, -0.001883422490209341, 0.032162878662347794, -0.012836395762860775, -0.0030597453005611897, -0.0026108783204108477, 0.019608622416853905, 0.021046774461865425, -0.020619969815015793, -0.024416612461209297, -0.02675294689834118, 0.09600134193897247, -0.015709448605775833, 0.019121842458844185, -0.01039762981235981, -0.014632017351686954, -0.02049083262681961, 0.021282244473695755, 0.009456302970647812, 0.029740456491708755, 0.05174287408590317, 0.052352748811244965, 0.0180463008582592, 0.012539098970592022, 0.01457183063030243, 0.023823978379368782, -0.0003342569398228079, 0.02723703905940056, 0.005329332780092955, 0.01718757301568985, 0.016450179740786552, 0.026697052642703056, -0.002888658782467246, -0.019444482401013374, -0.007045060861855745, 0.0020777254831045866, -0.046857137233018875, 0.010376363061368465, 0.016090968623757362, 0.021504677832126617, 0.03514586761593819, -0.018380729481577873, -0.0022613368928432465, -0.02572236768901348, 0.007936264388263226, -0.0869561955332756, -0.02521245926618576, 0.019381461665034294, 0.05470452457666397, 0.08135497570037842, -0.027734022587537766, 0.04223416745662689, -0.03092164918780327, -0.017456622794270515, 0.029427196830511093, 0.031230436637997627, 0.02336273156106472, 0.044728439301252365, 0.019334735348820686, 0.06119866296648979, -0.01659994199872017, 0.04685599356889725, -0.010373776778578758, 0.042595766484737396, 0.022759605199098587, 0.0384979322552681, 0.040476348251104355, 0.05595146492123604, 0.015661809593439102, -0.016377627849578857, 0.015765318647027016, -0.05936645716428757, 0.00020540517289191484, 0.050414688885211945, -0.021493427455425262, -0.011533087119460106, -0.026796508580446243, -0.05140405520796776, -0.009723236784338951, -0.017112603411078453, -0.021094299852848053, 0.018283868208527565, 0.0067704240791499615, -0.061620377004146576, 0.01028131227940321, -0.0006447462947107852, -0.01709129847586155, 0.0024425166193395853, 0.006149237975478172, -0.0383063443005085, 0.04460872337222099, 0.038518406450748444, 0.007940195500850677, 0.0024143068585544825, -0.010095176286995411, -0.07629965245723724, -0.0008594319224357605, 0.05710634961724281, -0.02083655074238777, 0.009630412794649601, 0.04353763163089752, -0.006999200209975243, -0.008804375305771828, 0.04551275819540024, -0.008624457754194736, 0.04221240431070328, 0.06200437992811203, 0.007832080125808716, -0.08478792011737823, 0.007168131414800882, 0.09307334572076797, 0.0187306459993124, -0.01858346350491047, 0.02041822113096714, -0.029074646532535553, -0.045171454548835754, -0.0354287289083004, -0.001666287542320788, -0.027043281123042107, 0.007636400405317545, 0.004083071369677782, 0.00646645063534379, 0.01156556885689497, 0.003193972399458289, 0.009646875783801079, -0.054762911051511765, -0.007843229919672012, -0.019582703709602356, -0.06336966156959534, -0.02975342608988285, 0.005731978453695774, -0.017836490646004677, -0.053427375853061676, 0.011589945293962955, 9.238539496436715e-05, -0.03168698772788048, 0.018272310495376587, 0.012978796847164631, 0.019665854051709175, 0.03969746455550194, -0.017105761915445328, -0.0023638498969376087, 0.024613911285996437, 0.05147377401590347, -0.027050381526350975, -0.008594688959419727, 0.031179603189229965, 0.013327663764357567, -0.035905446857213974, -0.06226029992103577, -0.053692031651735306, -0.019603688269853592, 0.009494030848145485, 0.041939057409763336, -0.018647588789463043, -0.025430219247937202, -0.00013401788601186126, 0.02542980946600437, -0.04460708051919937, -0.07840065658092499, 0.03262260928750038, 0.06212100386619568, -0.035790618509054184, 0.08540557324886322, 0.0071632592007517815, 0.008112099021673203, 0.03175141662359238, 0.0010281577706336975, -0.0007291771471500397, -0.017923370003700256, -0.0216962993144989, -0.01698470115661621, -0.024375688284635544, -0.002397892065346241, 0.04981787130236626, -0.004036689642816782, -0.01356307603418827, -0.006717624608427286, 0.05146225169301033, -0.02551545761525631, 0.03107415698468685, -0.008911892771720886, -0.044364675879478455, 0.016621680930256844, -0.034563906490802765, 0.03041873127222061, -0.026897447183728218, 0.029931288212537766, -0.03559654578566551, 0.03323488309979439, 0.07897981256246567, -0.0838869959115982, 0.04989045113325119, -0.09195473790168762, 0.03808065503835678, -0.007505579851567745, 0.046356119215488434, -0.04958458989858627, -0.019368421286344528, -0.0035270112566649914, 0.04033578187227249, 0.01697394624352455, -0.048822905868291855, -0.01892821490764618, -0.007765427231788635, -0.14011411368846893, -0.0201264675706625, -0.05271320417523384, -0.0007000063778832555, -0.050096213817596436, -0.05696982890367508, 0.016915462911128998, -0.016813356429338455, 0.027849538251757622, -0.03614487126469612, 0.049056801944971085, -0.035261571407318115, -0.006104249507188797, 0.04186714068055153, -0.0021196398884058, -0.0056833564303815365, -0.032801732420921326, 0.0007704233285039663, -0.0626400038599968, 0.015322128310799599, -0.04085668548941612, -0.004806349519640207, -0.018689848482608795, -0.015233900398015976, 0.017310641705989838, 0.02616245485842228, -0.03711695224046707, -0.04591215401887894, -0.03208967670798302, 0.057057540863752365, -0.03203804790973663, -0.02089107409119606, -0.05385385826230049, 0.016749436035752296, 0.03077557124197483, -0.002319416729733348, -0.0011017974466085434, -0.025664424523711205, -0.0311821848154068, -0.04833836853504181, 0.05057897791266441, 0.01064896397292614, -0.021527668461203575, -0.03064775839447975, -0.019056411460042, 0.04953393340110779, 0.06881995499134064, -0.029301390051841736, 0.01016601175069809, 0.032039038836956024, 0.036643125116825104, -0.030265294015407562, -0.022656580433249474, -0.0431436188519001, -0.022766929119825363, -0.0036378465592861176, -0.03798152506351471, -0.0074712359346449375, 0.005700076464563608, 0.03523370251059532, 0.009270907379686832, 0.006517456378787756, -0.014558174647390842, 0.017834598198533058, 0.03986246883869171, -0.0007620998658239841, -0.000211884529562667, 0.019941125065088272, 0.017923768609762192, 0.00533889839425683, 0.121610127389431, -0.06781800091266632, 0.07615020871162415, -0.00892131682485342, 0.04269523546099663, 0.027069618925452232, -0.03896903619170189, -0.021306652575731277, -0.0022234139032661915, 0.004773417953401804, 0.032494209706783295, 0.01697807013988495, -0.007854368537664413, 0.00872286781668663, 0.007100224960595369, -0.020237615332007408, 0.06058920919895172, -0.013686291873455048, 0.05739779770374298, -0.031569477170705795, -5.826849824577245e-33, 0.01232888549566269, 0.014072953723371029, 0.009615277871489525, -0.0184159092605114, -0.060563717037439346, -0.016059191897511482, 0.03290766477584839, -0.07221236824989319, -0.03333594650030136, 0.0254284106194973, -0.04225049167871475, 0.005015199072659016, 0.01947556622326374, -0.007254698779433966, -0.018904663622379303, 0.035879626870155334, -0.00543395197018981, -0.0033600851893424988, -0.013998931273818016, -0.03913853317499161, -0.018335966393351555, -0.007136940490454435, -0.0019803254399448633, 0.06443613022565842, 0.03110400214791298, -0.015958093106746674, 0.0476432703435421, -0.009796040132641792, 0.03734304755926132, -0.014012940227985382, -0.011348797008395195, 0.03522061929106712, -0.014391422271728516, -0.04473377391695976, 0.010163543745875359, 0.011647967621684074, 0.02163194864988327, -0.0312314722687006, -0.018868694081902504, 0.022366048768162727, -0.03531675785779953, -0.04693160578608513, -0.0018307501450181007, -0.008585755713284016, -0.03986167535185814, -0.018960757181048393, 0.02128651924431324, -0.043181706219911575, 0.006123560946434736, 0.032246895134449005, 0.012789137661457062, 0.019767120480537415, 0.0043250820599496365, 0.028433358296751976, -0.05247064679861069, -0.01745213381946087, 0.01413208618760109, -0.06108882278203964, -0.0036050109192728996, 0.003222760045900941, 0.050936900079250336, 0.019729236140847206, -0.05032170191407204, -0.011460048146545887, 0.033609844744205475, -0.03955968841910362, 0.031988393515348434, 0.01501154899597168, -0.047957826405763626, 0.05909162759780884, -0.03685637190937996, 0.07381404936313629, 0.03941565752029419, 0.007316097617149353, 0.050748541951179504, -0.031076913699507713, -0.006745642051100731, -0.037667326629161835, 0.054779693484306335, -0.020512090995907784, 0.03099018521606922, -0.03993277624249458, 0.05522075667977333, -0.00640498660504818, -0.04577501490712166, -0.005918519571423531, 0.0011110868072137237, -0.003790280083194375, 0.013719756156206131, -0.020137431100010872, 0.005592683795839548, 0.038487546145915985, -0.00017002690583467484, -0.018846428021788597, -0.00875162798911333, -0.0008039126405492425, 0.038695141673088074, 0.019089432433247566, 0.0019380658632144332, 0.02498987317085266, 0.09881654381752014, 0.021438924595713615, -2.983313606819138e-05, 0.010067122057080269, -0.0008282914641313255, 0.007500218227505684, -0.08335791528224945, 0.002292985562235117, -0.011748826131224632, -0.013596628792583942, -0.02056306228041649, -0.006395522505044937, -0.0073883142322301865, 0.05623146891593933, 0.008584250696003437, 0.02611244097352028, -0.0051389713771641254, -0.05061028525233269, -0.027935583144426346, -0.03555290028452873, 0.037674661725759506, -0.08394985646009445, -0.025192072615027428, 0.022392945364117622, -0.0039908974431455135, 0.011547532863914967, -0.04940487816929817, -0.004901331849396229, -0.06771973520517349, 0.03076297603547573, -0.006174047477543354, -0.015511401928961277, 2.295583527711642e-07, -0.025102855637669563, 0.002285911701619625, -0.01652386598289013, 0.003558924188837409, 0.009595212526619434, -0.013959106057882309, -0.036604490131139755, 0.013673017732799053, 0.03323603421449661, -0.08520559221506119, -0.04254310950636864, -0.013388369232416153, -0.022112518548965454, -0.024867920204997063, 0.05472894757986069, -0.008605330251157284, 0.019996747374534607, 0.0303095243871212, 0.0009072688990272582, 0.027659444138407707, 0.02777455933392048, 0.011719212867319584, -0.005128900986164808, 0.03222814202308655, 0.02039366587996483, 0.00333330943249166, 0.011038113385438919, -0.08839483559131622, 0.022059505805373192, -0.009806379675865173, 0.07837723195552826, -0.003946478944271803, 0.03769010305404663, 0.05674664303660393, 0.04032853618264198, 0.0008952314965426922, 0.006470382213592529, 0.0712553933262825, 0.00016765273176133633, 0.004074271768331528, -0.009721445851027966, -0.08598865568637848, 0.010354483500123024, -0.05908672511577606, 0.01641669124364853, 0.08749280124902725, -0.042921531945466995, 0.019507212564349174, -0.01199414487928152, -0.08288531750440598, -0.004073077812790871, 0.016460832208395004, 0.053467266261577606, 0.024677561596035957, 0.04711232706904411, -0.013045569881796837, -0.023879600688815117, 0.00047567638102918863, -0.03662427142262459, -0.042991653084754944, 0.0038991416804492474, -0.07328905165195465, 0.021443713456392288, 0.08728709816932678, 0.04537633806467056, 0.013946348801255226, 0.007444520480930805, 1.0948030921230685e-34, -0.04313989728689194, 0.003969397861510515, 0.05965491384267807, -0.01055124495178461, 0.02629080042243004, -0.023157283663749695, -0.009956440888345242, -0.025685621425509453, 0.037685129791498184, -0.06626579910516739, 0.010798530653119087], 'engagement_rate_embedding': [-0.030648810788989067, -0.09764200448989868, -0.0069030169397592545, -0.012326190248131752, -0.006275170017033815, -0.0015082546742632985, -0.03873080387711525, -0.07082593441009521, -0.03054090030491352, -0.008456983603537083, -0.0004014408332295716, -0.0022389849182218313, 0.005571442190557718, 0.03582768514752388, -0.04517862945795059, -0.02438189461827278, 0.019357359036803246, 0.015679307281970978, 0.079015351831913, 0.0005757077015005052, -0.02700059488415718, -0.05045834928750992, -0.016469843685626984, 0.011035575531423092, 0.038406211882829666, -0.03346819803118706, 0.008995169773697853, 0.010768214240670204, 0.006343776360154152, -0.014036207459867, -0.037935249507427216, -0.01205745805054903, 0.027023321017622948, 0.007230871822685003, 1.7069802424884983e-06, -0.04389612004160881, 0.0449763759970665, 0.06215484067797661, 0.011935453861951828, 0.023657996207475662, 0.003912777174264193, 0.06554125994443893, -0.014844746328890324, 0.028660640120506287, -0.01940959319472313, 0.02837834693491459, -0.003625211538746953, -0.0245050098747015, -0.09165912121534348, -0.007229353301227093, 0.020400788635015488, 0.03721051663160324, -0.019816530868411064, 0.010804140008985996, 0.0711456686258316, -0.08533265441656113, 0.02580980584025383, 0.06605885922908783, -0.032013796269893646, 0.050252486020326614, -0.010981111787259579, 0.04326282814145088, 0.004988105036318302, -0.0013863637577742338, -0.03101995959877968, -0.01540184486657381, 0.023725131526589394, 0.0003235284530092031, 0.044133510440588, -0.0011971149360761046, 0.08095409721136093, 0.04447654262185097, -0.05130971968173981, 0.06614812463521957, -0.024835174903273582, -0.02693508006632328, -0.044926539063453674, -0.004291154444217682, -0.007915017195045948, 0.011004029773175716, 0.006400276906788349, 0.02446172758936882, -0.004888091702014208, -0.004133624956011772, -0.044785067439079285, 0.051824990659952164, -0.005755327176302671, 0.01938384771347046, 0.06782985478639603, -0.05150016024708748, -0.0366896353662014, -0.06676378846168518, 0.031174547970294952, 0.007397209294140339, -0.02189621515572071, -0.03967772424221039, 0.013911638408899307, -0.012720952741801739, 0.022595519199967384, -0.058999817818403244, 0.030415643006563187, 0.0420059859752655, -0.004712600726634264, 0.042798593640327454, -0.06042669713497162, 0.013812103308737278, -0.017455849796533585, -0.005699662026017904, 0.04299114644527435, 0.0872272253036499, 0.03851563110947609, -0.02857978828251362, 0.035544902086257935, -0.026033736765384674, 0.042316172271966934, -0.04921324551105499, 0.012946742586791515, -0.014427587389945984, 0.019362833350896835, 0.01146190706640482, 0.040623679757118225, 0.0599474236369133, -0.022180866450071335, 0.01299737673252821, -0.08305151760578156, 0.03940676897764206, -0.0275089293718338, -0.007922912016510963, 0.020427627488970757, -0.01696658693253994, -0.002030126517638564, -0.021987643092870712, -0.006871869321912527, -0.027079058811068535, 0.04215586557984352, -0.0067957802675664425, 0.019694946706295013, 0.02452116273343563, 0.06338830292224884, -0.04330957680940628, -0.023185286670923233, 0.01981016993522644, -0.018158232793211937, -0.01822517439723015, -8.313384023495018e-05, 0.006705042906105518, 0.025454005226492882, -0.06148841232061386, 0.016031209379434586, 0.004038065206259489, 0.016919227316975594, 0.0003668545978143811, -0.07012813538312912, -0.012833913788199425, 0.020045477896928787, -0.0037211463786661625, -0.0033200238831341267, -0.046059899032115936, 0.01715676859021187, 0.020029526203870773, 0.024987386539578438, -0.016857268288731575, -0.024318667128682137, -0.02047685533761978, 0.005771226715296507, 0.014642837457358837, 0.03990351781249046, 0.03950245678424835, -0.08210356533527374, -0.008245028555393219, -0.02992227114737034, 0.05210797116160393, -0.016155289486050606, -0.038861509412527084, 0.030891921371221542, 0.07485267519950867, 0.02693827636539936, -0.009332947432994843, 0.011858339421451092, -0.005001934245228767, 0.04209016263484955, -0.13012227416038513, -0.01174024399369955, 0.02153547666966915, -0.007031991612166166, 0.05570375546813011, 0.10245469957590103, -0.0651918351650238, -0.024816682562232018, -0.011221298947930336, -0.0030448969919234514, 0.008085310459136963, -0.056816015392541885, 0.07101687788963318, -0.010598831810057163, -0.005578985903412104, 0.04219594597816467, -0.016121741384267807, -0.028972569853067398, 0.041713517159223557, 0.021617254242300987, -0.031240398064255714, 0.10558917373418808, 0.0048367721028625965, -0.007315711118280888, 0.016098633408546448, 0.02457438036799431, -0.0013962213415652514, 0.0011741486378014088, -0.0551338829100132, 0.07487520575523376, -0.005848560016602278, 0.04399384558200836, -0.0037846381310373545, 0.024711966514587402, -0.03015572763979435, -0.013142420910298824, 0.006169391330331564, -0.00949085969477892, -0.0011454488849267364, 0.0005525656160898507, -0.046794343739748, 0.0414053313434124, 0.016833120957016945, 0.006667592562735081, 0.029238490387797356, -0.042842425405979156, -0.07046234607696533, -0.04220651462674141, 0.0018358592642471194, -0.0194229818880558, -0.005038397386670113, -0.006724588572978973, 0.017812833189964294, -0.006540600210428238, -0.013727700337767601, 0.02115626446902752, -0.012716913595795631, 0.039680059999227524, -0.05938282236456871, 0.03768891841173172, -0.026910902932286263, -0.009674337692558765, 0.05118712782859802, 0.003387562232092023, 0.05192980915307999, 0.011909078806638718, -0.05405006557703018, -0.001021865988150239, 0.009589342400431633, -0.0094134621322155, 0.006317253224551678, -0.022812068462371826, -0.012433430179953575, 0.03278728574514389, 0.0019409589003771544, 0.02223283238708973, 0.014291225001215935, -0.06505222618579865, -0.01898699812591076, -0.02756430022418499, -0.025290485471487045, -0.03145143389701843, -0.0063970377668738365, 0.010732149705290794, -0.05148385465145111, 0.008148389868438244, -0.0525970421731472, -0.0075640929862856865, -0.0030689435079693794, 0.04924004524946213, 0.03480356186628342, -0.014285421930253506, 0.015515993349254131, -0.027440281584858894, 0.006717976648360491, -0.01340571977198124, -0.03223874792456627, 0.012171448208391666, 0.0009183207876048982, -0.0028444272466003895, -0.01793600805103779, -0.017817875370383263, -0.01130087859928608, 0.010558605194091797, -0.03553326427936554, 0.06896074116230011, 0.03301333263516426, -0.06770481914281845, 0.04579031839966774, 0.005507153924554586, -0.023045100271701813, 0.014009340666234493, 0.010560241527855396, 0.05879000574350357, -0.010876382701098919, -0.046098001301288605, -0.03916211053729057, 0.02946389652788639, 0.05498862266540527, 0.016321467235684395, -0.026176929473876953, -0.0324171744287014, -0.04479299113154411, -0.012310980819165707, 0.007410130929201841, -0.006119489669799805, 0.00837532989680767, -0.028141455724835396, 0.0381118580698967, 0.005766796879470348, -0.013057745061814785, 0.015295898541808128, -0.005132343154400587, -0.013085893355309963, -0.04512905701994896, 0.007104093674570322, 0.05781121924519539, 0.029948923736810684, 0.09515421092510223, 0.013051807880401611, 0.009321152232587337, -0.007003291510045528, -0.000831460754852742, 0.02549668215215206, 0.04218107461929321, -0.026110412552952766, 0.05505001172423363, -0.012639909982681274, -0.026922574266791344, 0.02803836017847061, -0.07660450786352158, -0.024956952780485153, -0.011443281546235085, 0.04593529552221298, -0.0570542998611927, -0.04846911132335663, -0.040935780853033066, 0.007047301158308983, -0.009142841212451458, -0.020391661673784256, 0.058200523257255554, 0.04524539038538933, -0.07086458057165146, -0.00024922803277149796, 0.025165215134620667, 0.006450971122831106, -0.052151184529066086, 0.025305386632680893, -0.041157957166433334, 0.014967177994549274, -0.0011829342693090439, -0.013807108625769615, -0.055550191551446915, -0.048790834844112396, -0.06938493251800537, 0.010689286515116692, -0.03641045466065407, -0.03389758989214897, 0.014051760546863079, -0.015633687376976013, 0.028694065287709236, 0.01901829056441784, 0.14670118689537048, -0.09760325402021408, -0.006277765613049269, 0.026421314105391502, 0.0002324387605767697, -0.0021401054691523314, 0.020165299996733665, 0.008590243756771088, 0.06594657897949219, -0.02233705297112465, 0.02764577604830265, 0.010510165244340897, 0.04118720069527626, -0.039293158799409866, -0.00450154161080718, -0.025071455165743828, 0.03952200338244438, -0.015422930009663105, -0.08108879625797272, 0.04009956866502762, 0.0322488434612751, -0.008943920955061913, -0.051214735954999924, -0.03702786564826965, -0.031484901905059814, -0.010616956278681755, -0.04852304980158806, 0.014726654626429081, -0.030606763437390327, -0.011191263794898987, -0.042261652648448944, 0.012134048156440258, -0.0007125985575839877, 0.042652517557144165, 0.035693056881427765, 0.022462960332632065, 0.04062161222100258, -0.005574814509600401, 0.03421061113476753, -0.008709254674613476, 0.08352376520633698, -0.004277176223695278, -0.021033786237239838, 0.0008506644517183304, 0.033517349511384964, -0.028175588697195053, 0.03293059021234512, 0.027344822883605957, 0.04276948794722557, -0.010089053772389889, -0.04008271172642708, -0.012124487198889256, -0.02220977284014225, -0.008565233089029789, -0.0228557325899601, 0.0013157763751223683, -0.06427454948425293, 0.06369443237781525, 0.01715349592268467, -0.034057240933179855, 0.002726936712861061, 0.03626896068453789, -0.06379792839288712, 0.043938685208559036, 0.013826580718159676, 0.02903505228459835, -0.01926826499402523, -0.014500940218567848, 0.0037965942174196243, -0.06495960056781769, 0.03938480094075203, -0.04547157138586044, 0.022648390382528305, -0.048555225133895874, 0.02620639279484749, 0.051339924335479736, -0.010340544395148754, -0.010895511135458946, -0.030598191544413567, -0.011591206304728985, 0.03870012238621712, -0.044489145278930664, 0.08031391352415085, 0.038078673183918, 0.05387795716524124, -0.03812108188867569, -0.02256902866065502, 0.07457257062196732, -0.07196686416864395, 0.04075320437550545, -0.050152406096458435, 0.06044243648648262, -0.03437826782464981, 0.030432788655161858, -0.1043018251657486, -0.00645127147436142, 0.008311597630381584, 0.038680702447891235, 0.02396847866475582, -0.05395999550819397, -0.030804524198174477, 0.0018094140104949474, -0.07045044004917145, -0.030833574011921883, 0.039195287972688675, -0.01815139502286911, -0.011025072075426579, -0.012960970401763916, -0.003015353810042143, -0.024905266240239143, -0.0015401577111333609, -0.011082285083830357, 0.016995053738355637, -0.022704215720295906, -0.01747102104127407, 0.014356340281665325, 0.0314728319644928, -0.007031669374555349, -0.0005777809419669211, -0.0011712763225659728, -0.018490469083189964, -0.03633873909711838, -0.03665038198232651, -0.007421230431646109, -0.009339747950434685, 0.011825544759631157, -0.04710385203361511, -0.02667062357068062, -0.03673859313130379, -0.024027468636631966, 0.028644325211644173, 0.05960583686828613, -0.0011550558265298605, -0.0013605154817923903, -0.05076364800333977, -0.006526192184537649, 0.05858439579606056, -0.0252943504601717, -0.01235406007617712, -0.02970089018344879, -0.03146030381321907, -0.0012054428225383162, 0.06183717027306557, 0.018642865121364594, 0.019687427207827568, -0.02116699144244194, -0.04869522899389267, 0.035965073853731155, 0.018135542050004005, -0.0009425656171515584, 0.031294889748096466, -0.0076196757145226, -0.0063340505585074425, -0.06181379780173302, -0.010843168944120407, -0.05001361295580864, 0.01533052884042263, 0.017934195697307587, -0.020933637395501137, 0.020279519259929657, 0.011756871826946735, 0.06793256103992462, 0.025461412966251373, 0.00019720396085176617, 0.015637151896953583, 0.014821038581430912, -0.035858068615198135, -0.05738883838057518, -0.040810540318489075, -0.03907264024019241, -0.05512290820479393, 0.03789853677153587, 0.017734549939632416, -0.07725349068641663, 0.0810978040099144, 0.011578213423490524, -0.007552494294941425, 0.06852132081985474, 0.002689711982384324, -0.006982930935919285, 0.08450935781002045, 0.041139133274555206, 0.028925105929374695, -0.05066040903329849, -0.0033778625074774027, -0.008982155472040176, 0.013957018963992596, -0.008677911944687366, 0.04269660636782646, 0.07367060333490372, 0.03728748857975006, -0.04233315959572792, -6.218621520555174e-33, 0.006762104108929634, -0.025854645296931267, 0.0073607005178928375, 0.04532475769519806, -0.0038351041730493307, -0.06199730187654495, -0.020222077146172523, -0.0011052587069571018, -0.04068870469927788, 0.014033199287950993, 0.00306683499366045, 0.0459105521440506, 0.02697298862040043, -0.014223976992070675, -0.00870341807603836, 0.04575026407837868, 0.00013869638496544212, -0.018182998523116112, 0.044259220361709595, -0.040605898946523666, 0.02341245487332344, 0.04259980842471123, 0.0411866270005703, 0.0672939196228981, 0.0981857106089592, 0.01923326402902603, 0.038856249302625656, -0.0016430732794106007, -0.0037084135692566633, -0.019999543204903603, 0.048771150410175323, 0.0237348061054945, -0.01822468265891075, -0.039169225841760635, -0.02535315975546837, -0.042889419943094254, 0.027898043394088745, -0.07176374644041061, -0.026627058163285255, -0.014480511657893658, 0.004987804219126701, 0.009415565989911556, 0.0005171435768716037, -0.005846729036420584, -0.03553788363933563, -0.09219730645418167, -0.0012375899823382497, -0.009313222952187061, 0.008054083213210106, -0.024900248274207115, -0.01813354715704918, -0.01177260372787714, 0.02483358606696129, -0.003330292645841837, 0.0013688512844964862, 0.0027078972198069096, 0.015601898543536663, -0.0439021959900856, -0.01600627601146698, -0.024528656154870987, 0.007925949990749359, 0.05354396626353264, -0.022402165457606316, -0.03116113506257534, 0.036644794046878815, -0.007266256492584944, -0.00427189702168107, -0.0022963820956647396, 0.017605334520339966, 0.027572572231292725, 0.03503357619047165, -0.07209312915802002, -0.03209448605775833, -0.01230593677610159, 0.062204066663980484, 0.014603032730519772, -0.016072459518909454, 0.012300840578973293, 0.0362946055829525, 0.0014635485131293535, -0.007856877520680428, 0.002194964559748769, 0.04394078999757767, 0.0010431944392621517, -0.02860497497022152, -0.03242434561252594, -0.016064897179603577, -0.05584418401122093, 0.013049931265413761, -0.02316068857908249, 0.07378491759300232, 0.08808208256959915, 0.025144856423139572, -0.010627947747707367, -0.03255384415388107, -0.04377039521932602, 0.04630275443196297, 0.02278229594230652, -0.04432744160294533, -0.009845925495028496, 0.04226158186793327, 0.008941970765590668, 0.009395565837621689, 0.009087800979614258, 0.025318613275885582, -0.030747251585125923, 0.015592173673212528, 0.040882859379053116, 0.01350456103682518, -0.024058064445853233, 0.024992356076836586, 0.028315549716353416, 0.057976461946964264, 0.03737336024641991, -0.03938574343919754, 0.0001916728651849553, 0.031118590384721756, -0.06843488663434982, -0.007019217126071453, 0.002084458712488413, 0.0044135465286672115, -0.00019919825717806816, 0.029131116345524788, -0.01735907420516014, -0.030309749767184258, -0.01462440937757492, 0.005618888419121504, 0.05065250024199486, -0.10427135229110718, 0.018016910180449486, -0.01964610442519188, 0.02035336010158062, 2.3624910738817562e-07, 0.004086022265255451, -0.028978846967220306, -0.03975755348801613, -0.01603715308010578, 0.034425828605890274, -0.04934804141521454, -0.04894382506608963, -0.007252276409417391, 0.08849368244409561, -0.07717202603816986, 0.046171315014362335, -0.0018728794530034065, -0.027000365778803825, -0.0076521215960383415, 0.040540196001529694, -0.017762091010808945, 0.0400397814810276, 0.00205601891502738, 0.019528305158019066, 0.0286667812615633, -0.028730453923344612, 0.004279498942196369, 0.005526556633412838, -0.013123775832355022, 0.028577495366334915, 0.02743474207818508, -0.009072626009583473, -0.117926225066185, 0.015572465024888515, -0.016202254220843315, -0.0017884793924167752, 0.08120830357074738, 0.06070240959525108, -0.03470364212989807, 0.011226280592381954, 0.019547702744603157, -0.008669103495776653, 0.0018499810248613358, -0.029245831072330475, 0.005623156670480967, -0.004967384040355682, -0.034101348370313644, 0.0033054635860025883, -0.028270017355680466, -0.004213406704366207, 0.0004843702190555632, -0.006572932470589876, -0.013976546004414558, -0.03351779282093048, -0.014000543393194675, 0.010680671781301498, -0.017595188692212105, 0.04290151596069336, -0.0037092827260494232, -0.0038664250168949366, 0.054871972650289536, -0.0007532704039476812, -0.04147360846400261, 0.013797708787024021, 0.04393879324197769, -0.0089989909902215, -0.024259621277451515, 0.0251457579433918, 0.0928734838962555, -0.024683447554707527, -0.005329528823494911, 0.013727064244449139, 1.0376374472690124e-34, -0.010117786936461926, 0.0011675407877191901, 0.027783680707216263, 0.017630133777856827, 0.02939554862678051, -0.015309417620301247, 0.029520248994231224, -0.04119826853275299, 0.011101549491286278, -0.06492974609136581, -0.07122562825679779], 'similarity': 0.03931784267952399}]}